Archive member included to satisfy reference by file (symbol)

C:/ST/STM32CubeIDE_1.14.1/STM32CubeIDE/plugins/com.st.stm32cube.ide.mcu.externaltools.gnu-tools-for-stm32.11.3.rel1.win32_1.1.100.202309141235/tools/bin/../lib/gcc/arm-none-eabi/11.3.1/../../../../arm-none-eabi/lib/thumb/v7e-m+fp/hard\libc_nano.a(libc_a-exit.o)
                              C:/ST/STM32CubeIDE_1.14.1/STM32CubeIDE/plugins/com.st.stm32cube.ide.mcu.externaltools.gnu-tools-for-stm32.11.3.rel1.win32_1.1.100.202309141235/tools/bin/../lib/gcc/arm-none-eabi/11.3.1/../../../../arm-none-eabi/lib/thumb/v7e-m+fp/hard/crt0.o (exit)
C:/ST/STM32CubeIDE_1.14.1/STM32CubeIDE/plugins/com.st.stm32cube.ide.mcu.externaltools.gnu-tools-for-stm32.11.3.rel1.win32_1.1.100.202309141235/tools/bin/../lib/gcc/arm-none-eabi/11.3.1/../../../../arm-none-eabi/lib/thumb/v7e-m+fp/hard\libc_nano.a(libc_a-findfp.o)
                              C:/ST/STM32CubeIDE_1.14.1/STM32CubeIDE/plugins/com.st.stm32cube.ide.mcu.externaltools.gnu-tools-for-stm32.11.3.rel1.win32_1.1.100.202309141235/tools/bin/../lib/gcc/arm-none-eabi/11.3.1/../../../../arm-none-eabi/lib/thumb/v7e-m+fp/hard\libc_nano.a(libc_a-exit.o) (__stdio_exit_handler)
C:/ST/STM32CubeIDE_1.14.1/STM32CubeIDE/plugins/com.st.stm32cube.ide.mcu.externaltools.gnu-tools-for-stm32.11.3.rel1.win32_1.1.100.202309141235/tools/bin/../lib/gcc/arm-none-eabi/11.3.1/../../../../arm-none-eabi/lib/thumb/v7e-m+fp/hard\libc_nano.a(libc_a-fwalk.o)
                              C:/ST/STM32CubeIDE_1.14.1/STM32CubeIDE/plugins/com.st.stm32cube.ide.mcu.externaltools.gnu-tools-for-stm32.11.3.rel1.win32_1.1.100.202309141235/tools/bin/../lib/gcc/arm-none-eabi/11.3.1/../../../../arm-none-eabi/lib/thumb/v7e-m+fp/hard\libc_nano.a(libc_a-findfp.o) (_fwalk_sglue)
C:/ST/STM32CubeIDE_1.14.1/STM32CubeIDE/plugins/com.st.stm32cube.ide.mcu.externaltools.gnu-tools-for-stm32.11.3.rel1.win32_1.1.100.202309141235/tools/bin/../lib/gcc/arm-none-eabi/11.3.1/../../../../arm-none-eabi/lib/thumb/v7e-m+fp/hard\libc_nano.a(libc_a-stdio.o)
                              C:/ST/STM32CubeIDE_1.14.1/STM32CubeIDE/plugins/com.st.stm32cube.ide.mcu.externaltools.gnu-tools-for-stm32.11.3.rel1.win32_1.1.100.202309141235/tools/bin/../lib/gcc/arm-none-eabi/11.3.1/../../../../arm-none-eabi/lib/thumb/v7e-m+fp/hard\libc_nano.a(libc_a-findfp.o) (__sread)
C:/ST/STM32CubeIDE_1.14.1/STM32CubeIDE/plugins/com.st.stm32cube.ide.mcu.externaltools.gnu-tools-for-stm32.11.3.rel1.win32_1.1.100.202309141235/tools/bin/../lib/gcc/arm-none-eabi/11.3.1/../../../../arm-none-eabi/lib/thumb/v7e-m+fp/hard\libc_nano.a(libc_a-memset.o)
                              C:/ST/STM32CubeIDE_1.14.1/STM32CubeIDE/plugins/com.st.stm32cube.ide.mcu.externaltools.gnu-tools-for-stm32.11.3.rel1.win32_1.1.100.202309141235/tools/bin/../lib/gcc/arm-none-eabi/11.3.1/../../../../arm-none-eabi/lib/thumb/v7e-m+fp/hard/crt0.o (memset)
C:/ST/STM32CubeIDE_1.14.1/STM32CubeIDE/plugins/com.st.stm32cube.ide.mcu.externaltools.gnu-tools-for-stm32.11.3.rel1.win32_1.1.100.202309141235/tools/bin/../lib/gcc/arm-none-eabi/11.3.1/../../../../arm-none-eabi/lib/thumb/v7e-m+fp/hard\libc_nano.a(libc_a-closer.o)
                              C:/ST/STM32CubeIDE_1.14.1/STM32CubeIDE/plugins/com.st.stm32cube.ide.mcu.externaltools.gnu-tools-for-stm32.11.3.rel1.win32_1.1.100.202309141235/tools/bin/../lib/gcc/arm-none-eabi/11.3.1/../../../../arm-none-eabi/lib/thumb/v7e-m+fp/hard\libc_nano.a(libc_a-stdio.o) (_close_r)
C:/ST/STM32CubeIDE_1.14.1/STM32CubeIDE/plugins/com.st.stm32cube.ide.mcu.externaltools.gnu-tools-for-stm32.11.3.rel1.win32_1.1.100.202309141235/tools/bin/../lib/gcc/arm-none-eabi/11.3.1/../../../../arm-none-eabi/lib/thumb/v7e-m+fp/hard\libc_nano.a(libc_a-reent.o)
                              C:/ST/STM32CubeIDE_1.14.1/STM32CubeIDE/plugins/com.st.stm32cube.ide.mcu.externaltools.gnu-tools-for-stm32.11.3.rel1.win32_1.1.100.202309141235/tools/bin/../lib/gcc/arm-none-eabi/11.3.1/../../../../arm-none-eabi/lib/thumb/v7e-m+fp/hard\libc_nano.a(libc_a-closer.o) (errno)
C:/ST/STM32CubeIDE_1.14.1/STM32CubeIDE/plugins/com.st.stm32cube.ide.mcu.externaltools.gnu-tools-for-stm32.11.3.rel1.win32_1.1.100.202309141235/tools/bin/../lib/gcc/arm-none-eabi/11.3.1/../../../../arm-none-eabi/lib/thumb/v7e-m+fp/hard\libc_nano.a(libc_a-impure.o)
                              C:/ST/STM32CubeIDE_1.14.1/STM32CubeIDE/plugins/com.st.stm32cube.ide.mcu.externaltools.gnu-tools-for-stm32.11.3.rel1.win32_1.1.100.202309141235/tools/bin/../lib/gcc/arm-none-eabi/11.3.1/../../../../arm-none-eabi/lib/thumb/v7e-m+fp/hard\libc_nano.a(libc_a-reent.o) (_impure_ptr)
C:/ST/STM32CubeIDE_1.14.1/STM32CubeIDE/plugins/com.st.stm32cube.ide.mcu.externaltools.gnu-tools-for-stm32.11.3.rel1.win32_1.1.100.202309141235/tools/bin/../lib/gcc/arm-none-eabi/11.3.1/../../../../arm-none-eabi/lib/thumb/v7e-m+fp/hard\libc_nano.a(libc_a-lseekr.o)
[...]
Memory Configuration

Name             Origin             Length             Attributes
RAM              0x0000000020000000 0x00000000000a0000 xrw
RAM2             0x0000000010000000 0x0000000000010000 xrw
RAM3             0x0000000020040000 0x0000000000060000 xrw
FLASH            0x0000000008000000 0x0000000000200000 xr
*default*        0x0000000000000000 0xffffffffffffffff

Linker script and memory map

LOAD C:/ST/STM32CubeIDE_1.14.1/STM32CubeIDE/plugins/com.st.stm32cube.ide.mcu.externaltools.gnu-tools-for-stm32.11.3.rel1.win32_1.1.100.202309141235/tools/bin/../lib/gcc/arm-none-eabi/11.3.1/thumb/v7e-m+fp/hard/crti.o
LOAD C:/ST/STM32CubeIDE_1.14.1/STM32CubeIDE/plugins/com.st.stm32cube.ide.mcu.externaltools.gnu-tools-for-stm32.11.3.rel1.win32_1.1.100.202309141235/tools/bin/../lib/gcc/arm-none-eabi/11.3.1/thumb/v7e-m+fp/hard/crtbegin.o
LOAD C:/ST/STM32CubeIDE_1.14.1/STM32CubeIDE/plugins/com.st.stm32cube.ide.mcu.externaltools.gnu-tools-for-stm32.11.3.rel1.win32_1.1.100.202309141235/tools/bin/../lib/gcc/arm-none-eabi/11.3.1/../../../../arm-none-eabi/lib/thumb/v7e-m+fp/hard/crt0.o
LOAD ./Core/Src/main.o
LOAD ./Core/Src/stm32l4xx_hal_msp.o
LOAD ./Core/Src/stm32l4xx_hal_timebase_tim.o
LOAD ./Core/Src/stm32l4xx_it.o
LOAD ./Core/Src/syscalls.o
LOAD ./Core/Src/sysmem.o
LOAD ./Core/Src/system_stm32l4xx.o
LOAD ./Core/Startup/startup_stm32l4r5zitx.o
LOAD ./Drivers/STM32L4xx_HAL_Driver/Src/stm32l4xx_hal.o
LOAD ./Drivers/STM32L4xx_HAL_Driver/Src/stm32l4xx_hal_cortex.o
LOAD ./Drivers/STM32L4xx_HAL_Driver/Src/stm32l4xx_hal_dma.o
LOAD ./Drivers/STM32L4xx_HAL_Driver/Src/stm32l4xx_hal_dma_ex.o
LOAD ./Drivers/STM32L4xx_HAL_Driver/Src/stm32l4xx_hal_exti.o
LOAD ./Drivers/STM32L4xx_HAL_Driver/Src/stm32l4xx_hal_flash.o
LOAD ./Drivers/STM32L4xx_HAL_Driver/Src/stm32l4xx_hal_flash_ex.o
LOAD ./Drivers/STM32L4xx_HAL_Driver/Src/stm32l4xx_hal_flash_ramfunc.o
LOAD ./Drivers/STM32L4xx_HAL_Driver/Src/stm32l4xx_hal_gpio.o
LOAD ./Drivers/STM32L4xx_HAL_Driver/Src/stm32l4xx_hal_i2c.o
LOAD ./Drivers/STM32L4xx_HAL_Driver/Src/stm32l4xx_hal_i2c_ex.o
LOAD ./Drivers/STM32L4xx_HAL_Driver/Src/stm32l4xx_hal_pwr.o
LOAD ./Drivers/STM32L4xx_HAL_Driver/Src/stm32l4xx_hal_pwr_ex.o
LOAD ./Drivers/STM32L4xx_HAL_Driver/Src/stm32l4xx_hal_rcc.o
LOAD ./Drivers/STM32L4xx_HAL_Driver/Src/stm32l4xx_hal_rcc_ex.o
LOAD ./Drivers/STM32L4xx_HAL_Driver/Src/stm32l4xx_hal_tim.o
LOAD ./Drivers/STM32L4xx_HAL_Driver/Src/stm32l4xx_hal_tim_ex.o
LOAD ./Drivers/STM32L4xx_HAL_Driver/Src/stm32l4xx_hal_uart.o
LOAD ./Drivers/STM32L4xx_HAL_Driver/Src/stm32l4xx_hal_uart_ex.o
LOAD ./FreeRTOS/Source/croutine.o
LOAD ./FreeRTOS/Source/event_groups.o
LOAD ./FreeRTOS/Source/list.o
LOAD ./FreeRTOS/Source/queue.o
LOAD ./FreeRTOS/Source/stream_buffer.o
LOAD ./FreeRTOS/Source/tasks.o
LOAD ./FreeRTOS/Source/timers.o
LOAD ./FreeRTOS/Source/portable/GCC/ARM_CM4F/port.o
LOAD ./FreeRTOS/Source/portable/MemMang/heap_4.o
START GROUP
LOAD C:/ST/STM32CubeIDE_1.14.1/STM32CubeIDE/plugins/com.st.stm32cube.ide.mcu.externaltools.gnu-tools-for-stm32.11.3.rel1.win32_1.1.100.202309141235/tools/bin/../lib/gcc/arm-none-eabi/11.3.1/../../../../arm-none-eabi/lib/thumb/v7e-m+fp/hard\libc_nano.a
LOAD C:/ST/STM32CubeIDE_1.14.1/STM32CubeIDE/plugins/com.st.stm32cube.ide.mcu.externaltools.gnu-tools-for-stm32.11.3.rel1.win32_1.1.100.202309141235/tools/bin/../lib/gcc/arm-none-eabi/11.3.1/../../../../arm-none-eabi/lib/thumb/v7e-m+fp/hard\libm.a
END GROUP
START GROUP
LOAD C:/ST/STM32CubeIDE_1.14.1/STM32CubeIDE/plugins/com.st.stm32cube.ide.mcu.externaltools.gnu-tools-for-stm32.11.3.rel1.win32_1.1.100.202309141235/tools/bin/../lib/gcc/arm-none-eabi/11.3.1/thumb/v7e-m+fp/hard\libgcc.a
LOAD C:/ST/STM32CubeIDE_1.14.1/STM32CubeIDE/plugins/com.st.stm32cube.ide.mcu.externaltools.gnu-tools-for-stm32.11.3.rel1.win32_1.1.100.202309141235/tools/bin/../lib/gcc/arm-none-eabi/11.3.1/../../../../arm-none-eabi/lib/thumb/v7e-m+fp/hard\libc_nano.a
END GROUP
START GROUP
LOAD C:/ST/STM32CubeIDE_1.14.1/STM32CubeIDE/plugins/com.st.stm32cube.ide.mcu.externaltools.gnu-tools-for-stm32.11.3.rel1.win32_1.1.100.202309141235/tools/bin/../lib/gcc/arm-none-eabi/11.3.1/thumb/v7e-m+fp/hard\libgcc.a
LOAD C:/ST/STM32CubeIDE_1.14.1/STM32CubeIDE/plugins/com.st.stm32cube.ide.mcu.externaltools.gnu-tools-for-stm32.11.3.rel1.win32_1.1.100.202309141235/tools/bin/../lib/gcc/arm-none-eabi/11.3.1/../../../../arm-none-eabi/lib/thumb/v7e-m+fp/hard\libc_nano.a
LOAD C:/ST/STM32CubeIDE_1.14.1/STM32CubeIDE/plugins/com.st.stm32cube.ide.mcu.externaltools.gnu-tools-for-stm32.11.3.rel1.win32_1.1.100.202309141235/tools/bin/../lib/gcc/arm-none-eabi/11.3.1/../../../../arm-none-eabi/lib/thumb/v7e-m+fp/hard\libnosys.a
END GROUP
START GROUP
LOAD C:/ST/STM32CubeIDE_1.14.1/STM32CubeIDE/plugins/com.st.stm32cube.ide.mcu.externaltools.gnu-tools-for-stm32.11.3.rel1.win32_1.1.100.202309141235/tools/bin/../lib/gcc/arm-none-eabi/11.3.1/thumb/v7e-m+fp/hard\libgcc.a
LOAD C:/ST/STM32CubeIDE_1.14.1/STM32CubeIDE/plugins/com.st.stm32cube.ide.mcu.externaltools.gnu-tools-for-stm32.11.3.rel1.win32_1.1.100.202309141235/tools/bin/../lib/gcc/arm-none-eabi/11.3.1/../../../../arm-none-eabi/lib/thumb/v7e-m+fp/hard\libc_nano.a
LOAD C:/ST/STM32CubeIDE_1.14.1/STM32CubeIDE/plugins/com.st.stm32cube.ide.mcu.externaltools.gnu-tools-for-stm32.11.3.rel1.win32_1.1.100.202309141235/tools/bin/../lib/gcc/arm-none-eabi/11.3.1/../../../../arm-none-eabi/lib/thumb/v7e-m+fp/hard\libnosys.a
END GROUP
LOAD C:/ST/STM32CubeIDE_1.14.1/STM32CubeIDE/plugins/com.st.stm32cube.ide.mcu.externaltools.gnu-tools-for-stm32.11.3.rel1.win32_1.1.100.202309141235/tools/bin/../lib/gcc/arm-none-eabi/11.3.1/thumb/v7e-m+fp/hard/crtend.o
LOAD C:/ST/STM32CubeIDE_1.14.1/STM32CubeIDE/plugins/com.st.stm32cube.ide.mcu.externaltools.gnu-tools-for-stm32.11.3.rel1.win32_1.1.100.202309141235/tools/bin/../lib/gcc/arm-none-eabi/11.3.1/thumb/v7e-m+fp/hard/crtn.o
                0x00000000200a0000                _estack = (ORIGIN (RAM) + LENGTH (RAM))
                0x0000000000000200                _Min_Heap_Size = 0x200
                0x0000000000000400                _Min_Stack_Size = 0x400

.isr_vector     0x0000000008000000      0x1bc
                0x0000000008000000                . = ALIGN (0x4)
 *(.isr_vector)
 .isr_vector    0x0000000008000000      0x1bc ./Core/Startup/startup_stm32l4r5zitx.o
                0x0000000008000000                g_pfnVectors
                0x00000000080001bc                . = ALIGN (0x4)

.text           0x00000000080001c0     0x5f40
                0x00000000080001c0                . = ALIGN (0x4)
 *(.text)
 .text          0x00000000080001c0       0x40 C:/ST/STM32CubeIDE_1.14.1/STM32CubeIDE/plugins/com.st.stm32cube.ide.mcu.externaltools.gnu-tools-for-stm32.11.3.rel1.win32_1.1.100.202309141235/tools/bin/../lib/gcc/arm-none-eabi/11.3.1/thumb/v7e-m+fp/hard/crtbegin.o
 .text          0x0000000008000200       0x30 C:/ST/STM32CubeIDE_1.14.1/STM32CubeIDE/plugins/com.st.stm32cube.ide.mcu.externaltools.gnu-tools-for-stm32.11.3.rel1.win32_1.1.100.202309141235/tools/bin/../lib/gcc/arm-none-eabi/11.3.1/thumb/v7e-m+fp/hard\libgcc.a(_aeabi_uldivmod.o)
                0x0000000008000200                __aeabi_uldivmod
 .text          0x0000000008000230      0x2c8 C:/ST/STM32CubeIDE_1.14.1/STM32CubeIDE/plugins/com.st.stm32cube.ide.mcu.externaltools.gnu-tools-for-stm32.11.3.rel1.win32_1.1.100.202309141235/tools/bin/../lib/gcc/arm-none-eabi/11.3.1/thumb/v7e-m+fp/hard\libgcc.a(_udivmoddi4.o)
                0x0000000008000230                __udivmoddi4
 .text          0x00000000080004f8        0x4 C:/ST/STM32CubeIDE_1.14.1/STM32CubeIDE/plugins/com.st.stm32cube.ide.mcu.externaltools.gnu-tools-for-stm32.11.3.rel1.win32_1.1.100.202309141235/tools/bin/../lib/gcc/arm-none-eabi/11.3.1/thumb/v7e-m+fp/hard\libgcc.a(_dvmd_tls.o)
                0x00000000080004f8                __aeabi_idiv0
                0x00000000080004f8                __aeabi_ldiv0
 *(.text*)
 .text.UartTask
                0x00000000080004fc       0x40 ./Core/Src/main.o
                0x00000000080004fc                UartTask
 .text.LedTask  0x000000000800053c       0x34 ./Core/Src/main.o
                0x000000000800053c                LedTask
 .text.main     0x0000000008000570       0x5c ./Core/Src/main.o
                0x0000000008000570                main
 .text.SystemClock_Config
                0x00000000080005cc       0x8e ./Core/Src/main.o
                0x00000000080005cc                SystemClock_Config
 *fill*         0x000000000800065a        0x2 
 .text.MX_LPUART1_UART_Init
                0x000000000800065c       0x98 ./Core/Src/main.o
 .text.MX_GPIO_Init
                0x00000000080006f4      0x1ac ./Core/Src/main.o
 .text.HAL_TIM_PeriodElapsedCallback
                0x00000000080008a0       0x24 ./Core/Src/main.o
                0x00000000080008a0                HAL_TIM_PeriodElapsedCallback
 .text.Error_Handler
                0x00000000080008c4        0xa ./Core/Src/main.o
                0x00000000080008c4                Error_Handler
 *fill*         0x00000000080008ce        0x2 
 .text.HAL_MspInit
                0x00000000080008d0       0x48 ./Core/Src/stm32l4xx_hal_msp.o
                0x00000000080008d0                HAL_MspInit
 .text.HAL_UART_MspInit
                0x0000000008000918       0xc0 ./Core/Src/stm32l4xx_hal_msp.o
                0x0000000008000918                HAL_UART_MspInit
 .text.HAL_InitTick
                0x00000000080009d8       0xf4 ./Core/Src/stm32l4xx_hal_timebase_tim.o
                0x00000000080009d8                HAL_InitTick
 .text.NMI_Handler
                0x0000000008000acc        0x6 ./Core/Src/stm32l4xx_it.o
                0x0000000008000acc                NMI_Handler
 .text.HardFault_Handler
                0x0000000008000ad2        0x6 ./Core/Src/stm32l4xx_it.o
                0x0000000008000ad2                HardFault_Handler
 .text.MemManage_Handler
                0x0000000008000ad8        0x6 ./Core/Src/stm32l4xx_it.o
                0x0000000008000ad8                MemManage_Handler
 .text.BusFault_Handler
                0x0000000008000ade        0x6 ./Core/Src/stm32l4xx_it.o
                0x0000000008000ade                BusFault_Handler
 .text.UsageFault_Handler
                0x0000000008000ae4        0x6 ./Core/Src/stm32l4xx_it.o
                0x0000000008000ae4                UsageFault_Handler
 .text.DebugMon_Handler
                0x0000000008000aea        0xe ./Core/Src/stm32l4xx_it.o
                0x0000000008000aea                DebugMon_Handler
 .text.TIM6_DAC_IRQHandler
                0x0000000008000af8       0x14 ./Core/Src/stm32l4xx_it.o
                0x0000000008000af8                TIM6_DAC_IRQHandler
 .text.SystemInit
                0x0000000008000b0c       0x24 ./Core/Src/system_stm32l4xx.o
                0x0000000008000b0c                SystemInit
 .text.Reset_Handler
                0x0000000008000b30       0x50 ./Core/Startup/startup_stm32l4r5zitx.o
                0x0000000008000b30                Reset_Handler
 .text.Default_Handler
                0x0000000008000b80        0x2 ./Core/Startup/startup_stm32l4r5zitx.o
                0x0000000008000b80                RTC_Alarm_IRQHandler
                0x0000000008000b80                EXTI2_IRQHandler
                0x0000000008000b80                TIM8_TRG_COM_IRQHandler
                0x0000000008000b80                TIM8_CC_IRQHandler
                0x0000000008000b80                TIM1_CC_IRQHandler
                0x0000000008000b80                TSC_IRQHandler
                0x0000000008000b80                TAMP_STAMP_IRQHandler
                0x0000000008000b80                EXTI3_IRQHandler
                0x0000000008000b80                LPTIM2_IRQHandler
                0x0000000008000b80                DFSDM1_FLT1_IRQHandler
                0x0000000008000b80                GFXMMU_IRQHandler
                0x0000000008000b80                I2C3_ER_IRQHandler
                0x0000000008000b80                DFSDM1_FLT2_IRQHandler
                0x0000000008000b80                EXTI0_IRQHandler
                0x0000000008000b80                I2C2_EV_IRQHandler
                0x0000000008000b80                CAN1_RX0_IRQHandler
                0x0000000008000b80                FPU_IRQHandler
                0x0000000008000b80                TIM1_UP_TIM16_IRQHandler
                0x0000000008000b80                LTDC_ER_IRQHandler
                0x0000000008000b80                SPI1_IRQHandler
                0x0000000008000b80                OCTOSPI1_IRQHandler
                0x0000000008000b80                DCMI_IRQHandler
                0x0000000008000b80                TIM8_UP_IRQHandler
                0x0000000008000b80                OCTOSPI2_IRQHandler
                0x0000000008000b80                DMA2_Channel2_IRQHandler
                0x0000000008000b80                DMA1_Channel4_IRQHandler
                0x0000000008000b80                SAI2_IRQHandler
                0x0000000008000b80                ADC1_IRQHandler
                0x0000000008000b80                DFSDM1_FLT3_IRQHandler
                0x0000000008000b80                USART3_IRQHandler
                0x0000000008000b80                DMA1_Channel7_IRQHandler
                0x0000000008000b80                CAN1_RX1_IRQHandler
                0x0000000008000b80                UART5_IRQHandler
                0x0000000008000b80                TIM4_IRQHandler
                0x0000000008000b80                DMA2_Channel1_IRQHandler
                0x0000000008000b80                I2C1_EV_IRQHandler
                0x0000000008000b80                DMAMUX1_OVR_IRQHandler
                0x0000000008000b80                DMA1_Channel6_IRQHandler
                0x0000000008000b80                UART4_IRQHandler
                0x0000000008000b80                DMA2_Channel4_IRQHandler
                0x0000000008000b80                TIM3_IRQHandler
                0x0000000008000b80                RCC_IRQHandler
                0x0000000008000b80                DMA1_Channel1_IRQHandler
                0x0000000008000b80                Default_Handler
                0x0000000008000b80                DMA2_Channel7_IRQHandler
                0x0000000008000b80                EXTI15_10_IRQHandler
                0x0000000008000b80                TIM7_IRQHandler
                0x0000000008000b80                SDMMC1_IRQHandler
                0x0000000008000b80                TIM5_IRQHandler
                0x0000000008000b80                I2C3_EV_IRQHandler
                0x0000000008000b80                EXTI9_5_IRQHandler
                0x0000000008000b80                RTC_WKUP_IRQHandler
                0x0000000008000b80                LTDC_IRQHandler
                0x0000000008000b80                PVD_PVM_IRQHandler
                0x0000000008000b80                SPI2_IRQHandler
                0x0000000008000b80                CAN1_TX_IRQHandler
                0x0000000008000b80                DMA2_Channel5_IRQHandler
                0x0000000008000b80                CRS_IRQHandler
                0x0000000008000b80                DMA1_Channel5_IRQHandler
                0x0000000008000b80                EXTI4_IRQHandler
                0x0000000008000b80                RNG_IRQHandler
                0x0000000008000b80                TIM1_TRG_COM_TIM17_IRQHandler
                0x0000000008000b80                DMA1_Channel3_IRQHandler
                0x0000000008000b80                COMP_IRQHandler
                0x0000000008000b80                WWDG_IRQHandler
                0x0000000008000b80                I2C4_EV_IRQHandler
                0x0000000008000b80                LPUART1_IRQHandler
                0x0000000008000b80                DMA2_Channel6_IRQHandler
                0x0000000008000b80                TIM2_IRQHandler
                0x0000000008000b80                DMA2D_IRQHandler
                0x0000000008000b80                EXTI1_IRQHandler
                0x0000000008000b80                USART2_IRQHandler
                0x0000000008000b80                DFSDM1_FLT0_IRQHandler
                0x0000000008000b80                I2C2_ER_IRQHandler
                0x0000000008000b80                DMA1_Channel2_IRQHandler
                0x0000000008000b80                TIM8_BRK_IRQHandler
                0x0000000008000b80                CAN1_SCE_IRQHandler
                0x0000000008000b80                FLASH_IRQHandler
                0x0000000008000b80                USART1_IRQHandler
                0x0000000008000b80                OTG_FS_IRQHandler
                0x0000000008000b80                SPI3_IRQHandler
                0x0000000008000b80                I2C1_ER_IRQHandler
                0x0000000008000b80                FMC_IRQHandler
                0x0000000008000b80                LPTIM1_IRQHandler
                0x0000000008000b80                I2C4_ER_IRQHandler
                0x0000000008000b80                SAI1_IRQHandler
                0x0000000008000b80                DMA2_Channel3_IRQHandler
                0x0000000008000b80                TIM1_BRK_TIM15_IRQHandler
 .text.HAL_Init
                0x0000000008000b82       0x30 ./Drivers/STM32L4xx_HAL_Driver/Src/stm32l4xx_hal.o
                0x0000000008000b82                HAL_Init
 *fill*         0x0000000008000bb2        0x2 
 .text.HAL_IncTick
                0x0000000008000bb4       0x28 ./Drivers/STM32L4xx_HAL_Driver/Src/stm32l4xx_hal.o
                0x0000000008000bb4                HAL_IncTick
 .text.HAL_GetTick
                0x0000000008000bdc       0x18 ./Drivers/STM32L4xx_HAL_Driver/Src/stm32l4xx_hal.o
                0x0000000008000bdc                HAL_GetTick
 .text.__NVIC_SetPriorityGrouping
                0x0000000008000bf4       0x48 ./Drivers/STM32L4xx_HAL_Driver/Src/stm32l4xx_hal_cortex.o
 .text.__NVIC_GetPriorityGrouping
                0x0000000008000c3c       0x1c ./Drivers/STM32L4xx_HAL_Driver/Src/stm32l4xx_hal_cortex.o
 .text.__NVIC_EnableIRQ
                0x0000000008000c58       0x3c ./Drivers/STM32L4xx_HAL_Driver/Src/stm32l4xx_hal_cortex.o
 .text.__NVIC_SetPriority
                0x0000000008000c94       0x54 ./Drivers/STM32L4xx_HAL_Driver/Src/stm32l4xx_hal_cortex.o
 .text.NVIC_EncodePriority
                0x0000000008000ce8       0x66 ./Drivers/STM32L4xx_HAL_Driver/Src/stm32l4xx_hal_cortex.o
 .text.HAL_NVIC_SetPriorityGrouping
                0x0000000008000d4e       0x16 ./Drivers/STM32L4xx_HAL_Driver/Src/stm32l4xx_hal_cortex.o
                0x0000000008000d4e                HAL_NVIC_SetPriorityGrouping
 .text.HAL_NVIC_SetPriority
                0x0000000008000d64       0x38 ./Drivers/STM32L4xx_HAL_Driver/Src/stm32l4xx_hal_cortex.o
                0x0000000008000d64                HAL_NVIC_SetPriority
 .text.HAL_NVIC_EnableIRQ
                0x0000000008000d9c       0x1c ./Drivers/STM32L4xx_HAL_Driver/Src/stm32l4xx_hal_cortex.o
                0x0000000008000d9c                HAL_NVIC_EnableIRQ
 .text.HAL_GPIO_Init
                0x0000000008000db8      0x324 ./Drivers/STM32L4xx_HAL_Driver/Src/stm32l4xx_hal_gpio.o
                0x0000000008000db8                HAL_GPIO_Init
 .text.HAL_GPIO_ReadPin
                0x00000000080010dc       0x30 ./Drivers/STM32L4xx_HAL_Driver/Src/stm32l4xx_hal_gpio.o
                0x00000000080010dc                HAL_GPIO_ReadPin
 .text.HAL_GPIO_WritePin
                0x000000000800110c       0x30 ./Drivers/STM32L4xx_HAL_Driver/Src/stm32l4xx_hal_gpio.o
                0x000000000800110c                HAL_GPIO_WritePin
 .text.HAL_PWREx_GetVoltageRange
                0x000000000800113c       0x40 ./Drivers/STM32L4xx_HAL_Driver/Src/stm32l4xx_hal_pwr_ex.o
                0x000000000800113c                HAL_PWREx_GetVoltageRange
 .text.HAL_PWREx_ControlVoltageScaling
                0x000000000800117c      0x148 ./Drivers/STM32L4xx_HAL_Driver/Src/stm32l4xx_hal_pwr_ex.o
                0x000000000800117c                HAL_PWREx_ControlVoltageScaling
 .text.HAL_PWREx_EnableVddIO2
                0x00000000080012c4       0x20 ./Drivers/STM32L4xx_HAL_Driver/Src/stm32l4xx_hal_pwr_ex.o
                0x00000000080012c4                HAL_PWREx_EnableVddIO2
 .text.HAL_RCC_OscConfig
                0x00000000080012e4      0x834 ./Drivers/STM32L4xx_HAL_Driver/Src/stm32l4xx_hal_rcc.o
                0x00000000080012e4                HAL_RCC_OscConfig
 .text.HAL_RCC_ClockConfig
                0x0000000008001b18      0x274 ./Drivers/STM32L4xx_HAL_Driver/Src/stm32l4xx_hal_rcc.o
                0x0000000008001b18                HAL_RCC_ClockConfig
 .text.HAL_RCC_GetSysClockFreq
                0x0000000008001d8c      0x118 ./Drivers/STM32L4xx_HAL_Driver/Src/stm32l4xx_hal_rcc.o
                0x0000000008001d8c                HAL_RCC_GetSysClockFreq
 .text.HAL_RCC_GetHCLKFreq
                0x0000000008001ea4       0x18 ./Drivers/STM32L4xx_HAL_Driver/Src/stm32l4xx_hal_rcc.o
                0x0000000008001ea4                HAL_RCC_GetHCLKFreq
 .text.HAL_RCC_GetPCLK1Freq
                0x0000000008001ebc       0x2c ./Drivers/STM32L4xx_HAL_Driver/Src/stm32l4xx_hal_rcc.o
                0x0000000008001ebc                HAL_RCC_GetPCLK1Freq
 .text.HAL_RCC_GetPCLK2Freq
                0x0000000008001ee8       0x2c ./Drivers/STM32L4xx_HAL_Driver/Src/stm32l4xx_hal_rcc.o
                0x0000000008001ee8                HAL_RCC_GetPCLK2Freq
 .text.HAL_RCC_GetClockConfig
                0x0000000008001f14       0x64 ./Drivers/STM32L4xx_HAL_Driver/Src/stm32l4xx_hal_rcc.o
                0x0000000008001f14                HAL_RCC_GetClockConfig
 .text.RCC_SetFlashLatencyFromMSIRange
                0x0000000008001f78       0xb4 ./Drivers/STM32L4xx_HAL_Driver/Src/stm32l4xx_hal_rcc.o
 .text.RCC_GetSysClockFreqFromPLLSource
                0x000000000800202c       0xcc ./Drivers/STM32L4xx_HAL_Driver/Src/stm32l4xx_hal_rcc.o
 .text.HAL_RCCEx_PeriphCLKConfig
                0x00000000080020f8      0x660 ./Drivers/STM32L4xx_HAL_Driver/Src/stm32l4xx_hal_rcc_ex.o
                0x00000000080020f8                HAL_RCCEx_PeriphCLKConfig
 .text.RCCEx_PLLSAI1_Config
                0x0000000008002758      0x1e8 ./Drivers/STM32L4xx_HAL_Driver/Src/stm32l4xx_hal_rcc_ex.o
 .text.RCCEx_PLLSAI2_Config
                0x0000000008002940      0x1e8 ./Drivers/STM32L4xx_HAL_Driver/Src/stm32l4xx_hal_rcc_ex.o
 .text.HAL_TIM_Base_Init
                0x0000000008002b28       0xae ./Drivers/STM32L4xx_HAL_Driver/Src/stm32l4xx_hal_tim.o
                0x0000000008002b28                HAL_TIM_Base_Init
 .text.HAL_TIM_Base_MspInit
                0x0000000008002bd6       0x14 ./Drivers/STM32L4xx_HAL_Driver/Src/stm32l4xx_hal_tim.o
                0x0000000008002bd6                HAL_TIM_Base_MspInit
 *fill*         0x0000000008002bea        0x2 
 .text.HAL_TIM_Base_Start_IT
                0x0000000008002bec       0xe0 ./Drivers/STM32L4xx_HAL_Driver/Src/stm32l4xx_hal_tim.o
                0x0000000008002bec                HAL_TIM_Base_Start_IT
 .text.HAL_TIM_IRQHandler
                0x0000000008002ccc      0x204 ./Drivers/STM32L4xx_HAL_Driver/Src/stm32l4xx_hal_tim.o
                0x0000000008002ccc                HAL_TIM_IRQHandler
 .text.HAL_TIM_OC_DelayElapsedCallback
                0x0000000008002ed0       0x14 ./Drivers/STM32L4xx_HAL_Driver/Src/stm32l4xx_hal_tim.o
                0x0000000008002ed0                HAL_TIM_OC_DelayElapsedCallback
 .text.HAL_TIM_IC_CaptureCallback
                0x0000000008002ee4       0x14 ./Drivers/STM32L4xx_HAL_Driver/Src/stm32l4xx_hal_tim.o
                0x0000000008002ee4                HAL_TIM_IC_CaptureCallback
 .text.HAL_TIM_PWM_PulseFinishedCallback
                0x0000000008002ef8       0x14 ./Drivers/STM32L4xx_HAL_Driver/Src/stm32l4xx_hal_tim.o
                0x0000000008002ef8                HAL_TIM_PWM_PulseFinishedCallback
 .text.HAL_TIM_TriggerCallback
                0x0000000008002f0c       0x14 ./Drivers/STM32L4xx_HAL_Driver/Src/stm32l4xx_hal_tim.o
                0x0000000008002f0c                HAL_TIM_TriggerCallback
 .text.TIM_Base_SetConfig
                0x0000000008002f20      0x134 ./Drivers/STM32L4xx_HAL_Driver/Src/stm32l4xx_hal_tim.o
                0x0000000008002f20                TIM_Base_SetConfig
 .text.HAL_TIMEx_CommutCallback
                0x0000000008003054       0x14 ./Drivers/STM32L4xx_HAL_Driver/Src/stm32l4xx_hal_tim_ex.o
                0x0000000008003054                HAL_TIMEx_CommutCallback
 .text.HAL_TIMEx_BreakCallback
                0x0000000008003068       0x14 ./Drivers/STM32L4xx_HAL_Driver/Src/stm32l4xx_hal_tim_ex.o
                0x0000000008003068                HAL_TIMEx_BreakCallback
 .text.HAL_TIMEx_Break2Callback
                0x000000000800307c       0x14 ./Drivers/STM32L4xx_HAL_Driver/Src/stm32l4xx_hal_tim_ex.o
                0x000000000800307c                HAL_TIMEx_Break2Callback
 .text.HAL_UART_Init
                0x0000000008003090       0xa0 ./Drivers/STM32L4xx_HAL_Driver/Src/stm32l4xx_hal_uart.o
                0x0000000008003090                HAL_UART_Init
 .text.HAL_UART_Transmit
                0x0000000008003130      0x11e ./Drivers/STM32L4xx_HAL_Driver/Src/stm32l4xx_hal_uart.o
                0x0000000008003130                HAL_UART_Transmit
 *fill*         0x000000000800324e        0x2 
 .text.UART_SetConfig
                0x0000000008003250      0x5f8 ./Drivers/STM32L4xx_HAL_Driver/Src/stm32l4xx_hal_uart.o
                0x0000000008003250                UART_SetConfig
 .text.UART_AdvFeatureConfig
                0x0000000008003848      0x144 ./Drivers/STM32L4xx_HAL_Driver/Src/stm32l4xx_hal_uart.o
                0x0000000008003848                UART_AdvFeatureConfig
 .text.UART_CheckIdleState
                0x000000000800398c      0x154 ./Drivers/STM32L4xx_HAL_Driver/Src/stm32l4xx_hal_uart.o
                0x000000000800398c                UART_CheckIdleState
 .text.UART_WaitOnFlagUntilTimeout
                0x0000000008003ae0       0xce ./Drivers/STM32L4xx_HAL_Driver/Src/stm32l4xx_hal_uart.o
                0x0000000008003ae0                UART_WaitOnFlagUntilTimeout
 .text.UART_EndRxTransfer
                0x0000000008003bae       0xcc ./Drivers/STM32L4xx_HAL_Driver/Src/stm32l4xx_hal_uart.o
 .text.HAL_UARTEx_DisableFifoMode
                0x0000000008003c7a       0x72 ./Drivers/STM32L4xx_HAL_Driver/Src/stm32l4xx_hal_uart_ex.o
                0x0000000008003c7a                HAL_UARTEx_DisableFifoMode
 .text.HAL_UARTEx_SetTxFifoThreshold
                0x0000000008003cec       0x7c ./Drivers/STM32L4xx_HAL_Driver/Src/stm32l4xx_hal_uart_ex.o
                0x0000000008003cec                HAL_UARTEx_SetTxFifoThreshold
 .text.HAL_UARTEx_SetRxFifoThreshold
                0x0000000008003d68       0x7c ./Drivers/STM32L4xx_HAL_Driver/Src/stm32l4xx_hal_uart_ex.o
                0x0000000008003d68                HAL_UARTEx_SetRxFifoThreshold
 .text.UARTEx_SetNbDataToProcess
                0x0000000008003de4       0x9c ./Drivers/STM32L4xx_HAL_Driver/Src/stm32l4xx_hal_uart_ex.o
 .text.vListInitialise
                0x0000000008003e80       0x40 ./FreeRTOS/Source/list.o
                0x0000000008003e80                vListInitialise
 .text.vListInitialiseItem
                0x0000000008003ec0       0x1a ./FreeRTOS/Source/list.o
                0x0000000008003ec0                vListInitialiseItem
 .text.vListInsert
                0x0000000008003eda       0x72 ./FreeRTOS/Source/list.o
                0x0000000008003eda                vListInsert
 .text.uxListRemove
                0x0000000008003f4c       0x54 ./FreeRTOS/Source/list.o
                0x0000000008003f4c                uxListRemove
 .text.xQueueGenericReset
                0x0000000008003fa0      0x120 ./FreeRTOS/Source/queue.o
                0x0000000008003fa0                xQueueGenericReset
 .text.xQueueGenericCreate
                0x00000000080040c0       0x9c ./FreeRTOS/Source/queue.o
                0x00000000080040c0                xQueueGenericCreate
 .text.prvInitialiseNewQueue
                0x000000000800415c       0x3e ./FreeRTOS/Source/queue.o
 *fill*         0x000000000800419a        0x2 
 .text.xQueueReceive
                0x000000000800419c      0x1c0 ./FreeRTOS/Source/queue.o
                0x000000000800419c                xQueueReceive
 .text.prvCopyDataFromQueue
                0x000000000800435c       0x4c ./FreeRTOS/Source/queue.o
 .text.prvUnlockQueue
                0x00000000080043a8       0xa4 ./FreeRTOS/Source/queue.o
 .text.prvIsQueueEmpty
                0x000000000800444c       0x2c ./FreeRTOS/Source/queue.o
 .text.vQueueWaitForMessageRestricted
                0x0000000008004478       0x68 ./FreeRTOS/Source/queue.o
                0x0000000008004478                vQueueWaitForMessageRestricted
 .text.xTaskCreate
                0x00000000080044e0       0x8c ./FreeRTOS/Source/tasks.o
                0x00000000080044e0                xTaskCreate
 .text.prvInitialiseNewTask
                0x000000000800456c      0x10c ./FreeRTOS/Source/tasks.o
 .text.prvAddNewTaskToReadyList
                0x0000000008004678      0x124 ./FreeRTOS/Source/tasks.o
 .text.vTaskDelay
                0x000000000800479c       0x68 ./FreeRTOS/Source/tasks.o
                0x000000000800479c                vTaskDelay
 .text.vTaskStartScheduler
                0x0000000008004804       0xa4 ./FreeRTOS/Source/tasks.o
                0x0000000008004804                vTaskStartScheduler
 .text.vTaskSuspendAll
                0x00000000080048a8       0x1c ./FreeRTOS/Source/tasks.o
                0x00000000080048a8                vTaskSuspendAll
 .text.xTaskResumeAll
                0x00000000080048c4      0x1f8 ./FreeRTOS/Source/tasks.o
                0x00000000080048c4                xTaskResumeAll
 .text.xTaskGetTickCount
                0x0000000008004abc       0x20 ./FreeRTOS/Source/tasks.o
                0x0000000008004abc                xTaskGetTickCount
 .text.xTaskIncrementTick
                0x0000000008004adc      0x22c ./FreeRTOS/Source/tasks.o
                0x0000000008004adc                xTaskIncrementTick
 .text.vTaskSwitchContext
                0x0000000008004d08       0xb8 ./FreeRTOS/Source/tasks.o
                0x0000000008004d08                vTaskSwitchContext
 .text.vTaskPlaceOnEventList
                0x0000000008004dc0       0x48 ./FreeRTOS/Source/tasks.o
                0x0000000008004dc0                vTaskPlaceOnEventList
 .text.vTaskPlaceOnEventListRestricted
                0x0000000008004e08       0x8c ./FreeRTOS/Source/tasks.o
                0x0000000008004e08                vTaskPlaceOnEventListRestricted
 .text.xTaskRemoveFromEventList
                0x0000000008004e94      0x1ac ./FreeRTOS/Source/tasks.o
                0x0000000008004e94                xTaskRemoveFromEventList
 .text.vTaskInternalSetTimeOutState
                0x0000000008005040       0x2c ./FreeRTOS/Source/tasks.o
                0x0000000008005040                vTaskInternalSetTimeOutState
 .text.xTaskCheckForTimeOut
                0x000000000800506c       0xcc ./FreeRTOS/Source/tasks.o
                0x000000000800506c                xTaskCheckForTimeOut
 .text.vTaskMissedYield
                0x0000000008005138       0x18 ./FreeRTOS/Source/tasks.o
                0x0000000008005138                vTaskMissedYield
 .text.prvIdleTask
                0x0000000008005150        0xe ./FreeRTOS/Source/tasks.o
 *fill*         0x000000000800515e        0x2 
 .text.prvInitialiseTaskLists
                0x0000000008005160       0x80 ./FreeRTOS/Source/tasks.o
 .text.prvCheckTasksWaitingTermination
                0x00000000080051e0       0x5c ./FreeRTOS/Source/tasks.o
 .text.prvDeleteTCB
                0x000000000800523c       0x20 ./FreeRTOS/Source/tasks.o
 .text.prvResetNextTaskUnblockTime
                0x000000000800525c       0x38 ./FreeRTOS/Source/tasks.o
 .text.xTaskGetSchedulerState
                0x0000000008005294       0x3c ./FreeRTOS/Source/tasks.o
                0x0000000008005294                xTaskGetSchedulerState
 .text.prvAddCurrentTaskToDelayedList
                0x00000000080052d0      0x100 ./FreeRTOS/Source/tasks.o
 .text.xTimerCreateTimerTask
                0x00000000080053d0       0x64 ./FreeRTOS/Source/timers.o
                0x00000000080053d0                xTimerCreateTimerTask
 .text.prvReloadTimer
                0x0000000008005434       0x42 ./FreeRTOS/Source/timers.o
 *fill*         0x0000000008005476        0x2 
 .text.prvProcessExpiredTimer
                0x0000000008005478       0x60 ./FreeRTOS/Source/timers.o
 .text.prvTimerTask
                0x00000000080054d8       0x24 ./FreeRTOS/Source/timers.o
 .text.prvProcessTimerOrBlockTask
                0x00000000080054fc       0x9c ./FreeRTOS/Source/timers.o
 .text.prvGetNextExpireTime
                0x0000000008005598       0x48 ./FreeRTOS/Source/timers.o
 .text.prvSampleTimeNow
                0x00000000080055e0       0x40 ./FreeRTOS/Source/timers.o
 .text.prvInsertTimerInActiveList
                0x0000000008005620       0x84 ./FreeRTOS/Source/timers.o
 .text.prvProcessReceivedCommands
                0x00000000080056a4      0x17c ./FreeRTOS/Source/timers.o
 .text.prvSwitchTimerLists
                0x0000000008005820       0x4c ./FreeRTOS/Source/timers.o
 .text.prvCheckForValidListAndQueue
                0x000000000800586c       0x54 ./FreeRTOS/Source/timers.o
 .text.pxPortInitialiseStack
                0x00000000080058c0       0x68 ./FreeRTOS/Source/portable/GCC/ARM_CM4F/port.o
                0x00000000080058c0                pxPortInitialiseStack
 .text.prvTaskExitError
                0x0000000008005928       0x58 ./FreeRTOS/Source/portable/GCC/ARM_CM4F/port.o
 .text.SVC_Handler
                0x0000000008005980       0x28 ./FreeRTOS/Source/portable/GCC/ARM_CM4F/port.o
                0x0000000008005980                SVC_Handler
 .text.prvPortStartFirstTask
                0x00000000080059a8       0x2c ./FreeRTOS/Source/portable/GCC/ARM_CM4F/port.o
 .text.xPortStartScheduler
                0x00000000080059d4      0x144 ./FreeRTOS/Source/portable/GCC/ARM_CM4F/port.o
                0x00000000080059d4                xPortStartScheduler
 .text.vPortEnterCritical
                0x0000000008005b18       0x60 ./FreeRTOS/Source/portable/GCC/ARM_CM4F/port.o
                0x0000000008005b18                vPortEnterCritical
 .text.vPortExitCritical
                0x0000000008005b78       0x54 ./FreeRTOS/Source/portable/GCC/ARM_CM4F/port.o
                0x0000000008005b78                vPortExitCritical
 *fill*         0x0000000008005bcc        0x4 
 .text.PendSV_Handler
                0x0000000008005bd0       0x68 ./FreeRTOS/Source/portable/GCC/ARM_CM4F/port.o
                0x0000000008005bd0                PendSV_Handler
 .text.SysTick_Handler
                0x0000000008005c38       0x44 ./FreeRTOS/Source/portable/GCC/ARM_CM4F/port.o
                0x0000000008005c38                SysTick_Handler
 .text.vPortSetupTimerInterrupt
                0x0000000008005c7c       0x48 ./FreeRTOS/Source/portable/GCC/ARM_CM4F/port.o
                0x0000000008005c7c                vPortSetupTimerInterrupt
 .text.vPortEnableVFP
                0x0000000008005cc4       0x18 ./FreeRTOS/Source/portable/GCC/ARM_CM4F/port.o
 .text.pvPortMalloc
                0x0000000008005cdc      0x174 ./FreeRTOS/Source/portable/MemMang/heap_4.o
                0x0000000008005cdc                pvPortMalloc
 .text.vPortFree
                0x0000000008005e50       0xb8 ./FreeRTOS/Source/portable/MemMang/heap_4.o
                0x0000000008005e50                vPortFree
 .text.prvHeapInit
                0x0000000008005f08       0xb8 ./FreeRTOS/Source/portable/MemMang/heap_4.o
 .text.prvInsertBlockIntoFreeList
                0x0000000008005fc0       0xb4 ./FreeRTOS/Source/portable/MemMang/heap_4.o
 .text.memset   0x0000000008006074       0x10 C:/ST/STM32CubeIDE_1.14.1/STM32CubeIDE/plugins/com.st.stm32cube.ide.mcu.externaltools.gnu-tools-for-stm32.11.3.rel1.win32_1.1.100.202309141235/tools/bin/../lib/gcc/arm-none-eabi/11.3.1/../../../../arm-none-eabi/lib/thumb/v7e-m+fp/hard\libc_nano.a(libc_a-memset.o)
                0x0000000008006074                memset
 .text.__libc_init_array
                0x0000000008006084       0x48 C:/ST/STM32CubeIDE_1.14.1/STM32CubeIDE/plugins/com.st.stm32cube.ide.mcu.externaltools.gnu-tools-for-stm32.11.3.rel1.win32_1.1.100.202309141235/tools/bin/../lib/gcc/arm-none-eabi/11.3.1/../../../../arm-none-eabi/lib/thumb/v7e-m+fp/hard\libc_nano.a(libc_a-init.o)
                0x0000000008006084                __libc_init_array
 .text.memcpy   0x00000000080060cc       0x1c C:/ST/STM32CubeIDE_1.14.1/STM32CubeIDE/plugins/com.st.stm32cube.ide.mcu.externaltools.gnu-tools-for-stm32.11.3.rel1.win32_1.1.100.202309141235/tools/bin/../lib/gcc/arm-none-eabi/11.3.1/../../../../arm-none-eabi/lib/thumb/v7e-m+fp/hard\libc_nano.a(libc_a-memcpy-stub.o)
                0x00000000080060cc                memcpy
 *(.glue_7)
 .glue_7        0x00000000080060e8        0x0 linker stubs
 *(.glue_7t)
 .glue_7t       0x00000000080060e8        0x0 linker stubs
 *(.eh_frame)
 .eh_frame      0x00000000080060e8        0x0 C:/ST/STM32CubeIDE_1.14.1/STM32CubeIDE/plugins/com.st.stm32cube.ide.mcu.externaltools.gnu-tools-for-stm32.11.3.rel1.win32_1.1.100.202309141235/tools/bin/../lib/gcc/arm-none-eabi/11.3.1/thumb/v7e-m+fp/hard/crtbegin.o
 *(.init)
 .init          0x00000000080060e8        0x4 C:/ST/STM32CubeIDE_1.14.1/STM32CubeIDE/plugins/com.st.stm32cube.ide.mcu.externaltools.gnu-tools-for-stm32.11.3.rel1.win32_1.1.100.202309141235/tools/bin/../lib/gcc/arm-none-eabi/11.3.1/thumb/v7e-m+fp/hard/crti.o
                0x00000000080060e8                _init
 .init          0x00000000080060ec        0x8 C:/ST/STM32CubeIDE_1.14.1/STM32CubeIDE/plugins/com.st.stm32cube.ide.mcu.externaltools.gnu-tools-for-stm32.11.3.rel1.win32_1.1.100.202309141235/tools/bin/../lib/gcc/arm-none-eabi/11.3.1/thumb/v7e-m+fp/hard/crtn.o
 *(.fini)
 .fini          0x00000000080060f4        0x4 C:/ST/STM32CubeIDE_1.14.1/STM32CubeIDE/plugins/com.st.stm32cube.ide.mcu.externaltools.gnu-tools-for-stm32.11.3.rel1.win32_1.1.100.202309141235/tools/bin/../lib/gcc/arm-none-eabi/11.3.1/thumb/v7e-m+fp/hard/crti.o
                0x00000000080060f4                _fini
 .fini          0x00000000080060f8        0x8 C:/ST/STM32CubeIDE_1.14.1/STM32CubeIDE/plugins/com.st.stm32cube.ide.mcu.externaltools.gnu-tools-for-stm32.11.3.rel1.win32_1.1.100.202309141235/tools/bin/../lib/gcc/arm-none-eabi/11.3.1/thumb/v7e-m+fp/hard/crtn.o
                0x0000000008006100                . = ALIGN (0x4)
                0x0000000008006100                _etext = .

.vfp11_veneer   0x0000000008006100        0x0
 .vfp11_veneer  0x0000000008006100        0x0 linker stubs

.v4_bx          0x0000000008006100        0x0
 .v4_bx         0x0000000008006100        0x0 linker stubs

.iplt           0x0000000008006100        0x0
 .iplt          0x0000000008006100        0x0 C:/ST/STM32CubeIDE_1.14.1/STM32CubeIDE/plugins/com.st.stm32cube.ide.mcu.externaltools.gnu-tools-for-stm32.11.3.rel1.win32_1.1.100.202309141235/tools/bin/../lib/gcc/arm-none-eabi/11.3.1/thumb/v7e-m+fp/hard/crtbegin.o

.rodata         0x0000000008006100       0xd0
                0x0000000008006100                . = ALIGN (0x4)
 *(.rodata)
 .rodata        0x0000000008006100       0x4e ./Core/Src/main.o
 *fill*         0x000000000800614e        0x2 
 .rodata        0x0000000008006150        0x5 ./FreeRTOS/Source/tasks.o
 *fill*         0x0000000008006155        0x3 
 .rodata        0x0000000008006158        0x8 ./FreeRTOS/Source/timers.o
 *(.rodata*)
 .rodata.AHBPrescTable
                0x0000000008006160       0x10 ./Core/Src/system_stm32l4xx.o
                0x0000000008006160                AHBPrescTable
 .rodata.APBPrescTable
                0x0000000008006170        0x8 ./Core/Src/system_stm32l4xx.o
                0x0000000008006170                APBPrescTable
 .rodata.MSIRangeTable
                0x0000000008006178       0x30 ./Core/Src/system_stm32l4xx.o
                0x0000000008006178                MSIRangeTable
 .rodata.UARTPrescTable
                0x00000000080061a8       0x18 ./Drivers/STM32L4xx_HAL_Driver/Src/stm32l4xx_hal_uart.o
                0x00000000080061a8                UARTPrescTable
 .rodata.numerator.1
                0x00000000080061c0        0x8 ./Drivers/STM32L4xx_HAL_Driver/Src/stm32l4xx_hal_uart_ex.o
 .rodata.denominator.0
                0x00000000080061c8        0x8 ./Drivers/STM32L4xx_HAL_Driver/Src/stm32l4xx_hal_uart_ex.o
                0x00000000080061d0                . = ALIGN (0x4)

.ARM.extab      0x00000000080061d0        0x0
                0x00000000080061d0                . = ALIGN (0x4)
 *(.ARM.extab* .gnu.linkonce.armextab.*)
                0x00000000080061d0                . = ALIGN (0x4)

.ARM            0x00000000080061d0        0x8
                0x00000000080061d0                . = ALIGN (0x4)
                0x00000000080061d0                __exidx_start = .
 *(.ARM.exidx*)
 .ARM.exidx     0x00000000080061d0        0x8 C:/ST/STM32CubeIDE_1.14.1/STM32CubeIDE/plugins/com.st.stm32cube.ide.mcu.externaltools.gnu-tools-for-stm32.11.3.rel1.win32_1.1.100.202309141235/tools/bin/../lib/gcc/arm-none-eabi/11.3.1/thumb/v7e-m+fp/hard\libgcc.a(_udivmoddi4.o)
                0x00000000080061d8                __exidx_end = .
                0x00000000080061d8                . = ALIGN (0x4)

.rel.dyn        0x00000000080061d8        0x0
 .rel.iplt      0x00000000080061d8        0x0 C:/ST/STM32CubeIDE_1.14.1/STM32CubeIDE/plugins/com.st.stm32cube.ide.mcu.externaltools.gnu-tools-for-stm32.11.3.rel1.win32_1.1.100.202309141235/tools/bin/../lib/gcc/arm-none-eabi/11.3.1/thumb/v7e-m+fp/hard/crtbegin.o

.preinit_array  0x00000000080061d8        0x0
                0x00000000080061d8                . = ALIGN (0x4)
                0x00000000080061d8                PROVIDE (__preinit_array_start = .)
 *(.preinit_array*)
                0x00000000080061d8                PROVIDE (__preinit_array_end = .)
                0x00000000080061d8                . = ALIGN (0x4)

.init_array     0x00000000080061d8        0x4
                0x00000000080061d8                . = ALIGN (0x4)
                0x00000000080061d8                PROVIDE (__init_array_start = .)
 *(SORT_BY_NAME(.init_array.*))
 *(.init_array*)
 .init_array    0x00000000080061d8        0x4 C:/ST/STM32CubeIDE_1.14.1/STM32CubeIDE/plugins/com.st.stm32cube.ide.mcu.externaltools.gnu-tools-for-stm32.11.3.rel1.win32_1.1.100.202309141235/tools/bin/../lib/gcc/arm-none-eabi/11.3.1/thumb/v7e-m+fp/hard/crtbegin.o
                0x00000000080061dc                PROVIDE (__init_array_end = .)
                0x00000000080061dc                . = ALIGN (0x4)

.fini_array     0x00000000080061dc        0x4
                0x00000000080061dc                . = ALIGN (0x4)
                [!provide]                        PROVIDE (__fini_array_start = .)
 *(SORT_BY_NAME(.fini_array.*))
 *(.fini_array*)
 .fini_array    0x00000000080061dc        0x4 C:/ST/STM32CubeIDE_1.14.1/STM32CubeIDE/plugins/com.st.stm32cube.ide.mcu.externaltools.gnu-tools-for-stm32.11.3.rel1.win32_1.1.100.202309141235/tools/bin/../lib/gcc/arm-none-eabi/11.3.1/thumb/v7e-m+fp/hard/crtbegin.o
                [!provide]                        PROVIDE (__fini_array_end = .)
                0x00000000080061e0                . = ALIGN (0x4)
                0x00000000080061e0                _sidata = LOADADDR (.data)

.data           0x0000000020000000       0x14 load address 0x00000000080061e0
                0x0000000020000000                . = ALIGN (0x4)
                0x0000000020000000                _sdata = .
 *(.data)
 *(.data*)
 .data.SystemCoreClock
                0x0000000020000000        0x4 ./Core/Src/system_stm32l4xx.o
                0x0000000020000000                SystemCoreClock
 .data.uwTickPrio
                0x0000000020000004        0x4 ./Drivers/STM32L4xx_HAL_Driver/Src/stm32l4xx_hal.o
                0x0000000020000004                uwTickPrio
 .data.uwTickFreq
                0x0000000020000008        0x1 ./Drivers/STM32L4xx_HAL_Driver/Src/stm32l4xx_hal.o
                0x0000000020000008                uwTickFreq
 *fill*         0x0000000020000009        0x3 
 .data.uxTopUsedPriority
                0x000000002000000c        0x4 ./FreeRTOS/Source/tasks.o
                0x000000002000000c                uxTopUsedPriority
 .data.uxCriticalNesting
                0x0000000020000010        0x4 ./FreeRTOS/Source/portable/GCC/ARM_CM4F/port.o
 *(.RamFunc)
 *(.RamFunc*)
                0x0000000020000014                . = ALIGN (0x4)
                0x0000000020000014                _edata = .

.igot.plt       0x0000000020000014        0x0 load address 0x00000000080061f4
 .igot.plt      0x0000000020000014        0x0 C:/ST/STM32CubeIDE_1.14.1/STM32CubeIDE/plugins/com.st.stm32cube.ide.mcu.externaltools.gnu-tools-for-stm32.11.3.rel1.win32_1.1.100.202309141235/tools/bin/../lib/gcc/arm-none-eabi/11.3.1/thumb/v7e-m+fp/hard/crtbegin.o
                0x0000000020000014                . = ALIGN (0x4)

.bss            0x0000000020000014    0x1e26c load address 0x00000000080061f4
                0x0000000020000014                _sbss = .
                0x0000000020000014                __bss_start__ = _sbss
 *(.bss)
 .bss           0x0000000020000014       0x1c C:/ST/STM32CubeIDE_1.14.1/STM32CubeIDE/plugins/com.st.stm32cube.ide.mcu.externaltools.gnu-tools-for-stm32.11.3.rel1.win32_1.1.100.202309141235/tools/bin/../lib/gcc/arm-none-eabi/11.3.1/thumb/v7e-m+fp/hard/crtbegin.o
 *(.bss*)
 .bss.hlpuart1  0x0000000020000030       0x94 ./Core/Src/main.o
                0x0000000020000030                hlpuart1
 .bss.uartHandle
                0x00000000200000c4        0x4 ./Core/Src/main.o
                0x00000000200000c4                uartHandle
 .bss.LedHandle
                0x00000000200000c8        0x4 ./Core/Src/main.o
                0x00000000200000c8                LedHandle
 .bss.htim6     0x00000000200000cc       0x4c ./Core/Src/stm32l4xx_hal_timebase_tim.o
                0x00000000200000cc                htim6
 .bss.uwTick    0x0000000020000118        0x4 ./Drivers/STM32L4xx_HAL_Driver/Src/stm32l4xx_hal.o
                0x0000000020000118                uwTick
 .bss.pxCurrentTCB
                0x000000002000011c        0x4 ./FreeRTOS/Source/tasks.o
                0x000000002000011c                pxCurrentTCB
 .bss.pxReadyTasksLists
                0x0000000020000120       0x64 ./FreeRTOS/Source/tasks.o
 .bss.xDelayedTaskList1
                0x0000000020000184       0x14 ./FreeRTOS/Source/tasks.o
 .bss.xDelayedTaskList2
                0x0000000020000198       0x14 ./FreeRTOS/Source/tasks.o
 .bss.pxDelayedTaskList
                0x00000000200001ac        0x4 ./FreeRTOS/Source/tasks.o
 .bss.pxOverflowDelayedTaskList
                0x00000000200001b0        0x4 ./FreeRTOS/Source/tasks.o
 .bss.xPendingReadyList
                0x00000000200001b4       0x14 ./FreeRTOS/Source/tasks.o
 .bss.xTasksWaitingTermination
                0x00000000200001c8       0x14 ./FreeRTOS/Source/tasks.o
 .bss.uxDeletedTasksWaitingCleanUp
                0x00000000200001dc        0x4 ./FreeRTOS/Source/tasks.o
 .bss.xSuspendedTaskList
                0x00000000200001e0       0x14 ./FreeRTOS/Source/tasks.o
 .bss.uxCurrentNumberOfTasks
                0x00000000200001f4        0x4 ./FreeRTOS/Source/tasks.o
 .bss.xTickCount
                0x00000000200001f8        0x4 ./FreeRTOS/Source/tasks.o
 .bss.uxTopReadyPriority
                0x00000000200001fc        0x4 ./FreeRTOS/Source/tasks.o
 .bss.xSchedulerRunning
                0x0000000020000200        0x4 ./FreeRTOS/Source/tasks.o
 .bss.xPendedTicks
                0x0000000020000204        0x4 ./FreeRTOS/Source/tasks.o
 .bss.xYieldPending
                0x0000000020000208        0x4 ./FreeRTOS/Source/tasks.o
 .bss.xNumOfOverflows
                0x000000002000020c        0x4 ./FreeRTOS/Source/tasks.o
 .bss.uxTaskNumber
                0x0000000020000210        0x4 ./FreeRTOS/Source/tasks.o
 .bss.xNextTaskUnblockTime
                0x0000000020000214        0x4 ./FreeRTOS/Source/tasks.o
 .bss.xIdleTaskHandle
                0x0000000020000218        0x4 ./FreeRTOS/Source/tasks.o
 .bss.uxSchedulerSuspended
                0x000000002000021c        0x4 ./FreeRTOS/Source/tasks.o
 .bss.xActiveTimerList1
                0x0000000020000220       0x14 ./FreeRTOS/Source/timers.o
 .bss.xActiveTimerList2
                0x0000000020000234       0x14 ./FreeRTOS/Source/timers.o
 .bss.pxCurrentTimerList
                0x0000000020000248        0x4 ./FreeRTOS/Source/timers.o
 .bss.pxOverflowTimerList
                0x000000002000024c        0x4 ./FreeRTOS/Source/timers.o
 .bss.xTimerQueue
                0x0000000020000250        0x4 ./FreeRTOS/Source/timers.o
 .bss.xTimerTaskHandle
                0x0000000020000254        0x4 ./FreeRTOS/Source/timers.o
 .bss.xLastTime.0
                0x0000000020000258        0x4 ./FreeRTOS/Source/timers.o
 .bss.ucMaxSysCallPriority
                0x000000002000025c        0x1 ./FreeRTOS/Source/portable/GCC/ARM_CM4F/port.o
 *fill*         0x000000002000025d        0x3 
 .bss.ulMaxPRIGROUPValue
                0x0000000020000260        0x4 ./FreeRTOS/Source/portable/GCC/ARM_CM4F/port.o
 .bss.ucHeap    0x0000000020000264    0x1e000 ./FreeRTOS/Source/portable/MemMang/heap_4.o
 .bss.xStart    0x000000002001e264        0x8 ./FreeRTOS/Source/portable/MemMang/heap_4.o
 .bss.pxEnd     0x000000002001e26c        0x4 ./FreeRTOS/Source/portable/MemMang/heap_4.o
 .bss.xFreeBytesRemaining
                0x000000002001e270        0x4 ./FreeRTOS/Source/portable/MemMang/heap_4.o
 .bss.xMinimumEverFreeBytesRemaining
                0x000000002001e274        0x4 ./FreeRTOS/Source/portable/MemMang/heap_4.o
 .bss.xNumberOfSuccessfulAllocations
                0x000000002001e278        0x4 ./FreeRTOS/Source/portable/MemMang/heap_4.o
 .bss.xNumberOfSuccessfulFrees
                0x000000002001e27c        0x4 ./FreeRTOS/Source/portable/MemMang/heap_4.o
 *(COMMON)
                0x000000002001e280                . = ALIGN (0x4)
                0x000000002001e280                _ebss = .
                0x000000002001e280                __bss_end__ = _ebss

._user_heap_stack
                0x000000002001e280      0x600 load address 0x00000000080061f4
                0x000000002001e280                . = ALIGN (0x8)
                [!provide]                        PROVIDE (end = .)
                0x000000002001e280                PROVIDE (_end = .)
                0x000000002001e480                . = (. + _Min_Heap_Size)
 *fill*         0x000000002001e280      0x200 
                0x000000002001e880                . = (. + _Min_Stack_Size)
 *fill*         0x000000002001e480      0x400 
                0x000000002001e880                . = ALIGN (0x8)

/DISCARD/
 libc.a(*)
 libm.a(*)
 libgcc.a(*)

.ARM.attributes
                0x0000000000000000       0x30
 *(.ARM.attributes)
 .ARM.attributes
                0x0000000000000000       0x1e C:/ST/STM32CubeIDE_1.14.1/STM32CubeIDE/plugins/com.st.stm32cube.ide.mcu.externaltools.gnu-tools-for-stm32.11.3.rel1.win32_1.1.100.202309141235/tools/bin/../lib/gcc/arm-none-eabi/11.3.1/thumb/v7e-m+fp/hard/crti.o
 .ARM.attributes
                0x000000000000001e       0x34 C:/ST/STM32CubeIDE_1.14.1/STM32CubeIDE/plugins/com.st.stm32cube.ide.mcu.externaltools.gnu-tools-for-stm32.11.3.rel1.win32_1.1.100.202309141235/tools/bin/../lib/gcc/arm-none-eabi/11.3.1/thumb/v7e-m+fp/hard/crtbegin.o
 .ARM.attributes
                0x0000000000000052       0x34 ./Core/Src/main.o
 .ARM.attributes
                0x0000000000000086       0x34 ./Core/Src/stm32l4xx_hal_msp.o
 .ARM.attributes
                0x00000000000000ba       0x34 ./Core/Src/stm32l4xx_hal_timebase_tim.o
 .ARM.attributes
                0x00000000000000ee       0x34 ./Core/Src/stm32l4xx_it.o
 .ARM.attributes
                0x0000000000000122       0x34 ./Core/Src/system_stm32l4xx.o
 .ARM.attributes
                0x0000000000000156       0x21 ./Core/Startup/startup_stm32l4r5zitx.o
 .ARM.attributes
                0x0000000000000177       0x34 ./Drivers/STM32L4xx_HAL_Driver/Src/stm32l4xx_hal.o
 .ARM.attributes
                0x00000000000001ab       0x34 ./Drivers/STM32L4xx_HAL_Driver/Src/stm32l4xx_hal_cortex.o
 .ARM.attributes
                0x00000000000001df       0x34 ./Drivers/STM32L4xx_HAL_Driver/Src/stm32l4xx_hal_gpio.o
 .ARM.attributes
                0x0000000000000213       0x34 ./Drivers/STM32L4xx_HAL_Driver/Src/stm32l4xx_hal_pwr_ex.o
 .ARM.attributes
                0x0000000000000247       0x34 ./Drivers/STM32L4xx_HAL_Driver/Src/stm32l4xx_hal_rcc.o
 .ARM.attributes
                0x000000000000027b       0x34 ./Drivers/STM32L4xx_HAL_Driver/Src/stm32l4xx_hal_rcc_ex.o
 .ARM.attributes
                0x00000000000002af       0x34 ./Drivers/STM32L4xx_HAL_Driver/Src/stm32l4xx_hal_tim.o
 .ARM.attributes
                0x00000000000002e3       0x34 ./Drivers/STM32L4xx_HAL_Driver/Src/stm32l4xx_hal_tim_ex.o
 .ARM.attributes
                0x0000000000000317       0x34 ./Drivers/STM32L4xx_HAL_Driver/Src/stm32l4xx_hal_uart.o
 .ARM.attributes
                0x000000000000034b       0x34 ./Drivers/STM32L4xx_HAL_Driver/Src/stm32l4xx_hal_uart_ex.o
 .ARM.attributes
                0x000000000000037f       0x34 ./FreeRTOS/Source/list.o
 .ARM.attributes
                0x00000000000003b3       0x34 ./FreeRTOS/Source/queue.o
 .ARM.attributes
                0x00000000000003e7       0x34 ./FreeRTOS/Source/tasks.o
 .ARM.attributes
                0x000000000000041b       0x34 ./FreeRTOS/Source/timers.o
 .ARM.attributes
                0x000000000000044f       0x34 ./FreeRTOS/Source/portable/GCC/ARM_CM4F/port.o
 .ARM.attributes
                0x0000000000000483       0x34 ./FreeRTOS/Source/portable/MemMang/heap_4.o
 .ARM.attributes
                0x00000000000004b7       0x34 C:/ST/STM32CubeIDE_1.14.1/STM32CubeIDE/plugins/com.st.stm32cube.ide.mcu.externaltools.gnu-tools-for-stm32.11.3.rel1.win32_1.1.100.202309141235/tools/bin/../lib/gcc/arm-none-eabi/11.3.1/../../../../arm-none-eabi/lib/thumb/v7e-m+fp/hard\libc_nano.a(libc_a-memset.o)
 .ARM.attributes
                0x00000000000004eb       0x34 C:/ST/STM32CubeIDE_1.14.1/STM32CubeIDE/plugins/com.st.stm32cube.ide.mcu.externaltools.gnu-tools-for-stm32.11.3.rel1.win32_1.1.100.202309141235/tools/bin/../lib/gcc/arm-none-eabi/11.3.1/../../../../arm-none-eabi/lib/thumb/v7e-m+fp/hard\libc_nano.a(libc_a-init.o)
 .ARM.attributes
                0x000000000000051f       0x34 C:/ST/STM32CubeIDE_1.14.1/STM32CubeIDE/plugins/com.st.stm32cube.ide.mcu.externaltools.gnu-tools-for-stm32.11.3.rel1.win32_1.1.100.202309141235/tools/bin/../lib/gcc/arm-none-eabi/11.3.1/../../../../arm-none-eabi/lib/thumb/v7e-m+fp/hard\libc_nano.a(libc_a-memcpy-stub.o)
 .ARM.attributes
                0x0000000000000553       0x1e C:/ST/STM32CubeIDE_1.14.1/STM32CubeIDE/plugins/com.st.stm32cube.ide.mcu.externaltools.gnu-tools-for-stm32.11.3.rel1.win32_1.1.100.202309141235/tools/bin/../lib/gcc/arm-none-eabi/11.3.1/thumb/v7e-m+fp/hard\libgcc.a(_aeabi_uldivmod.o)
 .ARM.attributes
                0x0000000000000571       0x34 C:/ST/STM32CubeIDE_1.14.1/STM32CubeIDE/plugins/com.st.stm32cube.ide.mcu.externaltools.gnu-tools-for-stm32.11.3.rel1.win32_1.1.100.202309141235/tools/bin/../lib/gcc/arm-none-eabi/11.3.1/thumb/v7e-m+fp/hard\libgcc.a(_udivmoddi4.o)
 .ARM.attributes
                0x00000000000005a5       0x1e C:/ST/STM32CubeIDE_1.14.1/STM32CubeIDE/plugins/com.st.stm32cube.ide.mcu.externaltools.gnu-tools-for-stm32.11.3.rel1.win32_1.1.100.202309141235/tools/bin/../lib/gcc/arm-none-eabi/11.3.1/thumb/v7e-m+fp/hard\libgcc.a(_dvmd_tls.o)
 .ARM.attributes
                0x00000000000005c3       0x1e C:/ST/STM32CubeIDE_1.14.1/STM32CubeIDE/plugins/com.st.stm32cube.ide.mcu.externaltools.gnu-tools-for-stm32.11.3.rel1.win32_1.1.100.202309141235/tools/bin/../lib/gcc/arm-none-eabi/11.3.1/thumb/v7e-m+fp/hard/crtn.o
OUTPUT(RTOS_Software_Timers.elf elf32-littlearm)
LOAD linker stubs
LOAD C:/ST/STM32CubeIDE_1.14.1/STM32CubeIDE/plugins/com.st.stm32cube.ide.mcu.externaltools.gnu-tools-for-stm32.11.3.rel1.win32_1.1.100.202309141235/tools/bin/../lib/gcc/arm-none-eabi/11.3.1/../../../../arm-none-eabi/lib/thumb/v7e-m+fp/hard\libc.a
LOAD C:/ST/STM32CubeIDE_1.14.1/STM32CubeIDE/plugins/com.st.stm32cube.ide.mcu.externaltools.gnu-tools-for-stm32.11.3.rel1.win32_1.1.100.202309141235/tools/bin/../lib/gcc/arm-none-eabi/11.3.1/../../../../arm-none-eabi/lib/thumb/v7e-m+fp/hard\libm.a
LOAD C:/ST/STM32CubeIDE_1.14.1/STM32CubeIDE/plugins/com.st.stm32cube.ide.mcu.externaltools.gnu-tools-for-stm32.11.3.rel1.win32_1.1.100.202309141235/tools/bin/../lib/gcc/arm-none-eabi/11.3.1/thumb/v7e-m+fp/hard\libgcc.a

.comment        0x0000000000000000       0x43
 .comment       0x0000000000000000       0x43 C:/ST/STM32CubeIDE_1.14.1/STM32CubeIDE/plugins/com.st.stm32cube.ide.mcu.externaltools.gnu-tools-for-stm32.11.3.rel1.win32_1.1.100.202309141235/tools/bin/../lib/gcc/arm-none-eabi/11.3.1/thumb/v7e-m+fp/hard/crtbegin.o
                                         0x44 (size before relaxing)
 .comment       0x0000000000000043       0x44 ./Core/Src/main.o
 .comment       0x0000000000000043       0x44 ./Core/Src/stm32l4xx_hal_msp.o
 .comment       0x0000000000000043       0x44 ./Core/Src/stm32l4xx_hal_timebase_tim.o
 .comment       0x0000000000000043       0x44 ./Core/Src/stm32l4xx_it.o
 .comment       0x0000000000000043       0x44 ./Core/Src/system_stm32l4xx.o
 .comment       0x0000000000000043       0x44 ./Drivers/STM32L4xx_HAL_Driver/Src/stm32l4xx_hal.o
 .comment       0x0000000000000043       0x44 ./Drivers/STM32L4xx_HAL_Driver/Src/stm32l4xx_hal_cortex.o
 .comment       0x0000000000000043       0x44 ./Drivers/STM32L4xx_HAL_Driver/Src/stm32l4xx_hal_gpio.o
 .comment       0x0000000000000043       0x44 ./Drivers/STM32L4xx_HAL_Driver/Src/stm32l4xx_hal_pwr_ex.o
 .comment       0x0000000000000043       0x44 ./Drivers/STM32L4xx_HAL_Driver/Src/stm32l4xx_hal_rcc.o
 .comment       0x0000000000000043       0x44 ./Drivers/STM32L4xx_HAL_Driver/Src/stm32l4xx_hal_rcc_ex.o
 .comment       0x0000000000000043       0x44 ./Drivers/STM32L4xx_HAL_Driver/Src/stm32l4xx_hal_tim.o
 .comment       0x0000000000000043       0x44 ./Drivers/STM32L4xx_HAL_Driver/Src/stm32l4xx_hal_tim_ex.o
 .comment       0x0000000000000043       0x44 ./Drivers/STM32L4xx_HAL_Driver/Src/stm32l4xx_hal_uart.o
 .comment       0x0000000000000043       0x44 ./Drivers/STM32L4xx_HAL_Driver/Src/stm32l4xx_hal_uart_ex.o
 .comment       0x0000000000000043       0x44 ./FreeRTOS/Source/list.o
 .comment       0x0000000000000043       0x44 ./FreeRTOS/Source/queue.o
 .comment       0x0000000000000043       0x44 ./FreeRTOS/Source/tasks.o
 .comment       0x0000000000000043       0x44 ./FreeRTOS/Source/timers.o
 .comment       0x0000000000000043       0x44 ./FreeRTOS/Source/portable/GCC/ARM_CM4F/port.o
 .comment       0x0000000000000043       0x44 ./FreeRTOS/Source/portable/MemMang/heap_4.o

.debug_info     0x0000000000000000    0x1745c
 .debug_info    0x0000000000000000     0x1548 ./Core/Src/main.o
 .debug_info    0x0000000000001548      0xeda ./Core/Src/stm32l4xx_hal_msp.o
 .debug_info    0x0000000000002422      0xdf7 ./Core/Src/stm32l4xx_hal_timebase_tim.o
 .debug_info    0x0000000000003219      0x7f6 ./Core/Src/stm32l4xx_it.o
 .debug_info    0x0000000000003a0f      0x5e9 ./Core/Src/system_stm32l4xx.o
 .debug_info    0x0000000000003ff8       0x23 ./Core/Startup/startup_stm32l4r5zitx.o
 .debug_info    0x000000000000401b      0xb49 ./Drivers/STM32L4xx_HAL_Driver/Src/stm32l4xx_hal.o
 .debug_info    0x0000000000004b64      0xd64 ./Drivers/STM32L4xx_HAL_Driver/Src/stm32l4xx_hal_cortex.o
 .debug_info    0x00000000000058c8      0x787 ./Drivers/STM32L4xx_HAL_Driver/Src/stm32l4xx_hal_gpio.o
 .debug_info    0x000000000000604f      0xa0a ./Drivers/STM32L4xx_HAL_Driver/Src/stm32l4xx_hal_pwr_ex.o
 .debug_info    0x0000000000006a59      0xd32 ./Drivers/STM32L4xx_HAL_Driver/Src/stm32l4xx_hal_rcc.o
 .debug_info    0x000000000000778b     0x1167 ./Drivers/STM32L4xx_HAL_Driver/Src/stm32l4xx_hal_rcc_ex.o
 .debug_info    0x00000000000088f2     0x2bc0 ./Drivers/STM32L4xx_HAL_Driver/Src/stm32l4xx_hal_tim.o
 .debug_info    0x000000000000b4b2     0x17c4 ./Drivers/STM32L4xx_HAL_Driver/Src/stm32l4xx_hal_tim_ex.o
 .debug_info    0x000000000000cc76     0x4875 ./Drivers/STM32L4xx_HAL_Driver/Src/stm32l4xx_hal_uart.o
 .debug_info    0x00000000000114eb     0x1018 ./Drivers/STM32L4xx_HAL_Driver/Src/stm32l4xx_hal_uart_ex.o
 .debug_info    0x0000000000012503      0x2af ./FreeRTOS/Source/list.o
 .debug_info    0x00000000000127b2     0x14eb ./FreeRTOS/Source/queue.o
 .debug_info    0x0000000000013c9d     0x2024 ./FreeRTOS/Source/tasks.o
 .debug_info    0x0000000000015cc1      0xd97 ./FreeRTOS/Source/timers.o
 .debug_info    0x0000000000016a58      0x4e1 ./FreeRTOS/Source/portable/GCC/ARM_CM4F/port.o
 .debug_info    0x0000000000016f39      0x523 ./FreeRTOS/Source/portable/MemMang/heap_4.o

.debug_abbrev   0x0000000000000000     0x3195
 .debug_abbrev  0x0000000000000000      0x2f1 ./Core/Src/main.o
 .debug_abbrev  0x00000000000002f1      0x1e4 ./Core/Src/stm32l4xx_hal_msp.o
 .debug_abbrev  0x00000000000004d5      0x1f2 ./Core/Src/stm32l4xx_hal_timebase_tim.o
 .debug_abbrev  0x00000000000006c7      0x17c ./Core/Src/stm32l4xx_it.o
 .debug_abbrev  0x0000000000000843      0x11a ./Core/Src/system_stm32l4xx.o
 .debug_abbrev  0x000000000000095d       0x12 ./Core/Startup/startup_stm32l4r5zitx.o
 .debug_abbrev  0x000000000000096f      0x242 ./Drivers/STM32L4xx_HAL_Driver/Src/stm32l4xx_hal.o
 .debug_abbrev  0x0000000000000bb1      0x327 ./Drivers/STM32L4xx_HAL_Driver/Src/stm32l4xx_hal_cortex.o
 .debug_abbrev  0x0000000000000ed8      0x1cb ./Drivers/STM32L4xx_HAL_Driver/Src/stm32l4xx_hal_gpio.o
 .debug_abbrev  0x00000000000010a3      0x1f9 ./Drivers/STM32L4xx_HAL_Driver/Src/stm32l4xx_hal_pwr_ex.o
 .debug_abbrev  0x000000000000129c      0x306 ./Drivers/STM32L4xx_HAL_Driver/Src/stm32l4xx_hal_rcc.o
 .debug_abbrev  0x00000000000015a2      0x2a3 ./Drivers/STM32L4xx_HAL_Driver/Src/stm32l4xx_hal_rcc_ex.o
 .debug_abbrev  0x0000000000001845      0x276 ./Drivers/STM32L4xx_HAL_Driver/Src/stm32l4xx_hal_tim.o
 .debug_abbrev  0x0000000000001abb      0x281 ./Drivers/STM32L4xx_HAL_Driver/Src/stm32l4xx_hal_tim_ex.o
 .debug_abbrev  0x0000000000001d3c      0x304 ./Drivers/STM32L4xx_HAL_Driver/Src/stm32l4xx_hal_uart.o
 .debug_abbrev  0x0000000000002040      0x2d2 ./Drivers/STM32L4xx_HAL_Driver/Src/stm32l4xx_hal_uart_ex.o
 .debug_abbrev  0x0000000000002312       0xf5 ./FreeRTOS/Source/list.o
 .debug_abbrev  0x0000000000002407      0x2ce ./FreeRTOS/Source/queue.o
 .debug_abbrev  0x00000000000026d5      0x35f ./FreeRTOS/Source/tasks.o
 .debug_abbrev  0x0000000000002a34      0x2b1 ./FreeRTOS/Source/timers.o
 .debug_abbrev  0x0000000000002ce5      0x25a ./FreeRTOS/Source/portable/GCC/ARM_CM4F/port.o
 .debug_abbrev  0x0000000000002f3f      0x256 ./FreeRTOS/Source/portable/MemMang/heap_4.o

.debug_aranges  0x0000000000000000     0x1408
 .debug_aranges
                0x0000000000000000       0x60 ./Core/Src/main.o
 .debug_aranges
                0x0000000000000060       0x30 ./Core/Src/stm32l4xx_hal_msp.o
 .debug_aranges
                0x0000000000000090       0x30 ./Core/Src/stm32l4xx_hal_timebase_tim.o
 .debug_aranges
                0x00000000000000c0       0x50 ./Core/Src/stm32l4xx_it.o
 .debug_aranges
                0x0000000000000110       0x28 ./Core/Src/system_stm32l4xx.o
 .debug_aranges
                0x0000000000000138       0x28 ./Core/Startup/startup_stm32l4r5zitx.o
 .debug_aranges
                0x0000000000000160      0x130 ./Drivers/STM32L4xx_HAL_Driver/Src/stm32l4xx_hal.o
 .debug_aranges
                0x0000000000000290      0x118 ./Drivers/STM32L4xx_HAL_Driver/Src/stm32l4xx_hal_cortex.o
 .debug_aranges
                0x00000000000003a8       0x58 ./Drivers/STM32L4xx_HAL_Driver/Src/stm32l4xx_hal_gpio.o
 .debug_aranges
                0x0000000000000400      0x170 ./Drivers/STM32L4xx_HAL_Driver/Src/stm32l4xx_hal_pwr_ex.o
 .debug_aranges
                0x0000000000000570       0x98 ./Drivers/STM32L4xx_HAL_Driver/Src/stm32l4xx_hal_rcc.o
 .debug_aranges
                0x0000000000000608      0x110 ./Drivers/STM32L4xx_HAL_Driver/Src/stm32l4xx_hal_rcc_ex.o
 .debug_aranges
                0x0000000000000718      0x3e0 ./Drivers/STM32L4xx_HAL_Driver/Src/stm32l4xx_hal_tim.o
 .debug_aranges
                0x0000000000000af8      0x180 ./Drivers/STM32L4xx_HAL_Driver/Src/stm32l4xx_hal_tim_ex.o
 .debug_aranges
                0x0000000000000c78      0x248 ./Drivers/STM32L4xx_HAL_Driver/Src/stm32l4xx_hal_uart.o
 .debug_aranges
                0x0000000000000ec0       0xa8 ./Drivers/STM32L4xx_HAL_Driver/Src/stm32l4xx_hal_uart_ex.o
 .debug_aranges
                0x0000000000000f68       0x40 ./FreeRTOS/Source/list.o
 .debug_aranges
                0x0000000000000fa8       0xe8 ./FreeRTOS/Source/queue.o
 .debug_aranges
                0x0000000000001090      0x1c0 ./FreeRTOS/Source/tasks.o
 .debug_aranges
                0x0000000000001250       0xd8 ./FreeRTOS/Source/timers.o
 .debug_aranges
                0x0000000000001328       0x80 ./FreeRTOS/Source/portable/GCC/ARM_CM4F/port.o
 .debug_aranges
                0x00000000000013a8       0x60 ./FreeRTOS/Source/portable/MemMang/heap_4.o

.debug_rnglists
                0x0000000000000000      0xfa0
 .debug_rnglists
                0x0000000000000000       0x46 ./Core/Src/main.o
 .debug_rnglists
                0x0000000000000046       0x20 ./Core/Src/stm32l4xx_hal_msp.o
 .debug_rnglists
                0x0000000000000066       0x20 ./Core/Src/stm32l4xx_hal_timebase_tim.o
 .debug_rnglists
                0x0000000000000086       0x37 ./Core/Src/stm32l4xx_it.o
 .debug_rnglists
                0x00000000000000bd       0x1a ./Core/Src/system_stm32l4xx.o
 .debug_rnglists
                0x00000000000000d7       0x19 ./Core/Startup/startup_stm32l4r5zitx.o
 .debug_rnglists
                0x00000000000000f0       0xdf ./Drivers/STM32L4xx_HAL_Driver/Src/stm32l4xx_hal.o
 .debug_rnglists
                0x00000000000001cf       0xce ./Drivers/STM32L4xx_HAL_Driver/Src/stm32l4xx_hal_cortex.o
 .debug_rnglists
                0x000000000000029d       0x3f ./Drivers/STM32L4xx_HAL_Driver/Src/stm32l4xx_hal_gpio.o
 .debug_rnglists
                0x00000000000002dc      0x115 ./Drivers/STM32L4xx_HAL_Driver/Src/stm32l4xx_hal_pwr_ex.o
 .debug_rnglists
                0x00000000000003f1       0x74 ./Drivers/STM32L4xx_HAL_Driver/Src/stm32l4xx_hal_rcc.o
 .debug_rnglists
                0x0000000000000465       0xd4 ./Drivers/STM32L4xx_HAL_Driver/Src/stm32l4xx_hal_rcc_ex.o
 .debug_rnglists
                0x0000000000000539      0x328 ./Drivers/STM32L4xx_HAL_Driver/Src/stm32l4xx_hal_tim.o
 .debug_rnglists
                0x0000000000000861      0x139 ./Drivers/STM32L4xx_HAL_Driver/Src/stm32l4xx_hal_tim_ex.o
 .debug_rnglists
                0x000000000000099a      0x1fa ./Drivers/STM32L4xx_HAL_Driver/Src/stm32l4xx_hal_uart.o
 .debug_rnglists
                0x0000000000000b94       0x7f ./Drivers/STM32L4xx_HAL_Driver/Src/stm32l4xx_hal_uart_ex.o
 .debug_rnglists
                0x0000000000000c13       0x2b ./FreeRTOS/Source/list.o
 .debug_rnglists
                0x0000000000000c3e       0xb5 ./FreeRTOS/Source/queue.o
 .debug_rnglists
                0x0000000000000cf3      0x167 ./FreeRTOS/Source/tasks.o
 .debug_rnglists
                0x0000000000000e5a       0xa1 ./FreeRTOS/Source/timers.o
 .debug_rnglists
                0x0000000000000efb       0x5d ./FreeRTOS/Source/portable/GCC/ARM_CM4F/port.o
 .debug_rnglists
                0x0000000000000f58       0x48 ./FreeRTOS/Source/portable/MemMang/heap_4.o

.debug_macro    0x0000000000000000    0x2b289
 .debug_macro   0x0000000000000000      0x275 ./Core/Src/main.o
 .debug_macro   0x0000000000000275      0xaa8 ./Core/Src/main.o
 .debug_macro   0x0000000000000d1d      0x1a7 ./Core/Src/main.o
 .debug_macro   0x0000000000000ec4       0x2e ./Core/Src/main.o
 .debug_macro   0x0000000000000ef2       0x28 ./Core/Src/main.o
 .debug_macro   0x0000000000000f1a       0x22 ./Core/Src/main.o
 .debug_macro   0x0000000000000f3c       0x8e ./Core/Src/main.o
 .debug_macro   0x0000000000000fca       0x51 ./Core/Src/main.o
 .debug_macro   0x000000000000101b      0x103 ./Core/Src/main.o
 .debug_macro   0x000000000000111e       0x6a ./Core/Src/main.o
 .debug_macro   0x0000000000001188      0x1df ./Core/Src/main.o
 .debug_macro   0x0000000000001367       0x1c ./Core/Src/main.o
 .debug_macro   0x0000000000001383       0x22 ./Core/Src/main.o
 .debug_macro   0x00000000000013a5       0xfb ./Core/Src/main.o
 .debug_macro   0x00000000000014a0     0x1011 ./Core/Src/main.o
 .debug_macro   0x00000000000024b1      0x11f ./Core/Src/main.o
 .debug_macro   0x00000000000025d0    0x1cb71 ./Core/Src/main.o
 .debug_macro   0x000000000001f141       0x6d ./Core/Src/main.o
 .debug_macro   0x000000000001f1ae     0x38ed ./Core/Src/main.o
 .debug_macro   0x0000000000022a9b      0x174 ./Core/Src/main.o
 .debug_macro   0x0000000000022c0f       0x5c ./Core/Src/main.o
 .debug_macro   0x0000000000022c6b     0x1884 ./Core/Src/main.o
 .debug_macro   0x00000000000244ef      0x7dc ./Core/Src/main.o
 .debug_macro   0x0000000000024ccb      0x1b9 ./Core/Src/main.o
 .debug_macro   0x0000000000024e84      0x225 ./Core/Src/main.o
 .debug_macro   0x00000000000250a9      0x486 ./Core/Src/main.o
 .debug_macro   0x000000000002552f      0x1ce ./Core/Src/main.o
 .debug_macro   0x00000000000256fd       0x43 ./Core/Src/main.o
 .debug_macro   0x0000000000025740      0x23d ./Core/Src/main.o
 .debug_macro   0x000000000002597d      0x241 ./Core/Src/main.o
 .debug_macro   0x0000000000025bbe      0x416 ./Core/Src/main.o
 .debug_macro   0x0000000000025fd4       0x1c ./Core/Src/main.o
 .debug_macro   0x0000000000025ff0       0xf2 ./Core/Src/main.o
 .debug_macro   0x00000000000260e2      0x122 ./Core/Src/main.o
 .debug_macro   0x0000000000026204      0x3f6 ./Core/Src/main.o
 .debug_macro   0x00000000000265fa      0xa98 ./Core/Src/main.o
 .debug_macro   0x0000000000027092      0x196 ./Core/Src/main.o
 .debug_macro   0x0000000000027228      0x693 ./Core/Src/main.o
 .debug_macro   0x00000000000278bb       0xa6 ./Core/Src/main.o
 .debug_macro   0x0000000000027961      0x432 ./Core/Src/main.o
 .debug_macro   0x0000000000027d93       0xd0 ./Core/Src/main.o
 .debug_macro   0x0000000000027e63      0x100 ./Core/Src/main.o
 .debug_macro   0x0000000000027f63      0x15a ./Core/Src/main.o
 .debug_macro   0x00000000000280bd       0xea ./Core/Src/main.o
 .debug_macro   0x00000000000281a7       0x28 ./Core/Src/main.o
 .debug_macro   0x00000000000281cf       0x1f ./Core/Src/main.o
 .debug_macro   0x00000000000281ee       0x12 ./Core/Src/main.o
 .debug_macro   0x0000000000028200      0x542 ./Core/Src/main.o
 .debug_macro   0x0000000000028742       0xc3 ./Core/Src/main.o
 .debug_macro   0x0000000000028805      0x120 ./Core/Src/main.o
 .debug_macro   0x0000000000028925       0x91 ./Core/Src/main.o
 .debug_macro   0x00000000000289b6       0x86 ./Core/Src/main.o
 .debug_macro   0x0000000000028a3c       0x62 ./Core/Src/main.o
 .debug_macro   0x0000000000028a9e      0x1dd ./Core/Src/stm32l4xx_hal_msp.o
 .debug_macro   0x0000000000028c7b      0x1ce ./Core/Src/stm32l4xx_hal_timebase_tim.o
 .debug_macro   0x0000000000028e49      0x1e7 ./Core/Src/stm32l4xx_it.o
 .debug_macro   0x0000000000029030      0x1ce ./Core/Src/system_stm32l4xx.o
 .debug_macro   0x00000000000291fe      0x21c ./Drivers/STM32L4xx_HAL_Driver/Src/stm32l4xx_hal.o
 .debug_macro   0x000000000002941a      0x1ce ./Drivers/STM32L4xx_HAL_Driver/Src/stm32l4xx_hal_cortex.o
 .debug_macro   0x00000000000295e8      0x1d5 ./Drivers/STM32L4xx_HAL_Driver/Src/stm32l4xx_hal_gpio.o
 .debug_macro   0x00000000000297bd      0x1f8 ./Drivers/STM32L4xx_HAL_Driver/Src/stm32l4xx_hal_pwr_ex.o
 .debug_macro   0x00000000000299b5      0x210 ./Drivers/STM32L4xx_HAL_Driver/Src/stm32l4xx_hal_rcc.o
 .debug_macro   0x0000000000029bc5      0x204 ./Drivers/STM32L4xx_HAL_Driver/Src/stm32l4xx_hal_rcc_ex.o
 .debug_macro   0x0000000000029dc9      0x1cf ./Drivers/STM32L4xx_HAL_Driver/Src/stm32l4xx_hal_tim.o
 .debug_macro   0x0000000000029f98      0x1ce ./Drivers/STM32L4xx_HAL_Driver/Src/stm32l4xx_hal_tim_ex.o
 .debug_macro   0x000000000002a166      0x1f9 ./Drivers/STM32L4xx_HAL_Driver/Src/stm32l4xx_hal_uart.o
 .debug_macro   0x000000000002a35f      0x1da ./Drivers/STM32L4xx_HAL_Driver/Src/stm32l4xx_hal_uart_ex.o
 .debug_macro   0x000000000002a539      0x198 ./FreeRTOS/Source/list.o
 .debug_macro   0x000000000002a6d1      0x22f ./FreeRTOS/Source/queue.o
 .debug_macro   0x000000000002a900       0x16 ./FreeRTOS/Source/queue.o
 .debug_macro   0x000000000002a916       0x20 ./FreeRTOS/Source/queue.o
 .debug_macro   0x000000000002a936       0x80 ./FreeRTOS/Source/queue.o
 .debug_macro   0x000000000002a9b6      0x27e ./FreeRTOS/Source/tasks.o
 .debug_macro   0x000000000002ac34       0x17 ./FreeRTOS/Source/tasks.o
 .debug_macro   0x000000000002ac4b      0x1e7 ./FreeRTOS/Source/timers.o
 .debug_macro   0x000000000002ae32       0x97 ./FreeRTOS/Source/timers.o
 .debug_macro   0x000000000002aec9      0x1a7 ./FreeRTOS/Source/portable/GCC/ARM_CM4F/port.o
 .debug_macro   0x000000000002b070      0x219 ./FreeRTOS/Source/portable/MemMang/heap_4.o

.debug_line     0x0000000000000000    0x182ad
 .debug_line    0x0000000000000000      0xac7 ./Core/Src/main.o
 .debug_line    0x0000000000000ac7      0x7cc ./Core/Src/stm32l4xx_hal_msp.o
 .debug_line    0x0000000000001293      0x7e2 ./Core/Src/stm32l4xx_hal_timebase_tim.o
 .debug_line    0x0000000000001a75      0x806 ./Core/Src/stm32l4xx_it.o
 .debug_line    0x000000000000227b      0x801 ./Core/Src/system_stm32l4xx.o
 .debug_line    0x0000000000002a7c       0x7a ./Core/Startup/startup_stm32l4r5zitx.o
 .debug_line    0x0000000000002af6      0xb59 ./Drivers/STM32L4xx_HAL_Driver/Src/stm32l4xx_hal.o
 .debug_line    0x000000000000364f      0xd00 ./Drivers/STM32L4xx_HAL_Driver/Src/stm32l4xx_hal_cortex.o
 .debug_line    0x000000000000434f      0xbb5 ./Drivers/STM32L4xx_HAL_Driver/Src/stm32l4xx_hal_gpio.o
 .debug_line    0x0000000000004f04      0xdc6 ./Drivers/STM32L4xx_HAL_Driver/Src/stm32l4xx_hal_pwr_ex.o
 .debug_line    0x0000000000005cca     0x10aa ./Drivers/STM32L4xx_HAL_Driver/Src/stm32l4xx_hal_rcc.o
 .debug_line    0x0000000000006d74     0x19c1 ./Drivers/STM32L4xx_HAL_Driver/Src/stm32l4xx_hal_rcc_ex.o
 .debug_line    0x0000000000008735     0x3e33 ./Drivers/STM32L4xx_HAL_Driver/Src/stm32l4xx_hal_tim.o
 .debug_line    0x000000000000c568     0x1c68 ./Drivers/STM32L4xx_HAL_Driver/Src/stm32l4xx_hal_tim_ex.o
 .debug_line    0x000000000000e1d0     0x3bd4 ./Drivers/STM32L4xx_HAL_Driver/Src/stm32l4xx_hal_uart.o
 .debug_line    0x0000000000011da4      0xdb5 ./Drivers/STM32L4xx_HAL_Driver/Src/stm32l4xx_hal_uart_ex.o
 .debug_line    0x0000000000012b59      0x7cf ./FreeRTOS/Source/list.o
 .debug_line    0x0000000000013328     0x1485 ./FreeRTOS/Source/queue.o
 .debug_line    0x00000000000147ad     0x1b54 ./FreeRTOS/Source/tasks.o
 .debug_line    0x0000000000016301      0xcb6 ./FreeRTOS/Source/timers.o
 .debug_line    0x0000000000016fb7      0x8a6 ./FreeRTOS/Source/portable/GCC/ARM_CM4F/port.o
 .debug_line    0x000000000001785d      0xa50 ./FreeRTOS/Source/portable/MemMang/heap_4.o

.debug_str      0x0000000000000000   0x1108c6
 .debug_str     0x0000000000000000   0x10617f ./Core/Src/main.o
                                     0x10658e (size before relaxing)
 .debug_str     0x000000000010617f      0x30e ./Core/Src/stm32l4xx_hal_msp.o
                                      0xffcf7 (size before relaxing)
 .debug_str     0x000000000010648d      0x58a ./Core/Src/stm32l4xx_hal_timebase_tim.o
                                      0xffd2a (size before relaxing)
 .debug_str     0x0000000000106a17       0xa5 ./Core/Src/stm32l4xx_it.o
                                      0xff8ba (size before relaxing)
 .debug_str     0x0000000000106abc       0xf2 ./Core/Src/system_stm32l4xx.o
                                      0xff148 (size before relaxing)
 .debug_str     0x0000000000106bae       0x34 ./Core/Startup/startup_stm32l4r5zitx.o
                                         0x66 (size before relaxing)
 .debug_str     0x0000000000106be2      0x60c ./Drivers/STM32L4xx_HAL_Driver/Src/stm32l4xx_hal.o
                                      0xffd18 (size before relaxing)
 .debug_str     0x00000000001071ee      0x331 ./Drivers/STM32L4xx_HAL_Driver/Src/stm32l4xx_hal_cortex.o
                                      0xff9a7 (size before relaxing)
 .debug_str     0x000000000010751f      0x112 ./Drivers/STM32L4xx_HAL_Driver/Src/stm32l4xx_hal_gpio.o
                                      0xff2c2 (size before relaxing)
 .debug_str     0x0000000000107631      0x57a ./Drivers/STM32L4xx_HAL_Driver/Src/stm32l4xx_hal_pwr_ex.o
                                      0xff71b (size before relaxing)
 .debug_str     0x0000000000107bab      0x39c ./Drivers/STM32L4xx_HAL_Driver/Src/stm32l4xx_hal_rcc.o
                                      0xff7bb (size before relaxing)
 .debug_str     0x0000000000107f47      0x5c5 ./Drivers/STM32L4xx_HAL_Driver/Src/stm32l4xx_hal_rcc_ex.o
                                      0xffb7c (size before relaxing)
 .debug_str     0x000000000010850c      0xe9f ./Drivers/STM32L4xx_HAL_Driver/Src/stm32l4xx_hal_tim.o
                                     0x100564 (size before relaxing)
 .debug_str     0x00000000001093ab      0x60d ./Drivers/STM32L4xx_HAL_Driver/Src/stm32l4xx_hal_tim_ex.o
                                      0xffe78 (size before relaxing)
 .debug_str     0x00000000001099b8      0x9d3 ./Drivers/STM32L4xx_HAL_Driver/Src/stm32l4xx_hal_uart.o
                                     0x1000ec (size before relaxing)
 .debug_str     0x000000000010a38b      0x264 ./Drivers/STM32L4xx_HAL_Driver/Src/stm32l4xx_hal_uart_ex.o
                                      0xff8fc (size before relaxing)
 .debug_str     0x000000000010a5ef     0x332c ./FreeRTOS/Source/list.o
                                       0xb12c (size before relaxing)
 .debug_str     0x000000000010d91b      0xbd1 ./FreeRTOS/Source/queue.o
                                       0xd69c (size before relaxing)
 .debug_str     0x000000000010e4ec     0x113e ./FreeRTOS/Source/tasks.o
                                       0xe010 (size before relaxing)
 .debug_str     0x000000000010f62a      0x4f7 ./FreeRTOS/Source/timers.o
                                       0xd95e (size before relaxing)
 .debug_str     0x000000000010fb21      0x7d2 ./FreeRTOS/Source/portable/GCC/ARM_CM4F/port.o
                                       0x9973 (size before relaxing)
 .debug_str     0x00000000001102f3      0x5d3 ./FreeRTOS/Source/portable/MemMang/heap_4.o
                                       0xc956 (size before relaxing)

.debug_frame    0x0000000000000000     0x53e0
 .debug_frame   0x0000000000000000      0x13c ./Core/Src/main.o
 .debug_frame   0x000000000000013c       0x84 ./Core/Src/stm32l4xx_hal_msp.o
 .debug_frame   0x00000000000001c0       0x74 ./Core/Src/stm32l4xx_hal_timebase_tim.o
 .debug_frame   0x0000000000000234       0xc4 ./Core/Src/stm32l4xx_it.o
 .debug_frame   0x00000000000002f8       0x58 ./Core/Src/system_stm32l4xx.o
 .debug_frame   0x0000000000000350      0x498 ./Drivers/STM32L4xx_HAL_Driver/Src/stm32l4xx_hal.o
 .debug_frame   0x00000000000007e8      0x498 ./Drivers/STM32L4xx_HAL_Driver/Src/stm32l4xx_hal_cortex.o
 .debug_frame   0x0000000000000c80      0x14c ./Drivers/STM32L4xx_HAL_Driver/Src/stm32l4xx_hal_gpio.o
 .debug_frame   0x0000000000000dcc      0x5c4 ./Drivers/STM32L4xx_HAL_Driver/Src/stm32l4xx_hal_pwr_ex.o
 .debug_frame   0x0000000000001390      0x248 ./Drivers/STM32L4xx_HAL_Driver/Src/stm32l4xx_hal_rcc.o
 .debug_frame   0x00000000000015d8      0x464 ./Drivers/STM32L4xx_HAL_Driver/Src/stm32l4xx_hal_rcc_ex.o
 .debug_frame   0x0000000000001a3c     0x1218 ./Drivers/STM32L4xx_HAL_Driver/Src/stm32l4xx_hal_tim.o
 .debug_frame   0x0000000000002c54      0x6b0 ./Drivers/STM32L4xx_HAL_Driver/Src/stm32l4xx_hal_tim_ex.o
 .debug_frame   0x0000000000003304      0xa94 ./Drivers/STM32L4xx_HAL_Driver/Src/stm32l4xx_hal_uart.o
 .debug_frame   0x0000000000003d98      0x2c0 ./Drivers/STM32L4xx_HAL_Driver/Src/stm32l4xx_hal_uart_ex.o
 .debug_frame   0x0000000000004058       0xd8 ./FreeRTOS/Source/list.o
 .debug_frame   0x0000000000004130      0x3cc ./FreeRTOS/Source/queue.o
 .debug_frame   0x00000000000044fc      0x7a0 ./FreeRTOS/Source/tasks.o
 .debug_frame   0x0000000000004c9c      0x378 ./FreeRTOS/Source/timers.o
 .debug_frame   0x0000000000005014      0x1a8 ./FreeRTOS/Source/portable/GCC/ARM_CM4F/port.o
 .debug_frame   0x00000000000051bc      0x150 ./FreeRTOS/Source/portable/MemMang/heap_4.o
 .debug_frame   0x000000000000530c       0x20 C:/ST/STM32CubeIDE_1.14.1/STM32CubeIDE/plugins/com.st.stm32cube.ide.mcu.externaltools.gnu-tools-for-stm32.11.3.rel1.win32_1.1.100.202309141235/tools/bin/../lib/gcc/arm-none-eabi/11.3.1/../../../../arm-none-eabi/lib/thumb/v7e-m+fp/hard\libc_nano.a(libc_a-memset.o)
 .debug_frame   0x000000000000532c       0x2c C:/ST/STM32CubeIDE_1.14.1/STM32CubeIDE/plugins/com.st.stm32cube.ide.mcu.externaltools.gnu-tools-for-stm32.11.3.rel1.win32_1.1.100.202309141235/tools/bin/../lib/gcc/arm-none-eabi/11.3.1/../../../../arm-none-eabi/lib/thumb/v7e-m+fp/hard\libc_nano.a(libc_a-init.o)
 .debug_frame   0x0000000000005358       0x28 C:/ST/STM32CubeIDE_1.14.1/STM32CubeIDE/plugins/com.st.stm32cube.ide.mcu.externaltools.gnu-tools-for-stm32.11.3.rel1.win32_1.1.100.202309141235/tools/bin/../lib/gcc/arm-none-eabi/11.3.1/../../../../arm-none-eabi/lib/thumb/v7e-m+fp/hard\libc_nano.a(libc_a-memcpy-stub.o)
 .debug_frame   0x0000000000005380       0x2c C:/ST/STM32CubeIDE_1.14.1/STM32CubeIDE/plugins/com.st.stm32cube.ide.mcu.externaltools.gnu-tools-for-stm32.11.3.rel1.win32_1.1.100.202309141235/tools/bin/../lib/gcc/arm-none-eabi/11.3.1/thumb/v7e-m+fp/hard\libgcc.a(_aeabi_uldivmod.o)
 .debug_frame   0x00000000000053ac       0x34 C:/ST/STM32CubeIDE_1.14.1/STM32CubeIDE/plugins/com.st.stm32cube.ide.mcu.externaltools.gnu-tools-for-stm32.11.3.rel1.win32_1.1.100.202309141235/tools/bin/../lib/gcc/arm-none-eabi/11.3.1/thumb/v7e-m+fp/hard\libgcc.a(_udivmoddi4.o)

.debug_line_str
                0x0000000000000000       0x5a
 .debug_line_str
                0x0000000000000000       0x5a ./Core/Startup/startup_stm32l4r5zitx.o
                                         0x72 (size before relaxing)
