../Core/Src/main.c:64:6:send_uart	16	static
../Core/Src/main.c:74:6:HPT_Task	104	static
../Core/Src/main.c:91:6:MPT_Task	40	static
../Core/Src/main.c:108:6:LPT_Task	104	static
../Core/Src/main.c:130:5:main	56	static
../Core/Src/main.c:188:6:SystemClock_Config	96	static
../Core/Src/main.c:232:13:MX_LPUART1_UART_Init	8	static
../Core/Src/main.c:280:13:MX_GPIO_Init	56	static
../Core/Src/main.c:365:6:HAL_TIM_PeriodElapsedCallback	16	static
../Core/Src/main.c:382:6:Error_Handler	4	static,ignoring_inline_asm
