Archive member included to satisfy reference by file (symbol)

C:/ST/STM32CubeIDE_1.14.1/STM32CubeIDE/plugins/com.st.stm32cube.ide.mcu.externaltools.gnu-tools-for-stm32.11.3.rel1.win32_1.1.100.202309141235/tools/bin/../lib/gcc/arm-none-eabi/11.3.1/../../../../arm-none-eabi/lib/thumb/v7e-m+fp/hard\libc_nano.a(libc_a-exit.o)
                              C:/ST/STM32CubeIDE_1.14.1/STM32CubeIDE/plugins/com.st.stm32cube.ide.mcu.externaltools.gnu-tools-for-stm32.11.3.rel1.win32_1.1.100.202309141235/tools/bin/../lib/gcc/arm-none-eabi/11.3.1/../../../../arm-none-eabi/lib/thumb/v7e-m+fp/hard/crt0.o (exit)
C:/ST/STM32CubeIDE_1.14.1/STM32CubeIDE/plugins/com.st.stm32cube.ide.mcu.externaltools.gnu-tools-for-stm32.11.3.rel1.win32_1.1.100.202309141235/tools/bin/../lib/gcc/arm-none-eabi/11.3.1/../../../../arm-none-eabi/lib/thumb/v7e-m+fp/hard\libc_nano.a(libc_a-findfp.o)
                              C:/ST/STM32CubeIDE_1.14.1/STM32CubeIDE/plugins/com.st.stm32cube.ide.mcu.externaltools.gnu-tools-for-stm32.11.3.rel1.win32_1.1.100.202309141235/tools/bin/../lib/gcc/arm-none-eabi/11.3.1/../../../../arm-none-eabi/lib/thumb/v7e-m+fp/hard\libc_nano.a(libc_a-exit.o) (__stdio_exit_handler)
C:/ST/STM32CubeIDE_1.14.1/STM32CubeIDE/plugins/com.st.stm32cube.ide.mcu.externaltools.gnu-tools-for-stm32.11.3.rel1.win32_1.1.100.202309141235/tools/bin/../lib/gcc/arm-none-eabi/11.3.1/../../../../arm-none-eabi/lib/thumb/v7e-m+fp/hard\libc_nano.a(libc_a-fwalk.o)
                              C:/ST/STM32CubeIDE_1.14.1/STM32CubeIDE/plugins/com.st.stm32cube.ide.mcu.externaltools.gnu-tools-for-stm32.11.3.rel1.win32_1.1.100.202309141235/tools/bin/../lib/gcc/arm-none-eabi/11.3.1/../../../../arm-none-eabi/lib/thumb/v7e-m+fp/hard\libc_nano.a(libc_a-findfp.o) (_fwalk_sglue)
C:/ST/STM32CubeIDE_1.14.1/STM32CubeIDE/plugins/com.st.stm32cube.ide.mcu.externaltools.gnu-tools-for-stm32.11.3.rel1.win32_1.1.100.202309141235/tools/bin/../lib/gcc/arm-none-eabi/11.3.1/../../../../arm-none-eabi/lib/thumb/v7e-m+fp/hard\libc_nano.a(libc_a-stdio.o)
                              C:/ST/STM32CubeIDE_1.14.1/STM32CubeIDE/plugins/com.st.stm32cube.ide.mcu.externaltools.gnu-tools-for-stm32.11.3.rel1.win32_1.1.100.202309141235/tools/bin/../lib/gcc/arm-none-eabi/11.3.1/../../../../arm-none-eabi/lib/thumb/v7e-m+fp/hard\libc_nano.a(libc_a-findfp.o) (__sread)
C:/ST/STM32CubeIDE_1.14.1/STM32CubeIDE/plugins/com.st.stm32cube.ide.mcu.externaltools.gnu-tools-for-stm32.11.3.rel1.win32_1.1.100.202309141235/tools/bin/../lib/gcc/arm-none-eabi/11.3.1/../../../../arm-none-eabi/lib/thumb/v7e-m+fp/hard\libc_nano.a(libc_a-memset.o)
                              C:/ST/STM32CubeIDE_1.14.1/STM32CubeIDE/plugins/com.st.stm32cube.ide.mcu.externaltools.gnu-tools-for-stm32.11.3.rel1.win32_1.1.100.202309141235/tools/bin/../lib/gcc/arm-none-eabi/11.3.1/../../../../arm-none-eabi/lib/thumb/v7e-m+fp/hard/crt0.o (memset)
C:/ST/STM32CubeIDE_1.14.1/STM32CubeIDE/plugins/com.st.stm32cube.ide.mcu.externaltools.gnu-tools-for-stm32.11.3.rel1.win32_1.1.100.202309141235/tools/bin/../lib/gcc/arm-none-eabi/11.3.1/../../../../arm-none-eabi/lib/thumb/v7e-m+fp/hard\libc_nano.a(libc_a-closer.o)
                              C:/ST/STM32CubeIDE_1.14.1/STM32CubeIDE/plugins/com.st.stm32cube.ide.mcu.externaltools.gnu-tools-for-stm32.11.3.rel1.win32_1.1.100.202309141235/tools/bin/../lib/gcc/arm-none-eabi/11.3.1/../../../../arm-none-eabi/lib/thumb/v7e-m+fp/hard\libc_nano.a(libc_a-stdio.o) (_close_r)
C:/ST/STM32CubeIDE_1.14.1/STM32CubeIDE/plugins/com.st.stm32cube.ide.mcu.externaltools.gnu-tools-for-stm32.11.3.rel1.win32_1.1.100.202309141235/tools/bin/../lib/gcc/arm-none-eabi/11.3.1/../../../../arm-none-eabi/lib/thumb/v7e-m+fp/hard\libc_nano.a(libc_a-reent.o)
                              C:/ST/STM32CubeIDE_1.14.1/STM32CubeIDE/plugins/com.st.stm32cube.ide.mcu.externaltools.gnu-tools-for-stm32.11.3.rel1.win32_1.1.100.202309141235/tools/bin/../lib/gcc/arm-none-eabi/11.3.1/../../../../arm-none-eabi/lib/thumb/v7e-m+fp/hard\libc_nano.a(libc_a-closer.o) (errno)
C:/ST/STM32CubeIDE_1.14.1/STM32CubeIDE/plugins/com.st.stm32cube.ide.mcu.externaltools.gnu-tools-for-stm32.11.3.rel1.win32_1.1.100.202309141235/tools/bin/../lib/gcc/arm-none-eabi/11.3.1/../../../../arm-none-eabi/lib/thumb/v7e-m+fp/hard\libc_nano.a(libc_a-impure.o)
                              C:/ST/STM32CubeIDE_1.14.1/STM32CubeIDE/plugins/com.st.stm32cube.ide.mcu.externaltools.gnu-tools-for-stm32.11.3.rel1.win32_1.1.100.202309141235/tools/bin/../lib/gcc/arm-none-eabi/11.3.1/../../../../arm-none-eabi/lib/thumb/v7e-m+fp/hard\libc_nano.a(libc_a-reent.o) (_impure_ptr)
C:/ST/STM32CubeIDE_1.14.1/STM32CubeIDE/plugins/com.st.stm32cube.ide.mcu.externaltools.gnu-tools-for-stm32.11.3.rel1.win32_1.1.100.202309141235/tools/bin/../lib/gcc/arm-none-eabi/11.3.1/../../../../arm-none-eabi/lib/thumb/v7e-m+fp/hard\libc_nano.a(libc_a-lseekr.o)
[...]
Memory Configuration

Name             Origin             Length             Attributes
RAM              0x0000000020000000 0x00000000000a0000 xrw
RAM2             0x0000000010000000 0x0000000000010000 xrw
RAM3             0x0000000020040000 0x0000000000060000 xrw
FLASH            0x0000000008000000 0x0000000000200000 xr
*default*        0x0000000000000000 0xffffffffffffffff

Linker script and memory map

LOAD C:/ST/STM32CubeIDE_1.14.1/STM32CubeIDE/plugins/com.st.stm32cube.ide.mcu.externaltools.gnu-tools-for-stm32.11.3.rel1.win32_1.1.100.202309141235/tools/bin/../lib/gcc/arm-none-eabi/11.3.1/thumb/v7e-m+fp/hard/crti.o
LOAD C:/ST/STM32CubeIDE_1.14.1/STM32CubeIDE/plugins/com.st.stm32cube.ide.mcu.externaltools.gnu-tools-for-stm32.11.3.rel1.win32_1.1.100.202309141235/tools/bin/../lib/gcc/arm-none-eabi/11.3.1/thumb/v7e-m+fp/hard/crtbegin.o
LOAD C:/ST/STM32CubeIDE_1.14.1/STM32CubeIDE/plugins/com.st.stm32cube.ide.mcu.externaltools.gnu-tools-for-stm32.11.3.rel1.win32_1.1.100.202309141235/tools/bin/../lib/gcc/arm-none-eabi/11.3.1/../../../../arm-none-eabi/lib/thumb/v7e-m+fp/hard/crt0.o
LOAD ./Core/Src/main.o
LOAD ./Core/Src/stm32l4xx_hal_msp.o
LOAD ./Core/Src/stm32l4xx_hal_timebase_tim.o
LOAD ./Core/Src/stm32l4xx_it.o
LOAD ./Core/Src/syscalls.o
LOAD ./Core/Src/sysmem.o
LOAD ./Core/Src/system_stm32l4xx.o
LOAD ./Core/Startup/startup_stm32l4r5zitx.o
LOAD ./Drivers/STM32L4xx_HAL_Driver/Src/stm32l4xx_hal.o
LOAD ./Drivers/STM32L4xx_HAL_Driver/Src/stm32l4xx_hal_cortex.o
LOAD ./Drivers/STM32L4xx_HAL_Driver/Src/stm32l4xx_hal_dma.o
LOAD ./Drivers/STM32L4xx_HAL_Driver/Src/stm32l4xx_hal_dma_ex.o
LOAD ./Drivers/STM32L4xx_HAL_Driver/Src/stm32l4xx_hal_exti.o
LOAD ./Drivers/STM32L4xx_HAL_Driver/Src/stm32l4xx_hal_flash.o
LOAD ./Drivers/STM32L4xx_HAL_Driver/Src/stm32l4xx_hal_flash_ex.o
LOAD ./Drivers/STM32L4xx_HAL_Driver/Src/stm32l4xx_hal_flash_ramfunc.o
LOAD ./Drivers/STM32L4xx_HAL_Driver/Src/stm32l4xx_hal_gpio.o
LOAD ./Drivers/STM32L4xx_HAL_Driver/Src/stm32l4xx_hal_i2c.o
LOAD ./Drivers/STM32L4xx_HAL_Driver/Src/stm32l4xx_hal_i2c_ex.o
LOAD ./Drivers/STM32L4xx_HAL_Driver/Src/stm32l4xx_hal_pwr.o
LOAD ./Drivers/STM32L4xx_HAL_Driver/Src/stm32l4xx_hal_pwr_ex.o
LOAD ./Drivers/STM32L4xx_HAL_Driver/Src/stm32l4xx_hal_rcc.o
LOAD ./Drivers/STM32L4xx_HAL_Driver/Src/stm32l4xx_hal_rcc_ex.o
LOAD ./Drivers/STM32L4xx_HAL_Driver/Src/stm32l4xx_hal_tim.o
LOAD ./Drivers/STM32L4xx_HAL_Driver/Src/stm32l4xx_hal_tim_ex.o
LOAD ./Drivers/STM32L4xx_HAL_Driver/Src/stm32l4xx_hal_uart.o
LOAD ./Drivers/STM32L4xx_HAL_Driver/Src/stm32l4xx_hal_uart_ex.o
LOAD ./FreeRTOS/Source/croutine.o
LOAD ./FreeRTOS/Source/event_groups.o
LOAD ./FreeRTOS/Source/list.o
LOAD ./FreeRTOS/Source/queue.o
LOAD ./FreeRTOS/Source/stream_buffer.o
LOAD ./FreeRTOS/Source/tasks.o
LOAD ./FreeRTOS/Source/timers.o
LOAD ./FreeRTOS/Source/portable/GCC/ARM_CM4F/port.o
LOAD ./FreeRTOS/Source/portable/MemMang/heap_4.o
START GROUP
LOAD C:/ST/STM32CubeIDE_1.14.1/STM32CubeIDE/plugins/com.st.stm32cube.ide.mcu.externaltools.gnu-tools-for-stm32.11.3.rel1.win32_1.1.100.202309141235/tools/bin/../lib/gcc/arm-none-eabi/11.3.1/../../../../arm-none-eabi/lib/thumb/v7e-m+fp/hard\libc_nano.a
LOAD C:/ST/STM32CubeIDE_1.14.1/STM32CubeIDE/plugins/com.st.stm32cube.ide.mcu.externaltools.gnu-tools-for-stm32.11.3.rel1.win32_1.1.100.202309141235/tools/bin/../lib/gcc/arm-none-eabi/11.3.1/../../../../arm-none-eabi/lib/thumb/v7e-m+fp/hard\libm.a
END GROUP
START GROUP
LOAD C:/ST/STM32CubeIDE_1.14.1/STM32CubeIDE/plugins/com.st.stm32cube.ide.mcu.externaltools.gnu-tools-for-stm32.11.3.rel1.win32_1.1.100.202309141235/tools/bin/../lib/gcc/arm-none-eabi/11.3.1/thumb/v7e-m+fp/hard\libgcc.a
LOAD C:/ST/STM32CubeIDE_1.14.1/STM32CubeIDE/plugins/com.st.stm32cube.ide.mcu.externaltools.gnu-tools-for-stm32.11.3.rel1.win32_1.1.100.202309141235/tools/bin/../lib/gcc/arm-none-eabi/11.3.1/../../../../arm-none-eabi/lib/thumb/v7e-m+fp/hard\libc_nano.a
END GROUP
START GROUP
LOAD C:/ST/STM32CubeIDE_1.14.1/STM32CubeIDE/plugins/com.st.stm32cube.ide.mcu.externaltools.gnu-tools-for-stm32.11.3.rel1.win32_1.1.100.202309141235/tools/bin/../lib/gcc/arm-none-eabi/11.3.1/thumb/v7e-m+fp/hard\libgcc.a
LOAD C:/ST/STM32CubeIDE_1.14.1/STM32CubeIDE/plugins/com.st.stm32cube.ide.mcu.externaltools.gnu-tools-for-stm32.11.3.rel1.win32_1.1.100.202309141235/tools/bin/../lib/gcc/arm-none-eabi/11.3.1/../../../../arm-none-eabi/lib/thumb/v7e-m+fp/hard\libc_nano.a
LOAD C:/ST/STM32CubeIDE_1.14.1/STM32CubeIDE/plugins/com.st.stm32cube.ide.mcu.externaltools.gnu-tools-for-stm32.11.3.rel1.win32_1.1.100.202309141235/tools/bin/../lib/gcc/arm-none-eabi/11.3.1/../../../../arm-none-eabi/lib/thumb/v7e-m+fp/hard\libnosys.a
END GROUP
START GROUP
LOAD C:/ST/STM32CubeIDE_1.14.1/STM32CubeIDE/plugins/com.st.stm32cube.ide.mcu.externaltools.gnu-tools-for-stm32.11.3.rel1.win32_1.1.100.202309141235/tools/bin/../lib/gcc/arm-none-eabi/11.3.1/thumb/v7e-m+fp/hard\libgcc.a
LOAD C:/ST/STM32CubeIDE_1.14.1/STM32CubeIDE/plugins/com.st.stm32cube.ide.mcu.externaltools.gnu-tools-for-stm32.11.3.rel1.win32_1.1.100.202309141235/tools/bin/../lib/gcc/arm-none-eabi/11.3.1/../../../../arm-none-eabi/lib/thumb/v7e-m+fp/hard\libc_nano.a
LOAD C:/ST/STM32CubeIDE_1.14.1/STM32CubeIDE/plugins/com.st.stm32cube.ide.mcu.externaltools.gnu-tools-for-stm32.11.3.rel1.win32_1.1.100.202309141235/tools/bin/../lib/gcc/arm-none-eabi/11.3.1/../../../../arm-none-eabi/lib/thumb/v7e-m+fp/hard\libnosys.a
END GROUP
LOAD C:/ST/STM32CubeIDE_1.14.1/STM32CubeIDE/plugins/com.st.stm32cube.ide.mcu.externaltools.gnu-tools-for-stm32.11.3.rel1.win32_1.1.100.202309141235/tools/bin/../lib/gcc/arm-none-eabi/11.3.1/thumb/v7e-m+fp/hard/crtend.o
LOAD C:/ST/STM32CubeIDE_1.14.1/STM32CubeIDE/plugins/com.st.stm32cube.ide.mcu.externaltools.gnu-tools-for-stm32.11.3.rel1.win32_1.1.100.202309141235/tools/bin/../lib/gcc/arm-none-eabi/11.3.1/thumb/v7e-m+fp/hard/crtn.o
                0x00000000200a0000                _estack = (ORIGIN (RAM) + LENGTH (RAM))
                0x0000000000000200                _Min_Heap_Size = 0x200
                0x0000000000000400                _Min_Stack_Size = 0x400

.isr_vector     0x0000000008000000      0x1bc
                0x0000000008000000                . = ALIGN (0x4)
 *(.isr_vector)
 .isr_vector    0x0000000008000000      0x1bc ./Core/Startup/startup_stm32l4r5zitx.o
                0x0000000008000000                g_pfnVectors
                0x00000000080001bc                . = ALIGN (0x4)

.text           0x00000000080001c0     0x6ab0
                0x00000000080001c0                . = ALIGN (0x4)
 *(.text)
 .text          0x00000000080001c0       0x40 C:/ST/STM32CubeIDE_1.14.1/STM32CubeIDE/plugins/com.st.stm32cube.ide.mcu.externaltools.gnu-tools-for-stm32.11.3.rel1.win32_1.1.100.202309141235/tools/bin/../lib/gcc/arm-none-eabi/11.3.1/thumb/v7e-m+fp/hard/crtbegin.o
 .text          0x0000000008000200       0x10 C:/ST/STM32CubeIDE_1.14.1/STM32CubeIDE/plugins/com.st.stm32cube.ide.mcu.externaltools.gnu-tools-for-stm32.11.3.rel1.win32_1.1.100.202309141235/tools/bin/../lib/gcc/arm-none-eabi/11.3.1/../../../../arm-none-eabi/lib/thumb/v7e-m+fp/hard\libc_nano.a(libc_a-strlen.o)
                0x0000000008000200                strlen
 .text          0x0000000008000210       0x30 C:/ST/STM32CubeIDE_1.14.1/STM32CubeIDE/plugins/com.st.stm32cube.ide.mcu.externaltools.gnu-tools-for-stm32.11.3.rel1.win32_1.1.100.202309141235/tools/bin/../lib/gcc/arm-none-eabi/11.3.1/thumb/v7e-m+fp/hard\libgcc.a(_aeabi_uldivmod.o)
                0x0000000008000210                __aeabi_uldivmod
 .text          0x0000000008000240      0x2c8 C:/ST/STM32CubeIDE_1.14.1/STM32CubeIDE/plugins/com.st.stm32cube.ide.mcu.externaltools.gnu-tools-for-stm32.11.3.rel1.win32_1.1.100.202309141235/tools/bin/../lib/gcc/arm-none-eabi/11.3.1/thumb/v7e-m+fp/hard\libgcc.a(_udivmoddi4.o)
                0x0000000008000240                __udivmoddi4
 .text          0x0000000008000508        0x4 C:/ST/STM32CubeIDE_1.14.1/STM32CubeIDE/plugins/com.st.stm32cube.ide.mcu.externaltools.gnu-tools-for-stm32.11.3.rel1.win32_1.1.100.202309141235/tools/bin/../lib/gcc/arm-none-eabi/11.3.1/thumb/v7e-m+fp/hard\libgcc.a(_dvmd_tls.o)
                0x0000000008000508                __aeabi_idiv0
                0x0000000008000508                __aeabi_ldiv0
 *(.text*)
 .text.send_uart
                0x000000000800050c       0x54 ./Core/Src/main.o
                0x000000000800050c                send_uart
 .text.HPT_Task
                0x0000000008000560       0x90 ./Core/Src/main.o
                0x0000000008000560                HPT_Task
 .text.MPT_Task
                0x00000000080005f0       0x40 ./Core/Src/main.o
                0x00000000080005f0                MPT_Task
 .text.LPT_Task
                0x0000000008000630       0x98 ./Core/Src/main.o
                0x0000000008000630                LPT_Task
 .text.main     0x00000000080006c8       0xc0 ./Core/Src/main.o
                0x00000000080006c8                main
 .text.SystemClock_Config
                0x0000000008000788       0x8e ./Core/Src/main.o
                0x0000000008000788                SystemClock_Config
 *fill*         0x0000000008000816        0x2 
 .text.MX_LPUART1_UART_Init
                0x0000000008000818       0x98 ./Core/Src/main.o
 .text.MX_GPIO_Init
                0x00000000080008b0      0x1ac ./Core/Src/main.o
 .text.HAL_TIM_PeriodElapsedCallback
                0x0000000008000a5c       0x24 ./Core/Src/main.o
                0x0000000008000a5c                HAL_TIM_PeriodElapsedCallback
 .text.Error_Handler
                0x0000000008000a80        0xa ./Core/Src/main.o
                0x0000000008000a80                Error_Handler
 *fill*         0x0000000008000a8a        0x2 
 .text.HAL_MspInit
                0x0000000008000a8c       0x48 ./Core/Src/stm32l4xx_hal_msp.o
                0x0000000008000a8c                HAL_MspInit
 .text.HAL_UART_MspInit
                0x0000000008000ad4       0xc0 ./Core/Src/stm32l4xx_hal_msp.o
                0x0000000008000ad4                HAL_UART_MspInit
 .text.HAL_InitTick
                0x0000000008000b94       0xdc ./Core/Src/stm32l4xx_hal_timebase_tim.o
                0x0000000008000b94                HAL_InitTick
 .text.NMI_Handler
                0x0000000008000c70        0x6 ./Core/Src/stm32l4xx_it.o
                0x0000000008000c70                NMI_Handler
 .text.HardFault_Handler
                0x0000000008000c76        0x6 ./Core/Src/stm32l4xx_it.o
                0x0000000008000c76                HardFault_Handler
 .text.MemManage_Handler
                0x0000000008000c7c        0x6 ./Core/Src/stm32l4xx_it.o
                0x0000000008000c7c                MemManage_Handler
 .text.BusFault_Handler
                0x0000000008000c82        0x6 ./Core/Src/stm32l4xx_it.o
                0x0000000008000c82                BusFault_Handler
 .text.UsageFault_Handler
                0x0000000008000c88        0x6 ./Core/Src/stm32l4xx_it.o
                0x0000000008000c88                UsageFault_Handler
 .text.DebugMon_Handler
                0x0000000008000c8e        0xe ./Core/Src/stm32l4xx_it.o
                0x0000000008000c8e                DebugMon_Handler
 .text.TIM1_UP_TIM16_IRQHandler
                0x0000000008000c9c       0x14 ./Core/Src/stm32l4xx_it.o
                0x0000000008000c9c                TIM1_UP_TIM16_IRQHandler
 .text.SystemInit
                0x0000000008000cb0       0x24 ./Core/Src/system_stm32l4xx.o
                0x0000000008000cb0                SystemInit
 .text.Reset_Handler
                0x0000000008000cd4       0x50 ./Core/Startup/startup_stm32l4r5zitx.o
                0x0000000008000cd4                Reset_Handler
 .text.Default_Handler
                0x0000000008000d24        0x2 ./Core/Startup/startup_stm32l4r5zitx.o
                0x0000000008000d24                RTC_Alarm_IRQHandler
                0x0000000008000d24                EXTI2_IRQHandler
                0x0000000008000d24                TIM8_TRG_COM_IRQHandler
                0x0000000008000d24                TIM8_CC_IRQHandler
                0x0000000008000d24                TIM1_CC_IRQHandler
                0x0000000008000d24                TSC_IRQHandler
                0x0000000008000d24                TAMP_STAMP_IRQHandler
                0x0000000008000d24                EXTI3_IRQHandler
                0x0000000008000d24                LPTIM2_IRQHandler
                0x0000000008000d24                DFSDM1_FLT1_IRQHandler
                0x0000000008000d24                GFXMMU_IRQHandler
                0x0000000008000d24                I2C3_ER_IRQHandler
                0x0000000008000d24                DFSDM1_FLT2_IRQHandler
                0x0000000008000d24                EXTI0_IRQHandler
                0x0000000008000d24                I2C2_EV_IRQHandler
                0x0000000008000d24                CAN1_RX0_IRQHandler
                0x0000000008000d24                FPU_IRQHandler
                0x0000000008000d24                LTDC_ER_IRQHandler
                0x0000000008000d24                SPI1_IRQHandler
                0x0000000008000d24                OCTOSPI1_IRQHandler
                0x0000000008000d24                TIM6_DAC_IRQHandler
                0x0000000008000d24                DCMI_IRQHandler
                0x0000000008000d24                TIM8_UP_IRQHandler
                0x0000000008000d24                OCTOSPI2_IRQHandler
                0x0000000008000d24                DMA2_Channel2_IRQHandler
                0x0000000008000d24                DMA1_Channel4_IRQHandler
                0x0000000008000d24                SAI2_IRQHandler
                0x0000000008000d24                ADC1_IRQHandler
                0x0000000008000d24                DFSDM1_FLT3_IRQHandler
                0x0000000008000d24                USART3_IRQHandler
                0x0000000008000d24                DMA1_Channel7_IRQHandler
                0x0000000008000d24                CAN1_RX1_IRQHandler
                0x0000000008000d24                UART5_IRQHandler
                0x0000000008000d24                TIM4_IRQHandler
                0x0000000008000d24                DMA2_Channel1_IRQHandler
                0x0000000008000d24                I2C1_EV_IRQHandler
                0x0000000008000d24                DMAMUX1_OVR_IRQHandler
                0x0000000008000d24                DMA1_Channel6_IRQHandler
                0x0000000008000d24                UART4_IRQHandler
                0x0000000008000d24                DMA2_Channel4_IRQHandler
                0x0000000008000d24                TIM3_IRQHandler
                0x0000000008000d24                RCC_IRQHandler
                0x0000000008000d24                DMA1_Channel1_IRQHandler
                0x0000000008000d24                Default_Handler
                0x0000000008000d24                DMA2_Channel7_IRQHandler
                0x0000000008000d24                EXTI15_10_IRQHandler
                0x0000000008000d24                TIM7_IRQHandler
                0x0000000008000d24                SDMMC1_IRQHandler
                0x0000000008000d24                TIM5_IRQHandler
                0x0000000008000d24                I2C3_EV_IRQHandler
                0x0000000008000d24                EXTI9_5_IRQHandler
                0x0000000008000d24                RTC_WKUP_IRQHandler
                0x0000000008000d24                LTDC_IRQHandler
                0x0000000008000d24                PVD_PVM_IRQHandler
                0x0000000008000d24                SPI2_IRQHandler
                0x0000000008000d24                CAN1_TX_IRQHandler
                0x0000000008000d24                DMA2_Channel5_IRQHandler
                0x0000000008000d24                CRS_IRQHandler
                0x0000000008000d24                DMA1_Channel5_IRQHandler
                0x0000000008000d24                EXTI4_IRQHandler
                0x0000000008000d24                RNG_IRQHandler
                0x0000000008000d24                TIM1_TRG_COM_TIM17_IRQHandler
                0x0000000008000d24                DMA1_Channel3_IRQHandler
                0x0000000008000d24                COMP_IRQHandler
                0x0000000008000d24                WWDG_IRQHandler
                0x0000000008000d24                I2C4_EV_IRQHandler
                0x0000000008000d24                LPUART1_IRQHandler
                0x0000000008000d24                DMA2_Channel6_IRQHandler
                0x0000000008000d24                TIM2_IRQHandler
                0x0000000008000d24                DMA2D_IRQHandler
                0x0000000008000d24                EXTI1_IRQHandler
                0x0000000008000d24                USART2_IRQHandler
                0x0000000008000d24                DFSDM1_FLT0_IRQHandler
                0x0000000008000d24                I2C2_ER_IRQHandler
                0x0000000008000d24                DMA1_Channel2_IRQHandler
                0x0000000008000d24                TIM8_BRK_IRQHandler
                0x0000000008000d24                CAN1_SCE_IRQHandler
                0x0000000008000d24                FLASH_IRQHandler
                0x0000000008000d24                USART1_IRQHandler
                0x0000000008000d24                OTG_FS_IRQHandler
                0x0000000008000d24                SPI3_IRQHandler
                0x0000000008000d24                I2C1_ER_IRQHandler
                0x0000000008000d24                FMC_IRQHandler
                0x0000000008000d24                LPTIM1_IRQHandler
                0x0000000008000d24                I2C4_ER_IRQHandler
                0x0000000008000d24                SAI1_IRQHandler
                0x0000000008000d24                DMA2_Channel3_IRQHandler
                0x0000000008000d24                TIM1_BRK_TIM15_IRQHandler
 .text.HAL_Init
                0x0000000008000d26       0x30 ./Drivers/STM32L4xx_HAL_Driver/Src/stm32l4xx_hal.o
                0x0000000008000d26                HAL_Init
 *fill*         0x0000000008000d56        0x2 
 .text.HAL_IncTick
                0x0000000008000d58       0x28 ./Drivers/STM32L4xx_HAL_Driver/Src/stm32l4xx_hal.o
                0x0000000008000d58                HAL_IncTick
 .text.HAL_GetTick
                0x0000000008000d80       0x18 ./Drivers/STM32L4xx_HAL_Driver/Src/stm32l4xx_hal.o
                0x0000000008000d80                HAL_GetTick
 .text.HAL_Delay
                0x0000000008000d98       0x48 ./Drivers/STM32L4xx_HAL_Driver/Src/stm32l4xx_hal.o
                0x0000000008000d98                HAL_Delay
 .text.__NVIC_SetPriorityGrouping
                0x0000000008000de0       0x48 ./Drivers/STM32L4xx_HAL_Driver/Src/stm32l4xx_hal_cortex.o
 .text.__NVIC_GetPriorityGrouping
                0x0000000008000e28       0x1c ./Drivers/STM32L4xx_HAL_Driver/Src/stm32l4xx_hal_cortex.o
 .text.__NVIC_EnableIRQ
                0x0000000008000e44       0x3c ./Drivers/STM32L4xx_HAL_Driver/Src/stm32l4xx_hal_cortex.o
 .text.__NVIC_SetPriority
                0x0000000008000e80       0x54 ./Drivers/STM32L4xx_HAL_Driver/Src/stm32l4xx_hal_cortex.o
 .text.NVIC_EncodePriority
                0x0000000008000ed4       0x66 ./Drivers/STM32L4xx_HAL_Driver/Src/stm32l4xx_hal_cortex.o
 .text.HAL_NVIC_SetPriorityGrouping
                0x0000000008000f3a       0x16 ./Drivers/STM32L4xx_HAL_Driver/Src/stm32l4xx_hal_cortex.o
                0x0000000008000f3a                HAL_NVIC_SetPriorityGrouping
 .text.HAL_NVIC_SetPriority
                0x0000000008000f50       0x38 ./Drivers/STM32L4xx_HAL_Driver/Src/stm32l4xx_hal_cortex.o
                0x0000000008000f50                HAL_NVIC_SetPriority
 .text.HAL_NVIC_EnableIRQ
                0x0000000008000f88       0x1c ./Drivers/STM32L4xx_HAL_Driver/Src/stm32l4xx_hal_cortex.o
                0x0000000008000f88                HAL_NVIC_EnableIRQ
 .text.HAL_GPIO_Init
                0x0000000008000fa4      0x324 ./Drivers/STM32L4xx_HAL_Driver/Src/stm32l4xx_hal_gpio.o
                0x0000000008000fa4                HAL_GPIO_Init
 .text.HAL_GPIO_WritePin
                0x00000000080012c8       0x30 ./Drivers/STM32L4xx_HAL_Driver/Src/stm32l4xx_hal_gpio.o
                0x00000000080012c8                HAL_GPIO_WritePin
 .text.HAL_PWREx_GetVoltageRange
                0x00000000080012f8       0x40 ./Drivers/STM32L4xx_HAL_Driver/Src/stm32l4xx_hal_pwr_ex.o
                0x00000000080012f8                HAL_PWREx_GetVoltageRange
 .text.HAL_PWREx_ControlVoltageScaling
                0x0000000008001338      0x148 ./Drivers/STM32L4xx_HAL_Driver/Src/stm32l4xx_hal_pwr_ex.o
                0x0000000008001338                HAL_PWREx_ControlVoltageScaling
 .text.HAL_PWREx_EnableVddIO2
                0x0000000008001480       0x20 ./Drivers/STM32L4xx_HAL_Driver/Src/stm32l4xx_hal_pwr_ex.o
                0x0000000008001480                HAL_PWREx_EnableVddIO2
 .text.HAL_RCC_OscConfig
                0x00000000080014a0      0x834 ./Drivers/STM32L4xx_HAL_Driver/Src/stm32l4xx_hal_rcc.o
                0x00000000080014a0                HAL_RCC_OscConfig
 .text.HAL_RCC_ClockConfig
                0x0000000008001cd4      0x274 ./Drivers/STM32L4xx_HAL_Driver/Src/stm32l4xx_hal_rcc.o
                0x0000000008001cd4                HAL_RCC_ClockConfig
 .text.HAL_RCC_GetSysClockFreq
                0x0000000008001f48      0x118 ./Drivers/STM32L4xx_HAL_Driver/Src/stm32l4xx_hal_rcc.o
                0x0000000008001f48                HAL_RCC_GetSysClockFreq
 .text.HAL_RCC_GetHCLKFreq
                0x0000000008002060       0x18 ./Drivers/STM32L4xx_HAL_Driver/Src/stm32l4xx_hal_rcc.o
                0x0000000008002060                HAL_RCC_GetHCLKFreq
 .text.HAL_RCC_GetPCLK1Freq
                0x0000000008002078       0x2c ./Drivers/STM32L4xx_HAL_Driver/Src/stm32l4xx_hal_rcc.o
                0x0000000008002078                HAL_RCC_GetPCLK1Freq
 .text.HAL_RCC_GetPCLK2Freq
                0x00000000080020a4       0x2c ./Drivers/STM32L4xx_HAL_Driver/Src/stm32l4xx_hal_rcc.o
                0x00000000080020a4                HAL_RCC_GetPCLK2Freq
 .text.HAL_RCC_GetClockConfig
                0x00000000080020d0       0x64 ./Drivers/STM32L4xx_HAL_Driver/Src/stm32l4xx_hal_rcc.o
                0x00000000080020d0                HAL_RCC_GetClockConfig
 .text.RCC_SetFlashLatencyFromMSIRange
                0x0000000008002134       0xb4 ./Drivers/STM32L4xx_HAL_Driver/Src/stm32l4xx_hal_rcc.o
 .text.RCC_GetSysClockFreqFromPLLSource
                0x00000000080021e8       0xcc ./Drivers/STM32L4xx_HAL_Driver/Src/stm32l4xx_hal_rcc.o
 .text.HAL_RCCEx_PeriphCLKConfig
                0x00000000080022b4      0x660 ./Drivers/STM32L4xx_HAL_Driver/Src/stm32l4xx_hal_rcc_ex.o
                0x00000000080022b4                HAL_RCCEx_PeriphCLKConfig
 .text.RCCEx_PLLSAI1_Config
                0x0000000008002914      0x1e8 ./Drivers/STM32L4xx_HAL_Driver/Src/stm32l4xx_hal_rcc_ex.o
 .text.RCCEx_PLLSAI2_Config
                0x0000000008002afc      0x1e8 ./Drivers/STM32L4xx_HAL_Driver/Src/stm32l4xx_hal_rcc_ex.o
 .text.HAL_TIM_Base_Init
                0x0000000008002ce4       0xae ./Drivers/STM32L4xx_HAL_Driver/Src/stm32l4xx_hal_tim.o
                0x0000000008002ce4                HAL_TIM_Base_Init
 .text.HAL_TIM_Base_MspInit
                0x0000000008002d92       0x14 ./Drivers/STM32L4xx_HAL_Driver/Src/stm32l4xx_hal_tim.o
                0x0000000008002d92                HAL_TIM_Base_MspInit
 *fill*         0x0000000008002da6        0x2 
 .text.HAL_TIM_Base_Start_IT
                0x0000000008002da8       0xe0 ./Drivers/STM32L4xx_HAL_Driver/Src/stm32l4xx_hal_tim.o
                0x0000000008002da8                HAL_TIM_Base_Start_IT
 .text.HAL_TIM_IRQHandler
                0x0000000008002e88      0x204 ./Drivers/STM32L4xx_HAL_Driver/Src/stm32l4xx_hal_tim.o
                0x0000000008002e88                HAL_TIM_IRQHandler
 .text.HAL_TIM_OC_DelayElapsedCallback
                0x000000000800308c       0x14 ./Drivers/STM32L4xx_HAL_Driver/Src/stm32l4xx_hal_tim.o
                0x000000000800308c                HAL_TIM_OC_DelayElapsedCallback
 .text.HAL_TIM_IC_CaptureCallback
                0x00000000080030a0       0x14 ./Drivers/STM32L4xx_HAL_Driver/Src/stm32l4xx_hal_tim.o
                0x00000000080030a0                HAL_TIM_IC_CaptureCallback
 .text.HAL_TIM_PWM_PulseFinishedCallback
                0x00000000080030b4       0x14 ./Drivers/STM32L4xx_HAL_Driver/Src/stm32l4xx_hal_tim.o
                0x00000000080030b4                HAL_TIM_PWM_PulseFinishedCallback
 .text.HAL_TIM_TriggerCallback
                0x00000000080030c8       0x14 ./Drivers/STM32L4xx_HAL_Driver/Src/stm32l4xx_hal_tim.o
                0x00000000080030c8                HAL_TIM_TriggerCallback
 .text.TIM_Base_SetConfig
                0x00000000080030dc      0x134 ./Drivers/STM32L4xx_HAL_Driver/Src/stm32l4xx_hal_tim.o
                0x00000000080030dc                TIM_Base_SetConfig
 .text.HAL_TIMEx_CommutCallback
                0x0000000008003210       0x14 ./Drivers/STM32L4xx_HAL_Driver/Src/stm32l4xx_hal_tim_ex.o
                0x0000000008003210                HAL_TIMEx_CommutCallback
 .text.HAL_TIMEx_BreakCallback
                0x0000000008003224       0x14 ./Drivers/STM32L4xx_HAL_Driver/Src/stm32l4xx_hal_tim_ex.o
                0x0000000008003224                HAL_TIMEx_BreakCallback
 .text.HAL_TIMEx_Break2Callback
                0x0000000008003238       0x14 ./Drivers/STM32L4xx_HAL_Driver/Src/stm32l4xx_hal_tim_ex.o
                0x0000000008003238                HAL_TIMEx_Break2Callback
 .text.HAL_UART_Init
                0x000000000800324c       0xa0 ./Drivers/STM32L4xx_HAL_Driver/Src/stm32l4xx_hal_uart.o
                0x000000000800324c                HAL_UART_Init
 .text.HAL_UART_Transmit
                0x00000000080032ec      0x11e ./Drivers/STM32L4xx_HAL_Driver/Src/stm32l4xx_hal_uart.o
                0x00000000080032ec                HAL_UART_Transmit
 *fill*         0x000000000800340a        0x2 
 .text.UART_SetConfig
                0x000000000800340c      0x5f8 ./Drivers/STM32L4xx_HAL_Driver/Src/stm32l4xx_hal_uart.o
                0x000000000800340c                UART_SetConfig
 .text.UART_AdvFeatureConfig
                0x0000000008003a04      0x144 ./Drivers/STM32L4xx_HAL_Driver/Src/stm32l4xx_hal_uart.o
                0x0000000008003a04                UART_AdvFeatureConfig
 .text.UART_CheckIdleState
                0x0000000008003b48      0x154 ./Drivers/STM32L4xx_HAL_Driver/Src/stm32l4xx_hal_uart.o
                0x0000000008003b48                UART_CheckIdleState
 .text.UART_WaitOnFlagUntilTimeout
                0x0000000008003c9c       0xce ./Drivers/STM32L4xx_HAL_Driver/Src/stm32l4xx_hal_uart.o
                0x0000000008003c9c                UART_WaitOnFlagUntilTimeout
 .text.UART_EndRxTransfer
                0x0000000008003d6a       0xcc ./Drivers/STM32L4xx_HAL_Driver/Src/stm32l4xx_hal_uart.o
 .text.HAL_UARTEx_DisableFifoMode
                0x0000000008003e36       0x72 ./Drivers/STM32L4xx_HAL_Driver/Src/stm32l4xx_hal_uart_ex.o
                0x0000000008003e36                HAL_UARTEx_DisableFifoMode
 .text.HAL_UARTEx_SetTxFifoThreshold
                0x0000000008003ea8       0x7c ./Drivers/STM32L4xx_HAL_Driver/Src/stm32l4xx_hal_uart_ex.o
                0x0000000008003ea8                HAL_UARTEx_SetTxFifoThreshold
 .text.HAL_UARTEx_SetRxFifoThreshold
                0x0000000008003f24       0x7c ./Drivers/STM32L4xx_HAL_Driver/Src/stm32l4xx_hal_uart_ex.o
                0x0000000008003f24                HAL_UARTEx_SetRxFifoThreshold
 .text.UARTEx_SetNbDataToProcess
                0x0000000008003fa0       0x9c ./Drivers/STM32L4xx_HAL_Driver/Src/stm32l4xx_hal_uart_ex.o
 .text.vListInitialise
                0x000000000800403c       0x40 ./FreeRTOS/Source/list.o
                0x000000000800403c                vListInitialise
 .text.vListInitialiseItem
                0x000000000800407c       0x1a ./FreeRTOS/Source/list.o
                0x000000000800407c                vListInitialiseItem
 .text.vListInsert
                0x0000000008004096       0x72 ./FreeRTOS/Source/list.o
                0x0000000008004096                vListInsert
 .text.uxListRemove
                0x0000000008004108       0x54 ./FreeRTOS/Source/list.o
                0x0000000008004108                uxListRemove
 .text.xQueueGenericReset
                0x000000000800415c      0x120 ./FreeRTOS/Source/queue.o
                0x000000000800415c                xQueueGenericReset
 .text.xQueueGenericCreate
                0x000000000800427c       0x9c ./FreeRTOS/Source/queue.o
                0x000000000800427c                xQueueGenericCreate
 .text.prvInitialiseNewQueue
                0x0000000008004318       0x3e ./FreeRTOS/Source/queue.o
 .text.prvInitialiseMutex
                0x0000000008004356       0x34 ./FreeRTOS/Source/queue.o
 .text.xQueueCreateMutex
                0x000000000800438a       0x30 ./FreeRTOS/Source/queue.o
                0x000000000800438a                xQueueCreateMutex
 *fill*         0x00000000080043ba        0x2 
 .text.xQueueGenericSend
                0x00000000080043bc      0x1fc ./FreeRTOS/Source/queue.o
                0x00000000080043bc                xQueueGenericSend
 .text.xQueueReceive
                0x00000000080045b8      0x1c0 ./FreeRTOS/Source/queue.o
                0x00000000080045b8                xQueueReceive
 .text.xQueueSemaphoreTake
                0x0000000008004778      0x1fc ./FreeRTOS/Source/queue.o
                0x0000000008004778                xQueueSemaphoreTake
 .text.prvGetDisinheritPriorityAfterTimeout
                0x0000000008004974       0x30 ./FreeRTOS/Source/queue.o
 .text.prvCopyDataToQueue
                0x00000000080049a4       0xd4 ./FreeRTOS/Source/queue.o
 .text.prvCopyDataFromQueue
                0x0000000008004a78       0x4c ./FreeRTOS/Source/queue.o
 .text.prvUnlockQueue
                0x0000000008004ac4       0xa4 ./FreeRTOS/Source/queue.o
 .text.prvIsQueueEmpty
                0x0000000008004b68       0x2c ./FreeRTOS/Source/queue.o
 .text.prvIsQueueFull
                0x0000000008004b94       0x30 ./FreeRTOS/Source/queue.o
 .text.vQueueWaitForMessageRestricted
                0x0000000008004bc4       0x68 ./FreeRTOS/Source/queue.o
                0x0000000008004bc4                vQueueWaitForMessageRestricted
 .text.xTaskCreate
                0x0000000008004c2c       0x8c ./FreeRTOS/Source/tasks.o
                0x0000000008004c2c                xTaskCreate
 .text.prvInitialiseNewTask
                0x0000000008004cb8      0x10c ./FreeRTOS/Source/tasks.o
 .text.prvAddNewTaskToReadyList
                0x0000000008004dc4      0x124 ./FreeRTOS/Source/tasks.o
 .text.vTaskDelay
                0x0000000008004ee8       0x68 ./FreeRTOS/Source/tasks.o
                0x0000000008004ee8                vTaskDelay
 .text.vTaskStartScheduler
                0x0000000008004f50       0xa4 ./FreeRTOS/Source/tasks.o
                0x0000000008004f50                vTaskStartScheduler
 .text.vTaskSuspendAll
                0x0000000008004ff4       0x1c ./FreeRTOS/Source/tasks.o
                0x0000000008004ff4                vTaskSuspendAll
 .text.xTaskResumeAll
                0x0000000008005010      0x1f8 ./FreeRTOS/Source/tasks.o
                0x0000000008005010                xTaskResumeAll
 .text.xTaskGetTickCount
                0x0000000008005208       0x20 ./FreeRTOS/Source/tasks.o
                0x0000000008005208                xTaskGetTickCount
 .text.xTaskIncrementTick
                0x0000000008005228      0x22c ./FreeRTOS/Source/tasks.o
                0x0000000008005228                xTaskIncrementTick
 .text.vTaskSwitchContext
                0x0000000008005454       0xb8 ./FreeRTOS/Source/tasks.o
                0x0000000008005454                vTaskSwitchContext
 .text.vTaskPlaceOnEventList
                0x000000000800550c       0x48 ./FreeRTOS/Source/tasks.o
                0x000000000800550c                vTaskPlaceOnEventList
 .text.vTaskPlaceOnEventListRestricted
                0x0000000008005554       0x8c ./FreeRTOS/Source/tasks.o
                0x0000000008005554                vTaskPlaceOnEventListRestricted
 .text.xTaskRemoveFromEventList
                0x00000000080055e0      0x1ac ./FreeRTOS/Source/tasks.o
                0x00000000080055e0                xTaskRemoveFromEventList
 .text.vTaskInternalSetTimeOutState
                0x000000000800578c       0x2c ./FreeRTOS/Source/tasks.o
                0x000000000800578c                vTaskInternalSetTimeOutState
 .text.xTaskCheckForTimeOut
                0x00000000080057b8       0xcc ./FreeRTOS/Source/tasks.o
                0x00000000080057b8                xTaskCheckForTimeOut
 .text.vTaskMissedYield
                0x0000000008005884       0x18 ./FreeRTOS/Source/tasks.o
                0x0000000008005884                vTaskMissedYield
 .text.prvIdleTask
                0x000000000800589c        0xe ./FreeRTOS/Source/tasks.o
 *fill*         0x00000000080058aa        0x2 
 .text.prvInitialiseTaskLists
                0x00000000080058ac       0x80 ./FreeRTOS/Source/tasks.o
 .text.prvCheckTasksWaitingTermination
                0x000000000800592c       0x5c ./FreeRTOS/Source/tasks.o
 .text.prvDeleteTCB
                0x0000000008005988       0x20 ./FreeRTOS/Source/tasks.o
 .text.prvResetNextTaskUnblockTime
                0x00000000080059a8       0x38 ./FreeRTOS/Source/tasks.o
 .text.xTaskGetSchedulerState
                0x00000000080059e0       0x3c ./FreeRTOS/Source/tasks.o
                0x00000000080059e0                xTaskGetSchedulerState
 .text.xTaskPriorityInherit
                0x0000000008005a1c      0x13c ./FreeRTOS/Source/tasks.o
                0x0000000008005a1c                xTaskPriorityInherit
 .text.xTaskPriorityDisinherit
                0x0000000008005b58      0x148 ./FreeRTOS/Source/tasks.o
                0x0000000008005b58                xTaskPriorityDisinherit
 .text.vTaskPriorityDisinheritAfterTimeout
                0x0000000008005ca0      0x170 ./FreeRTOS/Source/tasks.o
                0x0000000008005ca0                vTaskPriorityDisinheritAfterTimeout
 .text.pvTaskIncrementMutexHeldCount
                0x0000000008005e10       0x28 ./FreeRTOS/Source/tasks.o
                0x0000000008005e10                pvTaskIncrementMutexHeldCount
 .text.prvAddCurrentTaskToDelayedList
                0x0000000008005e38      0x100 ./FreeRTOS/Source/tasks.o
 .text.xTimerCreateTimerTask
                0x0000000008005f38       0x64 ./FreeRTOS/Source/timers.o
                0x0000000008005f38                xTimerCreateTimerTask
 .text.prvReloadTimer
                0x0000000008005f9c       0x42 ./FreeRTOS/Source/timers.o
 *fill*         0x0000000008005fde        0x2 
 .text.prvProcessExpiredTimer
                0x0000000008005fe0       0x60 ./FreeRTOS/Source/timers.o
 .text.prvTimerTask
                0x0000000008006040       0x24 ./FreeRTOS/Source/timers.o
 .text.prvProcessTimerOrBlockTask
                0x0000000008006064       0x9c ./FreeRTOS/Source/timers.o
 .text.prvGetNextExpireTime
                0x0000000008006100       0x48 ./FreeRTOS/Source/timers.o
 .text.prvSampleTimeNow
                0x0000000008006148       0x40 ./FreeRTOS/Source/timers.o
 .text.prvInsertTimerInActiveList
                0x0000000008006188       0x84 ./FreeRTOS/Source/timers.o
 .text.prvProcessReceivedCommands
                0x000000000800620c      0x17c ./FreeRTOS/Source/timers.o
 .text.prvSwitchTimerLists
                0x0000000008006388       0x4c ./FreeRTOS/Source/timers.o
 .text.prvCheckForValidListAndQueue
                0x00000000080063d4       0x54 ./FreeRTOS/Source/timers.o
 .text.pxPortInitialiseStack
                0x0000000008006428       0x68 ./FreeRTOS/Source/portable/GCC/ARM_CM4F/port.o
                0x0000000008006428                pxPortInitialiseStack
 .text.prvTaskExitError
                0x0000000008006490       0x58 ./FreeRTOS/Source/portable/GCC/ARM_CM4F/port.o
 *fill*         0x00000000080064e8        0x8 
 .text.SVC_Handler
                0x00000000080064f0       0x28 ./FreeRTOS/Source/portable/GCC/ARM_CM4F/port.o
                0x00000000080064f0                SVC_Handler
 .text.prvPortStartFirstTask
                0x0000000008006518       0x2c ./FreeRTOS/Source/portable/GCC/ARM_CM4F/port.o
 .text.xPortStartScheduler
                0x0000000008006544      0x144 ./FreeRTOS/Source/portable/GCC/ARM_CM4F/port.o
                0x0000000008006544                xPortStartScheduler
 .text.vPortEnterCritical
                0x0000000008006688       0x60 ./FreeRTOS/Source/portable/GCC/ARM_CM4F/port.o
                0x0000000008006688                vPortEnterCritical
 .text.vPortExitCritical
                0x00000000080066e8       0x54 ./FreeRTOS/Source/portable/GCC/ARM_CM4F/port.o
                0x00000000080066e8                vPortExitCritical
 *fill*         0x000000000800673c        0x4 
 .text.PendSV_Handler
                0x0000000008006740       0x68 ./FreeRTOS/Source/portable/GCC/ARM_CM4F/port.o
                0x0000000008006740                PendSV_Handler
 .text.SysTick_Handler
                0x00000000080067a8       0x44 ./FreeRTOS/Source/portable/GCC/ARM_CM4F/port.o
                0x00000000080067a8                SysTick_Handler
 .text.vPortSetupTimerInterrupt
                0x00000000080067ec       0x48 ./FreeRTOS/Source/portable/GCC/ARM_CM4F/port.o
                0x00000000080067ec                vPortSetupTimerInterrupt
 .text.vPortEnableVFP
                0x0000000008006834       0x18 ./FreeRTOS/Source/portable/GCC/ARM_CM4F/port.o
 .text.pvPortMalloc
                0x000000000800684c      0x174 ./FreeRTOS/Source/portable/MemMang/heap_4.o
                0x000000000800684c                pvPortMalloc
 .text.vPortFree
                0x00000000080069c0       0xb8 ./FreeRTOS/Source/portable/MemMang/heap_4.o
                0x00000000080069c0                vPortFree
 .text.prvHeapInit
                0x0000000008006a78       0xb8 ./FreeRTOS/Source/portable/MemMang/heap_4.o
 .text.prvInsertBlockIntoFreeList
                0x0000000008006b30       0xb4 ./FreeRTOS/Source/portable/MemMang/heap_4.o
 .text.memset   0x0000000008006be4       0x10 C:/ST/STM32CubeIDE_1.14.1/STM32CubeIDE/plugins/com.st.stm32cube.ide.mcu.externaltools.gnu-tools-for-stm32.11.3.rel1.win32_1.1.100.202309141235/tools/bin/../lib/gcc/arm-none-eabi/11.3.1/../../../../arm-none-eabi/lib/thumb/v7e-m+fp/hard\libc_nano.a(libc_a-memset.o)
                0x0000000008006be4                memset
 .text.__libc_init_array
                0x0000000008006bf4       0x48 C:/ST/STM32CubeIDE_1.14.1/STM32CubeIDE/plugins/com.st.stm32cube.ide.mcu.externaltools.gnu-tools-for-stm32.11.3.rel1.win32_1.1.100.202309141235/tools/bin/../lib/gcc/arm-none-eabi/11.3.1/../../../../arm-none-eabi/lib/thumb/v7e-m+fp/hard\libc_nano.a(libc_a-init.o)
                0x0000000008006bf4                __libc_init_array
 .text.memcpy   0x0000000008006c3c       0x1c C:/ST/STM32CubeIDE_1.14.1/STM32CubeIDE/plugins/com.st.stm32cube.ide.mcu.externaltools.gnu-tools-for-stm32.11.3.rel1.win32_1.1.100.202309141235/tools/bin/../lib/gcc/arm-none-eabi/11.3.1/../../../../arm-none-eabi/lib/thumb/v7e-m+fp/hard\libc_nano.a(libc_a-memcpy-stub.o)
                0x0000000008006c3c                memcpy
 *(.glue_7)
 .glue_7        0x0000000008006c58        0x0 linker stubs
 *(.glue_7t)
 .glue_7t       0x0000000008006c58        0x0 linker stubs
 *(.eh_frame)
 .eh_frame      0x0000000008006c58        0x0 C:/ST/STM32CubeIDE_1.14.1/STM32CubeIDE/plugins/com.st.stm32cube.ide.mcu.externaltools.gnu-tools-for-stm32.11.3.rel1.win32_1.1.100.202309141235/tools/bin/../lib/gcc/arm-none-eabi/11.3.1/thumb/v7e-m+fp/hard/crtbegin.o
 *(.init)
 .init          0x0000000008006c58        0x4 C:/ST/STM32CubeIDE_1.14.1/STM32CubeIDE/plugins/com.st.stm32cube.ide.mcu.externaltools.gnu-tools-for-stm32.11.3.rel1.win32_1.1.100.202309141235/tools/bin/../lib/gcc/arm-none-eabi/11.3.1/thumb/v7e-m+fp/hard/crti.o
                0x0000000008006c58                _init
 .init          0x0000000008006c5c        0x8 C:/ST/STM32CubeIDE_1.14.1/STM32CubeIDE/plugins/com.st.stm32cube.ide.mcu.externaltools.gnu-tools-for-stm32.11.3.rel1.win32_1.1.100.202309141235/tools/bin/../lib/gcc/arm-none-eabi/11.3.1/thumb/v7e-m+fp/hard/crtn.o
 *(.fini)
 .fini          0x0000000008006c64        0x4 C:/ST/STM32CubeIDE_1.14.1/STM32CubeIDE/plugins/com.st.stm32cube.ide.mcu.externaltools.gnu-tools-for-stm32.11.3.rel1.win32_1.1.100.202309141235/tools/bin/../lib/gcc/arm-none-eabi/11.3.1/thumb/v7e-m+fp/hard/crti.o
                0x0000000008006c64                _fini
 .fini          0x0000000008006c68        0x8 C:/ST/STM32CubeIDE_1.14.1/STM32CubeIDE/plugins/com.st.stm32cube.ide.mcu.externaltools.gnu-tools-for-stm32.11.3.rel1.win32_1.1.100.202309141235/tools/bin/../lib/gcc/arm-none-eabi/11.3.1/thumb/v7e-m+fp/hard/crtn.o
                0x0000000008006c70                . = ALIGN (0x4)
                0x0000000008006c70                _etext = .

.vfp11_veneer   0x0000000008006c70        0x0
 .vfp11_veneer  0x0000000008006c70        0x0 linker stubs

.v4_bx          0x0000000008006c70        0x0
 .v4_bx         0x0000000008006c70        0x0 linker stubs

.iplt           0x0000000008006c70        0x0
 .iplt          0x0000000008006c70        0x0 C:/ST/STM32CubeIDE_1.14.1/STM32CubeIDE/plugins/com.st.stm32cube.ide.mcu.externaltools.gnu-tools-for-stm32.11.3.rel1.win32_1.1.100.202309141235/tools/bin/../lib/gcc/arm-none-eabi/11.3.1/thumb/v7e-m+fp/hard/crtbegin.o

.rodata         0x0000000008006c70      0x19c
                0x0000000008006c70                . = ALIGN (0x4)
 *(.rodata)
 .rodata        0x0000000008006c70      0x119 ./Core/Src/main.o
 *fill*         0x0000000008006d89        0x3 
 .rodata        0x0000000008006d8c        0x5 ./FreeRTOS/Source/tasks.o
 *fill*         0x0000000008006d91        0x3 
 .rodata        0x0000000008006d94        0x8 ./FreeRTOS/Source/timers.o
 *(.rodata*)
 .rodata.AHBPrescTable
                0x0000000008006d9c       0x10 ./Core/Src/system_stm32l4xx.o
                0x0000000008006d9c                AHBPrescTable
 .rodata.APBPrescTable
                0x0000000008006dac        0x8 ./Core/Src/system_stm32l4xx.o
                0x0000000008006dac                APBPrescTable
 .rodata.MSIRangeTable
                0x0000000008006db4       0x30 ./Core/Src/system_stm32l4xx.o
                0x0000000008006db4                MSIRangeTable
 .rodata.UARTPrescTable
                0x0000000008006de4       0x18 ./Drivers/STM32L4xx_HAL_Driver/Src/stm32l4xx_hal_uart.o
                0x0000000008006de4                UARTPrescTable
 .rodata.numerator.1
                0x0000000008006dfc        0x8 ./Drivers/STM32L4xx_HAL_Driver/Src/stm32l4xx_hal_uart_ex.o
 .rodata.denominator.0
                0x0000000008006e04        0x8 ./Drivers/STM32L4xx_HAL_Driver/Src/stm32l4xx_hal_uart_ex.o
                0x0000000008006e0c                . = ALIGN (0x4)

.ARM.extab      0x0000000008006e0c        0x0
                0x0000000008006e0c                . = ALIGN (0x4)
 *(.ARM.extab* .gnu.linkonce.armextab.*)
                0x0000000008006e0c                . = ALIGN (0x4)

.ARM            0x0000000008006e0c        0x8
                0x0000000008006e0c                . = ALIGN (0x4)
                0x0000000008006e0c                __exidx_start = .
 *(.ARM.exidx*)
 .ARM.exidx     0x0000000008006e0c        0x8 C:/ST/STM32CubeIDE_1.14.1/STM32CubeIDE/plugins/com.st.stm32cube.ide.mcu.externaltools.gnu-tools-for-stm32.11.3.rel1.win32_1.1.100.202309141235/tools/bin/../lib/gcc/arm-none-eabi/11.3.1/thumb/v7e-m+fp/hard\libgcc.a(_udivmoddi4.o)
                0x0000000008006e14                __exidx_end = .
                0x0000000008006e14                . = ALIGN (0x4)

.rel.dyn        0x0000000008006e14        0x0
 .rel.iplt      0x0000000008006e14        0x0 C:/ST/STM32CubeIDE_1.14.1/STM32CubeIDE/plugins/com.st.stm32cube.ide.mcu.externaltools.gnu-tools-for-stm32.11.3.rel1.win32_1.1.100.202309141235/tools/bin/../lib/gcc/arm-none-eabi/11.3.1/thumb/v7e-m+fp/hard/crtbegin.o

.preinit_array  0x0000000008006e14        0x0
                0x0000000008006e14                . = ALIGN (0x4)
                0x0000000008006e14                PROVIDE (__preinit_array_start = .)
 *(.preinit_array*)
                0x0000000008006e14                PROVIDE (__preinit_array_end = .)
                0x0000000008006e14                . = ALIGN (0x4)

.init_array     0x0000000008006e14        0x4
                0x0000000008006e14                . = ALIGN (0x4)
                0x0000000008006e14                PROVIDE (__init_array_start = .)
 *(SORT_BY_NAME(.init_array.*))
 *(.init_array*)
 .init_array    0x0000000008006e14        0x4 C:/ST/STM32CubeIDE_1.14.1/STM32CubeIDE/plugins/com.st.stm32cube.ide.mcu.externaltools.gnu-tools-for-stm32.11.3.rel1.win32_1.1.100.202309141235/tools/bin/../lib/gcc/arm-none-eabi/11.3.1/thumb/v7e-m+fp/hard/crtbegin.o
                0x0000000008006e18                PROVIDE (__init_array_end = .)
                0x0000000008006e18                . = ALIGN (0x4)

.fini_array     0x0000000008006e18        0x4
                0x0000000008006e18                . = ALIGN (0x4)
                [!provide]                        PROVIDE (__fini_array_start = .)
 *(SORT_BY_NAME(.fini_array.*))
 *(.fini_array*)
 .fini_array    0x0000000008006e18        0x4 C:/ST/STM32CubeIDE_1.14.1/STM32CubeIDE/plugins/com.st.stm32cube.ide.mcu.externaltools.gnu-tools-for-stm32.11.3.rel1.win32_1.1.100.202309141235/tools/bin/../lib/gcc/arm-none-eabi/11.3.1/thumb/v7e-m+fp/hard/crtbegin.o
                [!provide]                        PROVIDE (__fini_array_end = .)
                0x0000000008006e1c                . = ALIGN (0x4)
                0x0000000008006e1c                _sidata = LOADADDR (.data)

.data           0x0000000020000000       0x14 load address 0x0000000008006e1c
                0x0000000020000000                . = ALIGN (0x4)
                0x0000000020000000                _sdata = .
 *(.data)
 *(.data*)
 .data.SystemCoreClock
                0x0000000020000000        0x4 ./Core/Src/system_stm32l4xx.o
                0x0000000020000000                SystemCoreClock
 .data.uwTickPrio
                0x0000000020000004        0x4 ./Drivers/STM32L4xx_HAL_Driver/Src/stm32l4xx_hal.o
                0x0000000020000004                uwTickPrio
 .data.uwTickFreq
                0x0000000020000008        0x1 ./Drivers/STM32L4xx_HAL_Driver/Src/stm32l4xx_hal.o
                0x0000000020000008                uwTickFreq
 *fill*         0x0000000020000009        0x3 
 .data.uxTopUsedPriority
                0x000000002000000c        0x4 ./FreeRTOS/Source/tasks.o
                0x000000002000000c                uxTopUsedPriority
 .data.uxCriticalNesting
                0x0000000020000010        0x4 ./FreeRTOS/Source/portable/GCC/ARM_CM4F/port.o
 *(.RamFunc)
 *(.RamFunc*)
                0x0000000020000014                . = ALIGN (0x4)
                0x0000000020000014                _edata = .

.igot.plt       0x0000000020000014        0x0 load address 0x0000000008006e30
 .igot.plt      0x0000000020000014        0x0 C:/ST/STM32CubeIDE_1.14.1/STM32CubeIDE/plugins/com.st.stm32cube.ide.mcu.externaltools.gnu-tools-for-stm32.11.3.rel1.win32_1.1.100.202309141235/tools/bin/../lib/gcc/arm-none-eabi/11.3.1/thumb/v7e-m+fp/hard/crtbegin.o
                0x0000000020000014                . = ALIGN (0x4)

.bss            0x0000000020000014    0x1e268 load address 0x0000000008006e30
                0x0000000020000014                _sbss = .
                0x0000000020000014                __bss_start__ = _sbss
 *(.bss)
 .bss           0x0000000020000014       0x1c C:/ST/STM32CubeIDE_1.14.1/STM32CubeIDE/plugins/com.st.stm32cube.ide.mcu.externaltools.gnu-tools-for-stm32.11.3.rel1.win32_1.1.100.202309141235/tools/bin/../lib/gcc/arm-none-eabi/11.3.1/thumb/v7e-m+fp/hard/crtbegin.o
 *(.bss*)
 .bss.hlpuart1  0x0000000020000030       0x94 ./Core/Src/main.o
                0x0000000020000030                hlpuart1
 .bss.mutex     0x00000000200000c4        0x4 ./Core/Src/main.o
                0x00000000200000c4                mutex
 .bss.htim1     0x00000000200000c8       0x4c ./Core/Src/stm32l4xx_hal_timebase_tim.o
                0x00000000200000c8                htim1
 .bss.uwTick    0x0000000020000114        0x4 ./Drivers/STM32L4xx_HAL_Driver/Src/stm32l4xx_hal.o
                0x0000000020000114                uwTick
 .bss.pxCurrentTCB
                0x0000000020000118        0x4 ./FreeRTOS/Source/tasks.o
                0x0000000020000118                pxCurrentTCB
 .bss.pxReadyTasksLists
                0x000000002000011c       0x64 ./FreeRTOS/Source/tasks.o
 .bss.xDelayedTaskList1
                0x0000000020000180       0x14 ./FreeRTOS/Source/tasks.o
 .bss.xDelayedTaskList2
                0x0000000020000194       0x14 ./FreeRTOS/Source/tasks.o
 .bss.pxDelayedTaskList
                0x00000000200001a8        0x4 ./FreeRTOS/Source/tasks.o
 .bss.pxOverflowDelayedTaskList
                0x00000000200001ac        0x4 ./FreeRTOS/Source/tasks.o
 .bss.xPendingReadyList
                0x00000000200001b0       0x14 ./FreeRTOS/Source/tasks.o
 .bss.xTasksWaitingTermination
                0x00000000200001c4       0x14 ./FreeRTOS/Source/tasks.o
 .bss.uxDeletedTasksWaitingCleanUp
                0x00000000200001d8        0x4 ./FreeRTOS/Source/tasks.o
 .bss.xSuspendedTaskList
                0x00000000200001dc       0x14 ./FreeRTOS/Source/tasks.o
 .bss.uxCurrentNumberOfTasks
                0x00000000200001f0        0x4 ./FreeRTOS/Source/tasks.o
 .bss.xTickCount
                0x00000000200001f4        0x4 ./FreeRTOS/Source/tasks.o
 .bss.uxTopReadyPriority
                0x00000000200001f8        0x4 ./FreeRTOS/Source/tasks.o
 .bss.xSchedulerRunning
                0x00000000200001fc        0x4 ./FreeRTOS/Source/tasks.o
 .bss.xPendedTicks
                0x0000000020000200        0x4 ./FreeRTOS/Source/tasks.o
 .bss.xYieldPending
                0x0000000020000204        0x4 ./FreeRTOS/Source/tasks.o
 .bss.xNumOfOverflows
                0x0000000020000208        0x4 ./FreeRTOS/Source/tasks.o
 .bss.uxTaskNumber
                0x000000002000020c        0x4 ./FreeRTOS/Source/tasks.o
 .bss.xNextTaskUnblockTime
                0x0000000020000210        0x4 ./FreeRTOS/Source/tasks.o
 .bss.xIdleTaskHandle
                0x0000000020000214        0x4 ./FreeRTOS/Source/tasks.o
 .bss.uxSchedulerSuspended
                0x0000000020000218        0x4 ./FreeRTOS/Source/tasks.o
 .bss.xActiveTimerList1
                0x000000002000021c       0x14 ./FreeRTOS/Source/timers.o
 .bss.xActiveTimerList2
                0x0000000020000230       0x14 ./FreeRTOS/Source/timers.o
 .bss.pxCurrentTimerList
                0x0000000020000244        0x4 ./FreeRTOS/Source/timers.o
 .bss.pxOverflowTimerList
                0x0000000020000248        0x4 ./FreeRTOS/Source/timers.o
 .bss.xTimerQueue
                0x000000002000024c        0x4 ./FreeRTOS/Source/timers.o
 .bss.xTimerTaskHandle
                0x0000000020000250        0x4 ./FreeRTOS/Source/timers.o
 .bss.xLastTime.0
                0x0000000020000254        0x4 ./FreeRTOS/Source/timers.o
 .bss.ucMaxSysCallPriority
                0x0000000020000258        0x1 ./FreeRTOS/Source/portable/GCC/ARM_CM4F/port.o
 *fill*         0x0000000020000259        0x3 
 .bss.ulMaxPRIGROUPValue
                0x000000002000025c        0x4 ./FreeRTOS/Source/portable/GCC/ARM_CM4F/port.o
 .bss.ucHeap    0x0000000020000260    0x1e000 ./FreeRTOS/Source/portable/MemMang/heap_4.o
 .bss.xStart    0x000000002001e260        0x8 ./FreeRTOS/Source/portable/MemMang/heap_4.o
 .bss.pxEnd     0x000000002001e268        0x4 ./FreeRTOS/Source/portable/MemMang/heap_4.o
 .bss.xFreeBytesRemaining
                0x000000002001e26c        0x4 ./FreeRTOS/Source/portable/MemMang/heap_4.o
 .bss.xMinimumEverFreeBytesRemaining
                0x000000002001e270        0x4 ./FreeRTOS/Source/portable/MemMang/heap_4.o
 .bss.xNumberOfSuccessfulAllocations
                0x000000002001e274        0x4 ./FreeRTOS/Source/portable/MemMang/heap_4.o
 .bss.xNumberOfSuccessfulFrees
                0x000000002001e278        0x4 ./FreeRTOS/Source/portable/MemMang/heap_4.o
 *(COMMON)
                0x000000002001e27c                . = ALIGN (0x4)
                0x000000002001e27c                _ebss = .
                0x000000002001e27c                __bss_end__ = _ebss

._user_heap_stack
                0x000000002001e27c      0x604 load address 0x0000000008006e30
                0x000000002001e280                . = ALIGN (0x8)
 *fill*         0x000000002001e27c        0x4 
                [!provide]                        PROVIDE (end = .)
                0x000000002001e280                PROVIDE (_end = .)
                0x000000002001e480                . = (. + _Min_Heap_Size)
 *fill*         0x000000002001e280      0x200 
                0x000000002001e880                . = (. + _Min_Stack_Size)
 *fill*         0x000000002001e480      0x400 
                0x000000002001e880                . = ALIGN (0x8)

/DISCARD/
 libc.a(*)
 libm.a(*)
 libgcc.a(*)

.ARM.attributes
                0x0000000000000000       0x30
 *(.ARM.attributes)
 .ARM.attributes
                0x0000000000000000       0x1e C:/ST/STM32CubeIDE_1.14.1/STM32CubeIDE/plugins/com.st.stm32cube.ide.mcu.externaltools.gnu-tools-for-stm32.11.3.rel1.win32_1.1.100.202309141235/tools/bin/../lib/gcc/arm-none-eabi/11.3.1/thumb/v7e-m+fp/hard/crti.o
 .ARM.attributes
                0x000000000000001e       0x34 C:/ST/STM32CubeIDE_1.14.1/STM32CubeIDE/plugins/com.st.stm32cube.ide.mcu.externaltools.gnu-tools-for-stm32.11.3.rel1.win32_1.1.100.202309141235/tools/bin/../lib/gcc/arm-none-eabi/11.3.1/thumb/v7e-m+fp/hard/crtbegin.o
 .ARM.attributes
                0x0000000000000052       0x34 ./Core/Src/main.o
 .ARM.attributes
                0x0000000000000086       0x34 ./Core/Src/stm32l4xx_hal_msp.o
 .ARM.attributes
                0x00000000000000ba       0x34 ./Core/Src/stm32l4xx_hal_timebase_tim.o
 .ARM.attributes
                0x00000000000000ee       0x34 ./Core/Src/stm32l4xx_it.o
 .ARM.attributes
                0x0000000000000122       0x34 ./Core/Src/system_stm32l4xx.o
 .ARM.attributes
                0x0000000000000156       0x21 ./Core/Startup/startup_stm32l4r5zitx.o
 .ARM.attributes
                0x0000000000000177       0x34 ./Drivers/STM32L4xx_HAL_Driver/Src/stm32l4xx_hal.o
 .ARM.attributes
                0x00000000000001ab       0x34 ./Drivers/STM32L4xx_HAL_Driver/Src/stm32l4xx_hal_cortex.o
 .ARM.attributes
                0x00000000000001df       0x34 ./Drivers/STM32L4xx_HAL_Driver/Src/stm32l4xx_hal_gpio.o
 .ARM.attributes
                0x0000000000000213       0x34 ./Drivers/STM32L4xx_HAL_Driver/Src/stm32l4xx_hal_pwr_ex.o
 .ARM.attributes
                0x0000000000000247       0x34 ./Drivers/STM32L4xx_HAL_Driver/Src/stm32l4xx_hal_rcc.o
 .ARM.attributes
                0x000000000000027b       0x34 ./Drivers/STM32L4xx_HAL_Driver/Src/stm32l4xx_hal_rcc_ex.o
 .ARM.attributes
                0x00000000000002af       0x34 ./Drivers/STM32L4xx_HAL_Driver/Src/stm32l4xx_hal_tim.o
 .ARM.attributes
                0x00000000000002e3       0x34 ./Drivers/STM32L4xx_HAL_Driver/Src/stm32l4xx_hal_tim_ex.o
 .ARM.attributes
                0x0000000000000317       0x34 ./Drivers/STM32L4xx_HAL_Driver/Src/stm32l4xx_hal_uart.o
 .ARM.attributes
                0x000000000000034b       0x34 ./Drivers/STM32L4xx_HAL_Driver/Src/stm32l4xx_hal_uart_ex.o
 .ARM.attributes
                0x000000000000037f       0x34 ./FreeRTOS/Source/list.o
 .ARM.attributes
                0x00000000000003b3       0x34 ./FreeRTOS/Source/queue.o
 .ARM.attributes
                0x00000000000003e7       0x34 ./FreeRTOS/Source/tasks.o
 .ARM.attributes
                0x000000000000041b       0x34 ./FreeRTOS/Source/timers.o
 .ARM.attributes
                0x000000000000044f       0x34 ./FreeRTOS/Source/portable/GCC/ARM_CM4F/port.o
 .ARM.attributes
                0x0000000000000483       0x34 ./FreeRTOS/Source/portable/MemMang/heap_4.o
 .ARM.attributes
                0x00000000000004b7       0x34 C:/ST/STM32CubeIDE_1.14.1/STM32CubeIDE/plugins/com.st.stm32cube.ide.mcu.externaltools.gnu-tools-for-stm32.11.3.rel1.win32_1.1.100.202309141235/tools/bin/../lib/gcc/arm-none-eabi/11.3.1/../../../../arm-none-eabi/lib/thumb/v7e-m+fp/hard\libc_nano.a(libc_a-memset.o)
 .ARM.attributes
                0x00000000000004eb       0x34 C:/ST/STM32CubeIDE_1.14.1/STM32CubeIDE/plugins/com.st.stm32cube.ide.mcu.externaltools.gnu-tools-for-stm32.11.3.rel1.win32_1.1.100.202309141235/tools/bin/../lib/gcc/arm-none-eabi/11.3.1/../../../../arm-none-eabi/lib/thumb/v7e-m+fp/hard\libc_nano.a(libc_a-init.o)
 .ARM.attributes
                0x000000000000051f       0x34 C:/ST/STM32CubeIDE_1.14.1/STM32CubeIDE/plugins/com.st.stm32cube.ide.mcu.externaltools.gnu-tools-for-stm32.11.3.rel1.win32_1.1.100.202309141235/tools/bin/../lib/gcc/arm-none-eabi/11.3.1/../../../../arm-none-eabi/lib/thumb/v7e-m+fp/hard\libc_nano.a(libc_a-memcpy-stub.o)
 .ARM.attributes
                0x0000000000000553       0x17 C:/ST/STM32CubeIDE_1.14.1/STM32CubeIDE/plugins/com.st.stm32cube.ide.mcu.externaltools.gnu-tools-for-stm32.11.3.rel1.win32_1.1.100.202309141235/tools/bin/../lib/gcc/arm-none-eabi/11.3.1/../../../../arm-none-eabi/lib/thumb/v7e-m+fp/hard\libc_nano.a(libc_a-strlen.o)
 .ARM.attributes
                0x000000000000056a       0x1e C:/ST/STM32CubeIDE_1.14.1/STM32CubeIDE/plugins/com.st.stm32cube.ide.mcu.externaltools.gnu-tools-for-stm32.11.3.rel1.win32_1.1.100.202309141235/tools/bin/../lib/gcc/arm-none-eabi/11.3.1/thumb/v7e-m+fp/hard\libgcc.a(_aeabi_uldivmod.o)
 .ARM.attributes
                0x0000000000000588       0x34 C:/ST/STM32CubeIDE_1.14.1/STM32CubeIDE/plugins/com.st.stm32cube.ide.mcu.externaltools.gnu-tools-for-stm32.11.3.rel1.win32_1.1.100.202309141235/tools/bin/../lib/gcc/arm-none-eabi/11.3.1/thumb/v7e-m+fp/hard\libgcc.a(_udivmoddi4.o)
 .ARM.attributes
                0x00000000000005bc       0x1e C:/ST/STM32CubeIDE_1.14.1/STM32CubeIDE/plugins/com.st.stm32cube.ide.mcu.externaltools.gnu-tools-for-stm32.11.3.rel1.win32_1.1.100.202309141235/tools/bin/../lib/gcc/arm-none-eabi/11.3.1/thumb/v7e-m+fp/hard\libgcc.a(_dvmd_tls.o)
 .ARM.attributes
                0x00000000000005da       0x1e C:/ST/STM32CubeIDE_1.14.1/STM32CubeIDE/plugins/com.st.stm32cube.ide.mcu.externaltools.gnu-tools-for-stm32.11.3.rel1.win32_1.1.100.202309141235/tools/bin/../lib/gcc/arm-none-eabi/11.3.1/thumb/v7e-m+fp/hard/crtn.o
OUTPUT(RTOS_mutex.elf elf32-littlearm)
LOAD linker stubs
LOAD C:/ST/STM32CubeIDE_1.14.1/STM32CubeIDE/plugins/com.st.stm32cube.ide.mcu.externaltools.gnu-tools-for-stm32.11.3.rel1.win32_1.1.100.202309141235/tools/bin/../lib/gcc/arm-none-eabi/11.3.1/../../../../arm-none-eabi/lib/thumb/v7e-m+fp/hard\libc.a
LOAD C:/ST/STM32CubeIDE_1.14.1/STM32CubeIDE/plugins/com.st.stm32cube.ide.mcu.externaltools.gnu-tools-for-stm32.11.3.rel1.win32_1.1.100.202309141235/tools/bin/../lib/gcc/arm-none-eabi/11.3.1/../../../../arm-none-eabi/lib/thumb/v7e-m+fp/hard\libm.a
LOAD C:/ST/STM32CubeIDE_1.14.1/STM32CubeIDE/plugins/com.st.stm32cube.ide.mcu.externaltools.gnu-tools-for-stm32.11.3.rel1.win32_1.1.100.202309141235/tools/bin/../lib/gcc/arm-none-eabi/11.3.1/thumb/v7e-m+fp/hard\libgcc.a

.comment        0x0000000000000000       0x43
 .comment       0x0000000000000000       0x43 C:/ST/STM32CubeIDE_1.14.1/STM32CubeIDE/plugins/com.st.stm32cube.ide.mcu.externaltools.gnu-tools-for-stm32.11.3.rel1.win32_1.1.100.202309141235/tools/bin/../lib/gcc/arm-none-eabi/11.3.1/thumb/v7e-m+fp/hard/crtbegin.o
                                         0x44 (size before relaxing)
 .comment       0x0000000000000043       0x44 ./Core/Src/main.o
 .comment       0x0000000000000043       0x44 ./Core/Src/stm32l4xx_hal_msp.o
 .comment       0x0000000000000043       0x44 ./Core/Src/stm32l4xx_hal_timebase_tim.o
 .comment       0x0000000000000043       0x44 ./Core/Src/stm32l4xx_it.o
 .comment       0x0000000000000043       0x44 ./Core/Src/system_stm32l4xx.o
 .comment       0x0000000000000043       0x44 ./Drivers/STM32L4xx_HAL_Driver/Src/stm32l4xx_hal.o
 .comment       0x0000000000000043       0x44 ./Drivers/STM32L4xx_HAL_Driver/Src/stm32l4xx_hal_cortex.o
 .comment       0x0000000000000043       0x44 ./Drivers/STM32L4xx_HAL_Driver/Src/stm32l4xx_hal_gpio.o
 .comment       0x0000000000000043       0x44 ./Drivers/STM32L4xx_HAL_Driver/Src/stm32l4xx_hal_pwr_ex.o
 .comment       0x0000000000000043       0x44 ./Drivers/STM32L4xx_HAL_Driver/Src/stm32l4xx_hal_rcc.o
 .comment       0x0000000000000043       0x44 ./Drivers/STM32L4xx_HAL_Driver/Src/stm32l4xx_hal_rcc_ex.o
 .comment       0x0000000000000043       0x44 ./Drivers/STM32L4xx_HAL_Driver/Src/stm32l4xx_hal_tim.o
 .comment       0x0000000000000043       0x44 ./Drivers/STM32L4xx_HAL_Driver/Src/stm32l4xx_hal_tim_ex.o
 .comment       0x0000000000000043       0x44 ./Drivers/STM32L4xx_HAL_Driver/Src/stm32l4xx_hal_uart.o
 .comment       0x0000000000000043       0x44 ./Drivers/STM32L4xx_HAL_Driver/Src/stm32l4xx_hal_uart_ex.o
 .comment       0x0000000000000043       0x44 ./FreeRTOS/Source/list.o
 .comment       0x0000000000000043       0x44 ./FreeRTOS/Source/queue.o
 .comment       0x0000000000000043       0x44 ./FreeRTOS/Source/tasks.o
 .comment       0x0000000000000043       0x44 ./FreeRTOS/Source/timers.o
 .comment       0x0000000000000043       0x44 ./FreeRTOS/Source/portable/GCC/ARM_CM4F/port.o
 .comment       0x0000000000000043       0x44 ./FreeRTOS/Source/portable/MemMang/heap_4.o

.debug_info     0x0000000000000000    0x17596
 .debug_info    0x0000000000000000     0x1690 ./Core/Src/main.o
 .debug_info    0x0000000000001690      0xeda ./Core/Src/stm32l4xx_hal_msp.o
 .debug_info    0x000000000000256a      0xde9 ./Core/Src/stm32l4xx_hal_timebase_tim.o
 .debug_info    0x0000000000003353      0x7f6 ./Core/Src/stm32l4xx_it.o
 .debug_info    0x0000000000003b49      0x5e9 ./Core/Src/system_stm32l4xx.o
 .debug_info    0x0000000000004132       0x23 ./Core/Startup/startup_stm32l4r5zitx.o
 .debug_info    0x0000000000004155      0xb49 ./Drivers/STM32L4xx_HAL_Driver/Src/stm32l4xx_hal.o
 .debug_info    0x0000000000004c9e      0xd64 ./Drivers/STM32L4xx_HAL_Driver/Src/stm32l4xx_hal_cortex.o
 .debug_info    0x0000000000005a02      0x787 ./Drivers/STM32L4xx_HAL_Driver/Src/stm32l4xx_hal_gpio.o
 .debug_info    0x0000000000006189      0xa0a ./Drivers/STM32L4xx_HAL_Driver/Src/stm32l4xx_hal_pwr_ex.o
 .debug_info    0x0000000000006b93      0xd32 ./Drivers/STM32L4xx_HAL_Driver/Src/stm32l4xx_hal_rcc.o
 .debug_info    0x00000000000078c5     0x1167 ./Drivers/STM32L4xx_HAL_Driver/Src/stm32l4xx_hal_rcc_ex.o
 .debug_info    0x0000000000008a2c     0x2bc0 ./Drivers/STM32L4xx_HAL_Driver/Src/stm32l4xx_hal_tim.o
 .debug_info    0x000000000000b5ec     0x17c4 ./Drivers/STM32L4xx_HAL_Driver/Src/stm32l4xx_hal_tim_ex.o
 .debug_info    0x000000000000cdb0     0x4875 ./Drivers/STM32L4xx_HAL_Driver/Src/stm32l4xx_hal_uart.o
 .debug_info    0x0000000000011625     0x1018 ./Drivers/STM32L4xx_HAL_Driver/Src/stm32l4xx_hal_uart_ex.o
 .debug_info    0x000000000001263d      0x2af ./FreeRTOS/Source/list.o
 .debug_info    0x00000000000128ec     0x14eb ./FreeRTOS/Source/queue.o
 .debug_info    0x0000000000013dd7     0x2024 ./FreeRTOS/Source/tasks.o
 .debug_info    0x0000000000015dfb      0xd97 ./FreeRTOS/Source/timers.o
 .debug_info    0x0000000000016b92      0x4e1 ./FreeRTOS/Source/portable/GCC/ARM_CM4F/port.o
 .debug_info    0x0000000000017073      0x523 ./FreeRTOS/Source/portable/MemMang/heap_4.o

.debug_abbrev   0x0000000000000000     0x3197
 .debug_abbrev  0x0000000000000000      0x2f3 ./Core/Src/main.o
 .debug_abbrev  0x00000000000002f3      0x1e4 ./Core/Src/stm32l4xx_hal_msp.o
 .debug_abbrev  0x00000000000004d7      0x1f2 ./Core/Src/stm32l4xx_hal_timebase_tim.o
 .debug_abbrev  0x00000000000006c9      0x17c ./Core/Src/stm32l4xx_it.o
 .debug_abbrev  0x0000000000000845      0x11a ./Core/Src/system_stm32l4xx.o
 .debug_abbrev  0x000000000000095f       0x12 ./Core/Startup/startup_stm32l4r5zitx.o
 .debug_abbrev  0x0000000000000971      0x242 ./Drivers/STM32L4xx_HAL_Driver/Src/stm32l4xx_hal.o
 .debug_abbrev  0x0000000000000bb3      0x327 ./Drivers/STM32L4xx_HAL_Driver/Src/stm32l4xx_hal_cortex.o
 .debug_abbrev  0x0000000000000eda      0x1cb ./Drivers/STM32L4xx_HAL_Driver/Src/stm32l4xx_hal_gpio.o
 .debug_abbrev  0x00000000000010a5      0x1f9 ./Drivers/STM32L4xx_HAL_Driver/Src/stm32l4xx_hal_pwr_ex.o
 .debug_abbrev  0x000000000000129e      0x306 ./Drivers/STM32L4xx_HAL_Driver/Src/stm32l4xx_hal_rcc.o
 .debug_abbrev  0x00000000000015a4      0x2a3 ./Drivers/STM32L4xx_HAL_Driver/Src/stm32l4xx_hal_rcc_ex.o
 .debug_abbrev  0x0000000000001847      0x276 ./Drivers/STM32L4xx_HAL_Driver/Src/stm32l4xx_hal_tim.o
 .debug_abbrev  0x0000000000001abd      0x281 ./Drivers/STM32L4xx_HAL_Driver/Src/stm32l4xx_hal_tim_ex.o
 .debug_abbrev  0x0000000000001d3e      0x304 ./Drivers/STM32L4xx_HAL_Driver/Src/stm32l4xx_hal_uart.o
 .debug_abbrev  0x0000000000002042      0x2d2 ./Drivers/STM32L4xx_HAL_Driver/Src/stm32l4xx_hal_uart_ex.o
 .debug_abbrev  0x0000000000002314       0xf5 ./FreeRTOS/Source/list.o
 .debug_abbrev  0x0000000000002409      0x2ce ./FreeRTOS/Source/queue.o
 .debug_abbrev  0x00000000000026d7      0x35f ./FreeRTOS/Source/tasks.o
 .debug_abbrev  0x0000000000002a36      0x2b1 ./FreeRTOS/Source/timers.o
 .debug_abbrev  0x0000000000002ce7      0x25a ./FreeRTOS/Source/portable/GCC/ARM_CM4F/port.o
 .debug_abbrev  0x0000000000002f41      0x256 ./FreeRTOS/Source/portable/MemMang/heap_4.o

.debug_aranges  0x0000000000000000     0x1410
 .debug_aranges
                0x0000000000000000       0x68 ./Core/Src/main.o
 .debug_aranges
                0x0000000000000068       0x30 ./Core/Src/stm32l4xx_hal_msp.o
 .debug_aranges
                0x0000000000000098       0x30 ./Core/Src/stm32l4xx_hal_timebase_tim.o
 .debug_aranges
                0x00000000000000c8       0x50 ./Core/Src/stm32l4xx_it.o
 .debug_aranges
                0x0000000000000118       0x28 ./Core/Src/system_stm32l4xx.o
 .debug_aranges
                0x0000000000000140       0x28 ./Core/Startup/startup_stm32l4r5zitx.o
 .debug_aranges
                0x0000000000000168      0x130 ./Drivers/STM32L4xx_HAL_Driver/Src/stm32l4xx_hal.o
 .debug_aranges
                0x0000000000000298      0x118 ./Drivers/STM32L4xx_HAL_Driver/Src/stm32l4xx_hal_cortex.o
 .debug_aranges
                0x00000000000003b0       0x58 ./Drivers/STM32L4xx_HAL_Driver/Src/stm32l4xx_hal_gpio.o
 .debug_aranges
                0x0000000000000408      0x170 ./Drivers/STM32L4xx_HAL_Driver/Src/stm32l4xx_hal_pwr_ex.o
 .debug_aranges
                0x0000000000000578       0x98 ./Drivers/STM32L4xx_HAL_Driver/Src/stm32l4xx_hal_rcc.o
 .debug_aranges
                0x0000000000000610      0x110 ./Drivers/STM32L4xx_HAL_Driver/Src/stm32l4xx_hal_rcc_ex.o
 .debug_aranges
                0x0000000000000720      0x3e0 ./Drivers/STM32L4xx_HAL_Driver/Src/stm32l4xx_hal_tim.o
 .debug_aranges
                0x0000000000000b00      0x180 ./Drivers/STM32L4xx_HAL_Driver/Src/stm32l4xx_hal_tim_ex.o
 .debug_aranges
                0x0000000000000c80      0x248 ./Drivers/STM32L4xx_HAL_Driver/Src/stm32l4xx_hal_uart.o
 .debug_aranges
                0x0000000000000ec8       0xa8 ./Drivers/STM32L4xx_HAL_Driver/Src/stm32l4xx_hal_uart_ex.o
 .debug_aranges
                0x0000000000000f70       0x40 ./FreeRTOS/Source/list.o
 .debug_aranges
                0x0000000000000fb0       0xe8 ./FreeRTOS/Source/queue.o
 .debug_aranges
                0x0000000000001098      0x1c0 ./FreeRTOS/Source/tasks.o
 .debug_aranges
                0x0000000000001258       0xd8 ./FreeRTOS/Source/timers.o
 .debug_aranges
                0x0000000000001330       0x80 ./FreeRTOS/Source/portable/GCC/ARM_CM4F/port.o
 .debug_aranges
                0x00000000000013b0       0x60 ./FreeRTOS/Source/portable/MemMang/heap_4.o

.debug_rnglists
                0x0000000000000000      0xfa9
 .debug_rnglists
                0x0000000000000000       0x4f ./Core/Src/main.o
 .debug_rnglists
                0x000000000000004f       0x20 ./Core/Src/stm32l4xx_hal_msp.o
 .debug_rnglists
                0x000000000000006f       0x20 ./Core/Src/stm32l4xx_hal_timebase_tim.o
 .debug_rnglists
                0x000000000000008f       0x37 ./Core/Src/stm32l4xx_it.o
 .debug_rnglists
                0x00000000000000c6       0x1a ./Core/Src/system_stm32l4xx.o
 .debug_rnglists
                0x00000000000000e0       0x19 ./Core/Startup/startup_stm32l4r5zitx.o
 .debug_rnglists
                0x00000000000000f9       0xdf ./Drivers/STM32L4xx_HAL_Driver/Src/stm32l4xx_hal.o
 .debug_rnglists
                0x00000000000001d8       0xce ./Drivers/STM32L4xx_HAL_Driver/Src/stm32l4xx_hal_cortex.o
 .debug_rnglists
                0x00000000000002a6       0x3f ./Drivers/STM32L4xx_HAL_Driver/Src/stm32l4xx_hal_gpio.o
 .debug_rnglists
                0x00000000000002e5      0x115 ./Drivers/STM32L4xx_HAL_Driver/Src/stm32l4xx_hal_pwr_ex.o
 .debug_rnglists
                0x00000000000003fa       0x74 ./Drivers/STM32L4xx_HAL_Driver/Src/stm32l4xx_hal_rcc.o
 .debug_rnglists
                0x000000000000046e       0xd4 ./Drivers/STM32L4xx_HAL_Driver/Src/stm32l4xx_hal_rcc_ex.o
 .debug_rnglists
                0x0000000000000542      0x328 ./Drivers/STM32L4xx_HAL_Driver/Src/stm32l4xx_hal_tim.o
 .debug_rnglists
                0x000000000000086a      0x139 ./Drivers/STM32L4xx_HAL_Driver/Src/stm32l4xx_hal_tim_ex.o
 .debug_rnglists
                0x00000000000009a3      0x1fa ./Drivers/STM32L4xx_HAL_Driver/Src/stm32l4xx_hal_uart.o
 .debug_rnglists
                0x0000000000000b9d       0x7f ./Drivers/STM32L4xx_HAL_Driver/Src/stm32l4xx_hal_uart_ex.o
 .debug_rnglists
                0x0000000000000c1c       0x2b ./FreeRTOS/Source/list.o
 .debug_rnglists
                0x0000000000000c47       0xb5 ./FreeRTOS/Source/queue.o
 .debug_rnglists
                0x0000000000000cfc      0x167 ./FreeRTOS/Source/tasks.o
 .debug_rnglists
                0x0000000000000e63       0xa1 ./FreeRTOS/Source/timers.o
 .debug_rnglists
                0x0000000000000f04       0x5d ./FreeRTOS/Source/portable/GCC/ARM_CM4F/port.o
 .debug_rnglists
                0x0000000000000f61       0x48 ./FreeRTOS/Source/portable/MemMang/heap_4.o

.debug_macro    0x0000000000000000    0x2b9fd
 .debug_macro   0x0000000000000000      0x33a ./Core/Src/main.o
 .debug_macro   0x000000000000033a      0xaa8 ./Core/Src/main.o
 .debug_macro   0x0000000000000de2      0x1a7 ./Core/Src/main.o
 .debug_macro   0x0000000000000f89       0x2e ./Core/Src/main.o
 .debug_macro   0x0000000000000fb7       0x28 ./Core/Src/main.o
 .debug_macro   0x0000000000000fdf       0x22 ./Core/Src/main.o
 .debug_macro   0x0000000000001001       0x8e ./Core/Src/main.o
 .debug_macro   0x000000000000108f       0x51 ./Core/Src/main.o
 .debug_macro   0x00000000000010e0      0x103 ./Core/Src/main.o
 .debug_macro   0x00000000000011e3       0x6a ./Core/Src/main.o
 .debug_macro   0x000000000000124d      0x1df ./Core/Src/main.o
 .debug_macro   0x000000000000142c       0x1c ./Core/Src/main.o
 .debug_macro   0x0000000000001448       0x22 ./Core/Src/main.o
 .debug_macro   0x000000000000146a       0xfb ./Core/Src/main.o
 .debug_macro   0x0000000000001565     0x1011 ./Core/Src/main.o
 .debug_macro   0x0000000000002576      0x11f ./Core/Src/main.o
 .debug_macro   0x0000000000002695    0x1cb71 ./Core/Src/main.o
 .debug_macro   0x000000000001f206       0x6d ./Core/Src/main.o
 .debug_macro   0x000000000001f273     0x38ed ./Core/Src/main.o
 .debug_macro   0x0000000000022b60      0x174 ./Core/Src/main.o
 .debug_macro   0x0000000000022cd4       0x5c ./Core/Src/main.o
 .debug_macro   0x0000000000022d30     0x1884 ./Core/Src/main.o
 .debug_macro   0x00000000000245b4      0x7dc ./Core/Src/main.o
 .debug_macro   0x0000000000024d90      0x1b9 ./Core/Src/main.o
 .debug_macro   0x0000000000024f49      0x225 ./Core/Src/main.o
 .debug_macro   0x000000000002516e      0x486 ./Core/Src/main.o
 .debug_macro   0x00000000000255f4      0x1ce ./Core/Src/main.o
 .debug_macro   0x00000000000257c2       0x43 ./Core/Src/main.o
 .debug_macro   0x0000000000025805      0x23d ./Core/Src/main.o
 .debug_macro   0x0000000000025a42      0x241 ./Core/Src/main.o
 .debug_macro   0x0000000000025c83      0x416 ./Core/Src/main.o
 .debug_macro   0x0000000000026099       0x1c ./Core/Src/main.o
 .debug_macro   0x00000000000260b5       0xf2 ./Core/Src/main.o
 .debug_macro   0x00000000000261a7      0x122 ./Core/Src/main.o
 .debug_macro   0x00000000000262c9      0x3f6 ./Core/Src/main.o
 .debug_macro   0x00000000000266bf      0xa98 ./Core/Src/main.o
 .debug_macro   0x0000000000027157      0x196 ./Core/Src/main.o
 .debug_macro   0x00000000000272ed      0x693 ./Core/Src/main.o
 .debug_macro   0x0000000000027980       0xa6 ./Core/Src/main.o
 .debug_macro   0x0000000000027a26      0x432 ./Core/Src/main.o
 .debug_macro   0x0000000000027e58       0xd0 ./Core/Src/main.o
 .debug_macro   0x0000000000027f28      0x100 ./Core/Src/main.o
 .debug_macro   0x0000000000028028      0x15a ./Core/Src/main.o
 .debug_macro   0x0000000000028182       0xea ./Core/Src/main.o
 .debug_macro   0x000000000002826c       0x28 ./Core/Src/main.o
 .debug_macro   0x0000000000028294       0x1f ./Core/Src/main.o
 .debug_macro   0x00000000000282b3       0x12 ./Core/Src/main.o
 .debug_macro   0x00000000000282c5      0x542 ./Core/Src/main.o
 .debug_macro   0x0000000000028807       0xc3 ./Core/Src/main.o
 .debug_macro   0x00000000000288ca      0x120 ./Core/Src/main.o
 .debug_macro   0x00000000000289ea       0x80 ./Core/Src/main.o
 .debug_macro   0x0000000000028a6a       0x62 ./Core/Src/main.o
 .debug_macro   0x0000000000028acc       0x61 ./Core/Src/main.o
 .debug_macro   0x0000000000028b2d       0x2a ./Core/Src/main.o
 .debug_macro   0x0000000000028b57       0x43 ./Core/Src/main.o
 .debug_macro   0x0000000000028b9a       0x34 ./Core/Src/main.o
 .debug_macro   0x0000000000028bce       0x16 ./Core/Src/main.o
 .debug_macro   0x0000000000028be4       0x43 ./Core/Src/main.o
 .debug_macro   0x0000000000028c27       0x34 ./Core/Src/main.o
 .debug_macro   0x0000000000028c5b       0x10 ./Core/Src/main.o
 .debug_macro   0x0000000000028c6b       0x58 ./Core/Src/main.o
 .debug_macro   0x0000000000028cc3       0x8e ./Core/Src/main.o
 .debug_macro   0x0000000000028d51       0x1c ./Core/Src/main.o
 .debug_macro   0x0000000000028d6d      0x177 ./Core/Src/main.o
 .debug_macro   0x0000000000028ee4      0x369 ./Core/Src/main.o
 .debug_macro   0x000000000002924d       0x10 ./Core/Src/main.o
 .debug_macro   0x000000000002925d       0x35 ./Core/Src/main.o
 .debug_macro   0x0000000000029292       0x20 ./Core/Src/main.o
 .debug_macro   0x00000000000292b2      0x1dd ./Core/Src/stm32l4xx_hal_msp.o
 .debug_macro   0x000000000002948f      0x1ce ./Core/Src/stm32l4xx_hal_timebase_tim.o
 .debug_macro   0x000000000002965d      0x1e7 ./Core/Src/stm32l4xx_it.o
 .debug_macro   0x0000000000029844      0x1ce ./Core/Src/system_stm32l4xx.o
 .debug_macro   0x0000000000029a12      0x21c ./Drivers/STM32L4xx_HAL_Driver/Src/stm32l4xx_hal.o
 .debug_macro   0x0000000000029c2e      0x1ce ./Drivers/STM32L4xx_HAL_Driver/Src/stm32l4xx_hal_cortex.o
 .debug_macro   0x0000000000029dfc      0x1d5 ./Drivers/STM32L4xx_HAL_Driver/Src/stm32l4xx_hal_gpio.o
 .debug_macro   0x0000000000029fd1      0x1f8 ./Drivers/STM32L4xx_HAL_Driver/Src/stm32l4xx_hal_pwr_ex.o
 .debug_macro   0x000000000002a1c9      0x210 ./Drivers/STM32L4xx_HAL_Driver/Src/stm32l4xx_hal_rcc.o
 .debug_macro   0x000000000002a3d9      0x204 ./Drivers/STM32L4xx_HAL_Driver/Src/stm32l4xx_hal_rcc_ex.o
 .debug_macro   0x000000000002a5dd      0x1cf ./Drivers/STM32L4xx_HAL_Driver/Src/stm32l4xx_hal_tim.o
 .debug_macro   0x000000000002a7ac      0x1ce ./Drivers/STM32L4xx_HAL_Driver/Src/stm32l4xx_hal_tim_ex.o
 .debug_macro   0x000000000002a97a      0x1f9 ./Drivers/STM32L4xx_HAL_Driver/Src/stm32l4xx_hal_uart.o
 .debug_macro   0x000000000002ab73      0x1da ./Drivers/STM32L4xx_HAL_Driver/Src/stm32l4xx_hal_uart_ex.o
 .debug_macro   0x000000000002ad4d      0x198 ./FreeRTOS/Source/list.o
 .debug_macro   0x000000000002aee5      0x22f ./FreeRTOS/Source/queue.o
 .debug_macro   0x000000000002b114       0x16 ./FreeRTOS/Source/queue.o
 .debug_macro   0x000000000002b12a      0x27e ./FreeRTOS/Source/tasks.o
 .debug_macro   0x000000000002b3a8       0x17 ./FreeRTOS/Source/tasks.o
 .debug_macro   0x000000000002b3bf      0x1e7 ./FreeRTOS/Source/timers.o
 .debug_macro   0x000000000002b5a6       0x97 ./FreeRTOS/Source/timers.o
 .debug_macro   0x000000000002b63d      0x1a7 ./FreeRTOS/Source/portable/GCC/ARM_CM4F/port.o
 .debug_macro   0x000000000002b7e4      0x219 ./FreeRTOS/Source/portable/MemMang/heap_4.o

.debug_line     0x0000000000000000    0x18391
 .debug_line    0x0000000000000000      0xc6b ./Core/Src/main.o
 .debug_line    0x0000000000000c6b      0x7cc ./Core/Src/stm32l4xx_hal_msp.o
 .debug_line    0x0000000000001437      0x7d6 ./Core/Src/stm32l4xx_hal_timebase_tim.o
 .debug_line    0x0000000000001c0d      0x806 ./Core/Src/stm32l4xx_it.o
 .debug_line    0x0000000000002413      0x801 ./Core/Src/system_stm32l4xx.o
 .debug_line    0x0000000000002c14       0x7a ./Core/Startup/startup_stm32l4r5zitx.o
 .debug_line    0x0000000000002c8e      0xb59 ./Drivers/STM32L4xx_HAL_Driver/Src/stm32l4xx_hal.o
 .debug_line    0x00000000000037e7      0xd00 ./Drivers/STM32L4xx_HAL_Driver/Src/stm32l4xx_hal_cortex.o
 .debug_line    0x00000000000044e7      0xbb5 ./Drivers/STM32L4xx_HAL_Driver/Src/stm32l4xx_hal_gpio.o
 .debug_line    0x000000000000509c      0xdc6 ./Drivers/STM32L4xx_HAL_Driver/Src/stm32l4xx_hal_pwr_ex.o
 .debug_line    0x0000000000005e62     0x10aa ./Drivers/STM32L4xx_HAL_Driver/Src/stm32l4xx_hal_rcc.o
 .debug_line    0x0000000000006f0c     0x19c1 ./Drivers/STM32L4xx_HAL_Driver/Src/stm32l4xx_hal_rcc_ex.o
 .debug_line    0x00000000000088cd     0x3e33 ./Drivers/STM32L4xx_HAL_Driver/Src/stm32l4xx_hal_tim.o
 .debug_line    0x000000000000c700     0x1c68 ./Drivers/STM32L4xx_HAL_Driver/Src/stm32l4xx_hal_tim_ex.o
 .debug_line    0x000000000000e368     0x3bd4 ./Drivers/STM32L4xx_HAL_Driver/Src/stm32l4xx_hal_uart.o
 .debug_line    0x0000000000011f3c      0xdb5 ./Drivers/STM32L4xx_HAL_Driver/Src/stm32l4xx_hal_uart_ex.o
 .debug_line    0x0000000000012cf1      0x7b1 ./FreeRTOS/Source/list.o
 .debug_line    0x00000000000134a2     0x1467 ./FreeRTOS/Source/queue.o
 .debug_line    0x0000000000014909     0x1b36 ./FreeRTOS/Source/tasks.o
 .debug_line    0x000000000001643f      0xc98 ./FreeRTOS/Source/timers.o
 .debug_line    0x00000000000170d7      0x888 ./FreeRTOS/Source/portable/GCC/ARM_CM4F/port.o
 .debug_line    0x000000000001795f      0xa32 ./FreeRTOS/Source/portable/MemMang/heap_4.o

.debug_str      0x0000000000000000   0x1108b1
 .debug_str     0x0000000000000000   0x108b36 ./Core/Src/main.o
                                     0x108f75 (size before relaxing)
 .debug_str     0x0000000000108b36      0x30e ./Core/Src/stm32l4xx_hal_msp.o
                                      0xffced (size before relaxing)
 .debug_str     0x0000000000108e44      0x57a ./Core/Src/stm32l4xx_hal_timebase_tim.o
                                      0xffd10 (size before relaxing)
 .debug_str     0x00000000001093be       0xbe ./Core/Src/stm32l4xx_it.o
                                      0xff8b5 (size before relaxing)
 .debug_str     0x000000000010947c       0xf2 ./Core/Src/system_stm32l4xx.o
                                      0xff13e (size before relaxing)
 .debug_str     0x000000000010956e       0x34 ./Core/Startup/startup_stm32l4r5zitx.o
                                         0x5c (size before relaxing)
 .debug_str     0x00000000001095a2      0x602 ./Drivers/STM32L4xx_HAL_Driver/Src/stm32l4xx_hal.o
                                      0xffd0e (size before relaxing)
 .debug_str     0x0000000000109ba4      0x331 ./Drivers/STM32L4xx_HAL_Driver/Src/stm32l4xx_hal_cortex.o
                                      0xff99d (size before relaxing)
 .debug_str     0x0000000000109ed5      0x123 ./Drivers/STM32L4xx_HAL_Driver/Src/stm32l4xx_hal_gpio.o
                                      0xff2b8 (size before relaxing)
 .debug_str     0x0000000000109ff8      0x57a ./Drivers/STM32L4xx_HAL_Driver/Src/stm32l4xx_hal_pwr_ex.o
                                      0xff711 (size before relaxing)
 .debug_str     0x000000000010a572      0x39c ./Drivers/STM32L4xx_HAL_Driver/Src/stm32l4xx_hal_rcc.o
                                      0xff7b1 (size before relaxing)
 .debug_str     0x000000000010a90e      0x5c5 ./Drivers/STM32L4xx_HAL_Driver/Src/stm32l4xx_hal_rcc_ex.o
                                      0xffb72 (size before relaxing)
 .debug_str     0x000000000010aed3      0xe92 ./Drivers/STM32L4xx_HAL_Driver/Src/stm32l4xx_hal_tim.o
                                     0x10055a (size before relaxing)
 .debug_str     0x000000000010bd65      0x60d ./Drivers/STM32L4xx_HAL_Driver/Src/stm32l4xx_hal_tim_ex.o
                                      0xffe6e (size before relaxing)
 .debug_str     0x000000000010c372      0x9d3 ./Drivers/STM32L4xx_HAL_Driver/Src/stm32l4xx_hal_uart.o
                                     0x1000e2 (size before relaxing)
 .debug_str     0x000000000010cd45      0x264 ./Drivers/STM32L4xx_HAL_Driver/Src/stm32l4xx_hal_uart_ex.o
                                      0xff8f2 (size before relaxing)
 .debug_str     0x000000000010cfa9      0x261 ./FreeRTOS/Source/list.o
                                       0xb122 (size before relaxing)
 .debug_str     0x000000000010d20a      0xb10 ./FreeRTOS/Source/queue.o
                                       0xd692 (size before relaxing)
 .debug_str     0x000000000010dd1a     0x18eb ./FreeRTOS/Source/tasks.o
                                       0xe006 (size before relaxing)
 .debug_str     0x000000000010f605      0x507 ./FreeRTOS/Source/timers.o
                                       0xd954 (size before relaxing)
 .debug_str     0x000000000010fb0c      0x7d2 ./FreeRTOS/Source/portable/GCC/ARM_CM4F/port.o
                                       0x9969 (size before relaxing)
 .debug_str     0x00000000001102de      0x5d3 ./FreeRTOS/Source/portable/MemMang/heap_4.o
                                       0xc94c (size before relaxing)

.debug_frame    0x0000000000000000     0x5408
 .debug_frame   0x0000000000000000      0x164 ./Core/Src/main.o
 .debug_frame   0x0000000000000164       0x84 ./Core/Src/stm32l4xx_hal_msp.o
 .debug_frame   0x00000000000001e8       0x74 ./Core/Src/stm32l4xx_hal_timebase_tim.o
 .debug_frame   0x000000000000025c       0xc4 ./Core/Src/stm32l4xx_it.o
 .debug_frame   0x0000000000000320       0x58 ./Core/Src/system_stm32l4xx.o
 .debug_frame   0x0000000000000378      0x498 ./Drivers/STM32L4xx_HAL_Driver/Src/stm32l4xx_hal.o
 .debug_frame   0x0000000000000810      0x498 ./Drivers/STM32L4xx_HAL_Driver/Src/stm32l4xx_hal_cortex.o
 .debug_frame   0x0000000000000ca8      0x14c ./Drivers/STM32L4xx_HAL_Driver/Src/stm32l4xx_hal_gpio.o
 .debug_frame   0x0000000000000df4      0x5c4 ./Drivers/STM32L4xx_HAL_Driver/Src/stm32l4xx_hal_pwr_ex.o
 .debug_frame   0x00000000000013b8      0x248 ./Drivers/STM32L4xx_HAL_Driver/Src/stm32l4xx_hal_rcc.o
 .debug_frame   0x0000000000001600      0x464 ./Drivers/STM32L4xx_HAL_Driver/Src/stm32l4xx_hal_rcc_ex.o
 .debug_frame   0x0000000000001a64     0x1218 ./Drivers/STM32L4xx_HAL_Driver/Src/stm32l4xx_hal_tim.o
 .debug_frame   0x0000000000002c7c      0x6b0 ./Drivers/STM32L4xx_HAL_Driver/Src/stm32l4xx_hal_tim_ex.o
 .debug_frame   0x000000000000332c      0xa94 ./Drivers/STM32L4xx_HAL_Driver/Src/stm32l4xx_hal_uart.o
 .debug_frame   0x0000000000003dc0      0x2c0 ./Drivers/STM32L4xx_HAL_Driver/Src/stm32l4xx_hal_uart_ex.o
 .debug_frame   0x0000000000004080       0xd8 ./FreeRTOS/Source/list.o
 .debug_frame   0x0000000000004158      0x3cc ./FreeRTOS/Source/queue.o
 .debug_frame   0x0000000000004524      0x7a0 ./FreeRTOS/Source/tasks.o
 .debug_frame   0x0000000000004cc4      0x378 ./FreeRTOS/Source/timers.o
 .debug_frame   0x000000000000503c      0x1a8 ./FreeRTOS/Source/portable/GCC/ARM_CM4F/port.o
 .debug_frame   0x00000000000051e4      0x150 ./FreeRTOS/Source/portable/MemMang/heap_4.o
 .debug_frame   0x0000000000005334       0x20 C:/ST/STM32CubeIDE_1.14.1/STM32CubeIDE/plugins/com.st.stm32cube.ide.mcu.externaltools.gnu-tools-for-stm32.11.3.rel1.win32_1.1.100.202309141235/tools/bin/../lib/gcc/arm-none-eabi/11.3.1/../../../../arm-none-eabi/lib/thumb/v7e-m+fp/hard\libc_nano.a(libc_a-memset.o)
 .debug_frame   0x0000000000005354       0x2c C:/ST/STM32CubeIDE_1.14.1/STM32CubeIDE/plugins/com.st.stm32cube.ide.mcu.externaltools.gnu-tools-for-stm32.11.3.rel1.win32_1.1.100.202309141235/tools/bin/../lib/gcc/arm-none-eabi/11.3.1/../../../../arm-none-eabi/lib/thumb/v7e-m+fp/hard\libc_nano.a(libc_a-init.o)
 .debug_frame   0x0000000000005380       0x28 C:/ST/STM32CubeIDE_1.14.1/STM32CubeIDE/plugins/com.st.stm32cube.ide.mcu.externaltools.gnu-tools-for-stm32.11.3.rel1.win32_1.1.100.202309141235/tools/bin/../lib/gcc/arm-none-eabi/11.3.1/../../../../arm-none-eabi/lib/thumb/v7e-m+fp/hard\libc_nano.a(libc_a-memcpy-stub.o)
 .debug_frame   0x00000000000053a8       0x2c C:/ST/STM32CubeIDE_1.14.1/STM32CubeIDE/plugins/com.st.stm32cube.ide.mcu.externaltools.gnu-tools-for-stm32.11.3.rel1.win32_1.1.100.202309141235/tools/bin/../lib/gcc/arm-none-eabi/11.3.1/thumb/v7e-m+fp/hard\libgcc.a(_aeabi_uldivmod.o)
 .debug_frame   0x00000000000053d4       0x34 C:/ST/STM32CubeIDE_1.14.1/STM32CubeIDE/plugins/com.st.stm32cube.ide.mcu.externaltools.gnu-tools-for-stm32.11.3.rel1.win32_1.1.100.202309141235/tools/bin/../lib/gcc/arm-none-eabi/11.3.1/thumb/v7e-m+fp/hard\libgcc.a(_udivmoddi4.o)

.debug_line_str
                0x0000000000000000       0x50
 .debug_line_str
                0x0000000000000000       0x50 ./Core/Startup/startup_stm32l4r5zitx.o
                                         0x68 (size before relaxing)
