../Core/Src/main.c:62:6:send_uart	16	static
../Core/Src/main.c:72:6:HPT_Task	120	static
../Core/Src/main.c:89:6:MPT_Task	72	static
../Core/Src/main.c:101:6:LPT_Task	120	static
../Core/Src/main.c:123:5:main	56	static
../Core/Src/main.c:181:6:SystemClock_Config	96	static
../Core/Src/main.c:226:13:MX_LPUART1_UART_Init	8	static
../Core/Src/main.c:274:13:MX_GPIO_Init	56	static
../Core/Src/main.c:359:6:HAL_TIM_PeriodElapsedCallback	16	static
../Core/Src/main.c:376:6:Error_Handler	4	static,ignoring_inline_asm
