../Core/Src/main.c:75:6:HAL_ADC_ConvCpltCallback	24	static,ignoring_inline_asm
../Core/Src/main.c:85:6:HAL_GPIO_EXTI_Callback	24	static,ignoring_inline_asm
../Core/Src/main.c:96:6:ADC_task	24	static
../Core/Src/main.c:111:6:Display_task	72	static
../Core/Src/main.c:128:6:LED_task	16	static
../Core/Src/main.c:138:6:Button_task	16	static
../Core/Src/main.c:154:5:main	16	static
../Core/Src/main.c:210:6:SystemClock_Config	96	static
../Core/Src/main.c:261:13:MX_ADC1_Init	32	static
../Core/Src/main.c:319:13:MX_LPUART1_UART_Init	8	static
../Core/Src/main.c:367:13:MX_GPIO_Init	56	static
../Core/Src/main.c:474:6:HAL_TIM_PeriodElapsedCallback	16	static
../Core/Src/main.c:491:6:Error_Handler	4	static,ignoring_inline_asm
