../Core/Src/main.c:75:6:HAL_ADC_ConvCpltCallback	2
../Core/Src/main.c:85:6:HAL_GPIO_EXTI_Callback	3
../Core/Src/main.c:96:6:ADC_task	1
../Core/Src/main.c:111:6:Display_task	2
../Core/Src/main.c:128:6:LED_task	1
../Core/Src/main.c:138:6:Button_task	2
../Core/Src/main.c:154:5:main	4
../Core/Src/main.c:210:6:SystemClock_Config	4
../Core/Src/main.c:261:13:MX_ADC1_Init	3
../Core/Src/main.c:319:13:MX_LPUART1_UART_Init	5
../Core/Src/main.c:367:13:MX_GPIO_Init	1
../Core/Src/main.c:474:6:HAL_TIM_PeriodElapsedCallback	2
../Core/Src/main.c:491:6:Error_Handler	1
