../Core/Src/main.c:65:6:HAL_GPIO_EXTI_Callback	24	static,ignoring_inline_asm
../Core/Src/main.c:78:6:task1	16	static
../Core/Src/main.c:87:6:task2	16	static
../Core/Src/main.c:110:5:main	16	static
../Core/Src/main.c:158:6:SystemClock_Config	96	static
../Core/Src/main.c:208:13:MX_LPUART1_UART_Init	8	static
../Core/Src/main.c:256:13:MX_TIM16_Init	8	static
../Core/Src/main.c:288:13:MX_GPIO_Init	56	static
../Core/Src/main.c:377:6:HAL_TIM_PeriodElapsedCallback	16	static
../Core/Src/main.c:394:6:Error_Handler	4	static,ignoring_inline_asm
