10:53:39 **** Clean-only build of configuration Debug for project RTOS_Timers ****
make -j8 clean 
rm -rf ./FreeRTOS/Source/portable/MemMang/heap_4.cyclo ./FreeRTOS/Source/portable/MemMang/heap_4.d ./FreeRTOS/Source/portable/MemMang/heap_4.o ./FreeRTOS/Source/portable/MemMang/heap_4.su
rm -rf ./FreeRTOS/Source/portable/GCC/ARM_CM4F/port.cyclo ./FreeRTOS/Source/portable/GCC/ARM_CM4F/port.d ./FreeRTOS/Source/portable/GCC/ARM_CM4F/port.o ./FreeRTOS/Source/portable/GCC/ARM_CM4F/port.su
rm -rf ./FreeRTOS/Source/croutine.cyclo ./FreeRTOS/Source/croutine.d ./FreeRTOS/Source/croutine.o ./FreeRTOS/Source/croutine.su ./FreeRTOS/Source/event_groups.cyclo ./FreeRTOS/Source/event_groups.d ./FreeRTOS/Source/event_groups.o ./FreeRTOS/Source/event_groups.su ./FreeRTOS/Source/list.cyclo ./FreeRTOS/Source/list.d ./FreeRTOS/Source/list.o ./FreeRTOS/Source/list.su ./FreeRTOS/Source/queue.cyclo ./FreeRTOS/Source/queue.d ./FreeRTOS/Source/queue.o ./FreeRTOS/Source/queue.su ./FreeRTOS/Source/stream_buffer.cyclo ./FreeRTOS/Source/stream_buffer.d ./FreeRTOS/Source/stream_buffer.o ./FreeRTOS/Source/stream_buffer.su ./FreeRTOS/Source/tasks.cyclo ./FreeRTOS/Source/tasks.d ./FreeRTOS/Source/tasks.o ./FreeRTOS/Source/tasks.su ./FreeRTOS/Source/timers.cyclo ./FreeRTOS/Source/timers.d ./FreeRTOS/Source/timers.o ./FreeRTOS/Source/timers.su
rm -rf ./Drivers/STM32L4xx_HAL_Driver/Src/stm32l4xx_hal.cyclo ./Drivers/STM32L4xx_HAL_Driver/Src/stm32l4xx_hal.d ./Drivers/STM32L4xx_HAL_Driver/Src/stm32l4xx_hal.o ./Drivers/STM32L4xx_HAL_Driver/Src/stm32l4xx_hal.su ./Drivers/STM32L4xx_HAL_Driver/Src/stm32l4xx_hal_cortex.cyclo ./Drivers/STM32L4xx_HAL_Driver/Src/stm32l4xx_hal_cortex.d ./Drivers/STM32L4xx_HAL_Driver/Src/stm32l4xx_hal_cortex.o ./Drivers/STM32L4xx_HAL_Driver/Src/stm32l4xx_hal_cortex.su ./Drivers/STM32L4xx_HAL_Driver/Src/stm32l4xx_hal_dma.cyclo ./Drivers/STM32L4xx_HAL_Driver/Src/stm32l4xx_hal_dma.d ./Drivers/STM32L4xx_HAL_Driver/Src/stm32l4xx_hal_dma.o ./Drivers/STM32L4xx_HAL_Driver/Src/stm32l4xx_hal_dma.su ./Drivers/STM32L4xx_HAL_Driver/Src/stm32l4xx_hal_dma_ex.cyclo ./Drivers/STM32L4xx_HAL_Driver/Src/stm32l4xx_hal_dma_ex.d ./Drivers/STM32L4xx_HAL_Driver/Src/stm32l4xx_hal_dma_ex.o ./Drivers/STM32L4xx_HAL_Driver/Src/stm32l4xx_hal_dma_ex.su ./Drivers/STM32L4xx_HAL_Driver/Src/stm32l4xx_hal_exti.cyclo ./Drivers/STM32L4xx_HAL_Driver/Src/stm32l4xx_hal_exti.d ./Drivers/STM32L4xx_HAL_Driver/Src/stm32l4xx_hal_exti.o ./Drivers/STM32L4xx_HAL_Driver/Src/stm32l4xx_hal_exti.su ./Drivers/STM32L4xx_HAL_Driver/Src/stm32l4xx_hal_flash.cyclo ./Drivers/STM32L4xx_HAL_Driver/Src/stm32l4xx_hal_flash.d ./Drivers/STM32L4xx_HAL_Driver/Src/stm32l4xx_hal_flash.o ./Drivers/STM32L4xx_HAL_Driver/Src/stm32l4xx_hal_flash.su ./Drivers/STM32L4xx_HAL_Driver/Src/stm32l4xx_hal_flash_ex.cyclo ./Drivers/STM32L4xx_HAL_Driver/Src/stm32l4xx_hal_flash_ex.d ./Drivers/STM32L4xx_HAL_Driver/Src/stm32l4xx_hal_flash_ex.o ./Drivers/STM32L4xx_HAL_Driver/Src/stm32l4xx_hal_flash_ex.su ./Drivers/STM32L4xx_HAL_Driver/Src/stm32l4xx_hal_flash_ramfunc.cyclo ./Drivers/STM32L4xx_HAL_Driver/Src/stm32l4xx_hal_flash_ramfunc.d ./Drivers/STM32L4xx_HAL_Driver/Src/stm32l4xx_hal_flash_ramfunc.o ./Drivers/STM32L4xx_HAL_Driver/Src/stm32l4xx_hal_flash_ramfunc.su ./Drivers/STM32L4xx_HAL_Driver/Src/stm32l4xx_hal_gpio.cyclo ./Drivers/STM32L4xx_HAL_Driver/Src/stm32l4xx_hal_gpio.d ./Drivers/STM32L4xx_HAL_Driver/Src/stm32l4xx_hal_gpio.o ./Drivers/STM32L4xx_HAL_Driver/Src/stm32l4xx_hal_gpio.su ./Drivers/STM32L4xx_HAL_Driver/Src/stm32l4xx_hal_i2c.cyclo ./Drivers/STM32L4xx_HAL_Driver/Src/stm32l4xx_hal_i2c.d ./Drivers/STM32L4xx_HAL_Driver/Src/stm32l4xx_hal_i2c.o ./Drivers/STM32L4xx_HAL_Driver/Src/stm32l4xx_hal_i2c.su ./Drivers/STM32L4xx_HAL_Driver/Src/stm32l4xx_hal_i2c_ex.cyclo ./Drivers/STM32L4xx_HAL_Driver/Src/stm32l4xx_hal_i2c_ex.d ./Drivers/STM32L4xx_HAL_Driver/Src/stm32l4xx_hal_i2c_ex.o ./Drivers/STM32L4xx_HAL_Driver/Src/stm32l4xx_hal_i2c_ex.su ./Drivers/STM32L4xx_HAL_Driver/Src/stm32l4xx_hal_pwr.cyclo ./Drivers/STM32L4xx_HAL_Driver/Src/stm32l4xx_hal_pwr.d ./Drivers/STM32L4xx_HAL_Driver/Src/stm32l4xx_hal_pwr.o ./Drivers/STM32L4xx_HAL_Driver/Src/stm32l4xx_hal_pwr.su ./Drivers/STM32L4xx_HAL_Driver/Src/stm32l4xx_hal_pwr_ex.cyclo ./Drivers/STM32L4xx_HAL_Driver/Src/stm32l4xx_hal_pwr_ex.d ./Drivers/STM32L4xx_HAL_Driver/Src/stm32l4xx_hal_pwr_ex.o ./Drivers/STM32L4xx_HAL_Driver/Src/stm32l4xx_hal_pwr_ex.su ./Drivers/STM32L4xx_HAL_Driver/Src/stm32l4xx_hal_rcc.cyclo ./Drivers/STM32L4xx_HAL_Driver/Src/stm32l4xx_hal_rcc.d ./Drivers/STM32L4xx_HAL_Driver/Src/stm32l4xx_hal_rcc.o ./Drivers/STM32L4xx_HAL_Driver/Src/stm32l4xx_hal_rcc.su ./Drivers/STM32L4xx_HAL_Driver/Src/stm32l4xx_hal_rcc_ex.cyclo ./Drivers/STM32L4xx_HAL_Driver/Src/stm32l4xx_hal_rcc_ex.d ./Drivers/STM32L4xx_HAL_Driver/Src/stm32l4xx_hal_rcc_ex.o ./Drivers/STM32L4xx_HAL_Driver/Src/stm32l4xx_hal_rcc_ex.su ./Drivers/STM32L4xx_HAL_Driver/Src/stm32l4xx_hal_tim.cyclo ./Drivers/STM32L4xx_HAL_Driver/Src/stm32l4xx_hal_tim.d ./Drivers/STM32L4xx_HAL_Driver/Src/stm32l4xx_hal_tim.o ./Drivers/STM32L4xx_HAL_Driver/Src/stm32l4xx_hal_tim.su ./Drivers/STM32L4xx_HAL_Driver/Src/stm32l4xx_hal_tim_ex.cyclo ./Drivers/STM32L4xx_HAL_Driver/Src/stm32l4xx_hal_tim_ex.d ./Drivers/STM32L4xx_HAL_Driver/Src/stm32l4xx_hal_tim_ex.o ./Drivers/STM32L4xx_HAL_Driver/Src/stm32l4xx_hal_tim_ex.su ./Drivers/STM32L4xx_HAL_Driver/Src/stm32l4xx_hal_uart.cyclo ./Drivers/STM32L4xx_HAL_Driver/Src/stm32l4xx_hal_uart.d ./Drivers/STM32L4xx_HAL_Driver/Src/stm32l4xx_hal_uart.o ./Drivers/STM32L4xx_HAL_Driver/Src/stm32l4xx_hal_uart.su ./Drivers/STM32L4xx_HAL_Driver/Src/stm32l4xx_hal_uart_ex.cyclo ./Drivers/STM32L4xx_HAL_Driver/Src/stm32l4xx_hal_uart_ex.d ./Drivers/STM32L4xx_HAL_Driver/Src/stm32l4xx_hal_uart_ex.o ./Drivers/STM32L4xx_HAL_Driver/Src/stm32l4xx_hal_uart_ex.su
rm -rf ./Core/Startup/startup_stm32l4r5zitx.d ./Core/Startup/startup_stm32l4r5zitx.o
rm -rf ./Core/Src/main.cyclo ./Core/Src/main.d ./Core/Src/main.o ./Core/Src/main.su ./Core/Src/stm32l4xx_hal_msp.cyclo ./Core/Src/stm32l4xx_hal_msp.d ./Core/Src/stm32l4xx_hal_msp.o ./Core/Src/stm32l4xx_hal_msp.su ./Core/Src/stm32l4xx_hal_timebase_tim.cyclo ./Core/Src/stm32l4xx_hal_timebase_tim.d ./Core/Src/stm32l4xx_hal_timebase_tim.o ./Core/Src/stm32l4xx_hal_timebase_tim.su ./Core/Src/stm32l4xx_it.cyclo ./Core/Src/stm32l4xx_it.d ./Core/Src/stm32l4xx_it.o ./Core/Src/stm32l4xx_it.su ./Core/Src/syscalls.cyclo ./Core/Src/syscalls.d ./Core/Src/syscalls.o ./Core/Src/syscalls.su ./Core/Src/sysmem.cyclo ./Core/Src/sysmem.d ./Core/Src/sysmem.o ./Core/Src/sysmem.su ./Core/Src/system_stm32l4xx.cyclo ./Core/Src/system_stm32l4xx.d ./Core/Src/system_stm32l4xx.o ./Core/Src/system_stm32l4xx.su
rm -rf RTOS_Timers.elf RTOS_Timers.list RTOS_Timers.map default.size.stdout
 
10:53:39 **** Incremental Build of configuration Debug for project RTOS_Timers ****
make -j8 all 
arm-none-eabi-gcc "../FreeRTOS/Source/portable/MemMang/heap_4.c" -mcpu=cortex-m4 -std=gnu11 -g3 -DDEBUG -DUSE_HAL_DRIVER -DSTM32L4R5xx -c -I../Core/Inc -I../Drivers/STM32L4xx_HAL_Driver/Inc -I../Drivers/STM32L4xx_HAL_Driver/Inc/Legacy -I../Drivers/CMSIS/Device/ST/STM32L4xx/Include -I../Drivers/CMSIS/Include -I"D:/RAVI/STM32_Projects/RTOS_Timers/FreeRTOS/Source/include" -I"D:/RAVI/STM32_Projects/RTOS_Timers/FreeRTOS/Source/portable/GCC/ARM_CM4F" -I"D:/RAVI/STM32_Projects/RTOS_Timers/FreeRTOS/Source/portable/MemMang" -I"D:/RAVI/STM32_Projects/RTOS_Timers/FreeRTOS" -O0 -ffunction-sections -fdata-sections -Wall -fstack-usage -fcyclomatic-complexity -MMD -MP -MF"FreeRTOS/Source/portable/MemMang/heap_4.d" -MT"FreeRTOS/Source/portable/MemMang/heap_4.o" --specs=nano.specs -mfpu=fpv4-sp-d16 -mfloat-abi=hard -mthumb -o "FreeRTOS/Source/portable/MemMang/heap_4.o"
arm-none-eabi-gcc "../FreeRTOS/Source/portable/GCC/ARM_CM4F/port.c" -mcpu=cortex-m4 -std=gnu11 -g3 -DDEBUG -DUSE_HAL_DRIVER -DSTM32L4R5xx -c -I../Core/Inc -I../Drivers/STM32L4xx_HAL_Driver/Inc -I../Drivers/STM32L4xx_HAL_Driver/Inc/Legacy -I../Drivers/CMSIS/Device/ST/STM32L4xx/Include -I../Drivers/CMSIS/Include -I"D:/RAVI/STM32_Projects/RTOS_Timers/FreeRTOS/Source/include" -I"D:/RAVI/STM32_Projects/RTOS_Timers/FreeRTOS/Source/portable/GCC/ARM_CM4F" -I"D:/RAVI/STM32_Projects/RTOS_Timers/FreeRTOS/Source/portable/MemMang" -I"D:/RAVI/STM32_Projects/RTOS_Timers/FreeRTOS" -O0 -ffunction-sections -fdata-sections -Wall -fstack-usage -fcyclomatic-complexity -MMD -MP -MF"FreeRTOS/Source/portable/GCC/ARM_CM4F/port.d" -MT"FreeRTOS/Source/portable/GCC/ARM_CM4F/port.o" --specs=nano.specs -mfpu=fpv4-sp-d16 -mfloat-abi=hard -mthumb -o "FreeRTOS/Source/portable/GCC/ARM_CM4F/port.o"
arm-none-eabi-gcc "../FreeRTOS/Source/croutine.c" -mcpu=cortex-m4 -std=gnu11 -g3 -DDEBUG -DUSE_HAL_DRIVER -DSTM32L4R5xx -c -I../Core/Inc -I../Drivers/STM32L4xx_HAL_Driver/Inc -I../Drivers/STM32L4xx_HAL_Driver/Inc/Legacy -I../Drivers/CMSIS/Device/ST/STM32L4xx/Include -I../Drivers/CMSIS/Include -I"D:/RAVI/STM32_Projects/RTOS_Timers/FreeRTOS/Source/include" -I"D:/RAVI/STM32_Projects/RTOS_Timers/FreeRTOS/Source/portable/GCC/ARM_CM4F" -I"D:/RAVI/STM32_Projects/RTOS_Timers/FreeRTOS/Source/portable/MemMang" -I"D:/RAVI/STM32_Projects/RTOS_Timers/FreeRTOS" -O0 -ffunction-sections -fdata-sections -Wall -fstack-usage -fcyclomatic-complexity -MMD -MP -MF"FreeRTOS/Source/croutine.d" -MT"FreeRTOS/Source/croutine.o" --specs=nano.specs -mfpu=fpv4-sp-d16 -mfloat-abi=hard -mthumb -o "FreeRTOS/Source/croutine.o"
arm-none-eabi-gcc "../FreeRTOS/Source/event_groups.c" -mcpu=cortex-m4 -std=gnu11 -g3 -DDEBUG -DUSE_HAL_DRIVER -DSTM32L4R5xx -c -I../Core/Inc -I../Drivers/STM32L4xx_HAL_Driver/Inc -I../Drivers/STM32L4xx_HAL_Driver/Inc/Legacy -I../Drivers/CMSIS/Device/ST/STM32L4xx/Include -I../Drivers/CMSIS/Include -I"D:/RAVI/STM32_Projects/RTOS_Timers/FreeRTOS/Source/include" -I"D:/RAVI/STM32_Projects/RTOS_Timers/FreeRTOS/Source/portable/GCC/ARM_CM4F" -I"D:/RAVI/STM32_Projects/RTOS_Timers/FreeRTOS/Source/portable/MemMang" -I"D:/RAVI/STM32_Projects/RTOS_Timers/FreeRTOS" -O0 -ffunction-sections -fdata-sections -Wall -fstack-usage -fcyclomatic-complexity -MMD -MP -MF"FreeRTOS/Source/event_groups.d" -MT"FreeRTOS/Source/event_groups.o" --specs=nano.specs -mfpu=fpv4-sp-d16 -mfloat-abi=hard -mthumb -o "FreeRTOS/Source/event_groups.o"
arm-none-eabi-gcc "../FreeRTOS/Source/list.c" -mcpu=cortex-m4 -std=gnu11 -g3 -DDEBUG -DUSE_HAL_DRIVER -DSTM32L4R5xx -c -I../Core/Inc -I../Drivers/STM32L4xx_HAL_Driver/Inc -I../Drivers/STM32L4xx_HAL_Driver/Inc/Legacy -I../Drivers/CMSIS/Device/ST/STM32L4xx/Include -I../Drivers/CMSIS/Include -I"D:/RAVI/STM32_Projects/RTOS_Timers/FreeRTOS/Source/include" -I"D:/RAVI/STM32_Projects/RTOS_Timers/FreeRTOS/Source/portable/GCC/ARM_CM4F" -I"D:/RAVI/STM32_Projects/RTOS_Timers/FreeRTOS/Source/portable/MemMang" -I"D:/RAVI/STM32_Projects/RTOS_Timers/FreeRTOS" -O0 -ffunction-sections -fdata-sections -Wall -fstack-usage -fcyclomatic-complexity -MMD -MP -MF"FreeRTOS/Source/list.d" -MT"FreeRTOS/Source/list.o" --specs=nano.specs -mfpu=fpv4-sp-d16 -mfloat-abi=hard -mthumb -o "FreeRTOS/Source/list.o"
arm-none-eabi-gcc "../FreeRTOS/Source/queue.c" -mcpu=cortex-m4 -std=gnu11 -g3 -DDEBUG -DUSE_HAL_DRIVER -DSTM32L4R5xx -c -I../Core/Inc -I../Drivers/STM32L4xx_HAL_Driver/Inc -I../Drivers/STM32L4xx_HAL_Driver/Inc/Legacy -I../Drivers/CMSIS/Device/ST/STM32L4xx/Include -I../Drivers/CMSIS/Include -I"D:/RAVI/STM32_Projects/RTOS_Timers/FreeRTOS/Source/include" -I"D:/RAVI/STM32_Projects/RTOS_Timers/FreeRTOS/Source/portable/GCC/ARM_CM4F" -I"D:/RAVI/STM32_Projects/RTOS_Timers/FreeRTOS/Source/portable/MemMang" -I"D:/RAVI/STM32_Projects/RTOS_Timers/FreeRTOS" -O0 -ffunction-sections -fdata-sections -Wall -fstack-usage -fcyclomatic-complexity -MMD -MP -MF"FreeRTOS/Source/queue.d" -MT"FreeRTOS/Source/queue.o" --specs=nano.specs -mfpu=fpv4-sp-d16 -mfloat-abi=hard -mthumb -o "FreeRTOS/Source/queue.o"
arm-none-eabi-gcc "../FreeRTOS/Source/stream_buffer.c" -mcpu=cortex-m4 -std=gnu11 -g3 -DDEBUG -DUSE_HAL_DRIVER -DSTM32L4R5xx -c -I../Core/Inc -I../Drivers/STM32L4xx_HAL_Driver/Inc -I../Drivers/STM32L4xx_HAL_Driver/Inc/Legacy -I../Drivers/CMSIS/Device/ST/STM32L4xx/Include -I../Drivers/CMSIS/Include -I"D:/RAVI/STM32_Projects/RTOS_Timers/FreeRTOS/Source/include" -I"D:/RAVI/STM32_Projects/RTOS_Timers/FreeRTOS/Source/portable/GCC/ARM_CM4F" -I"D:/RAVI/STM32_Projects/RTOS_Timers/FreeRTOS/Source/portable/MemMang" -I"D:/RAVI/STM32_Projects/RTOS_Timers/FreeRTOS" -O0 -ffunction-sections -fdata-sections -Wall -fstack-usage -fcyclomatic-complexity -MMD -MP -MF"FreeRTOS/Source/stream_buffer.d" -MT"FreeRTOS/Source/stream_buffer.o" --specs=nano.specs -mfpu=fpv4-sp-d16 -mfloat-abi=hard -mthumb -o "FreeRTOS/Source/stream_buffer.o"
arm-none-eabi-gcc "../FreeRTOS/Source/tasks.c" -mcpu=cortex-m4 -std=gnu11 -g3 -DDEBUG -DUSE_HAL_DRIVER -DSTM32L4R5xx -c -I../Core/Inc -I../Drivers/STM32L4xx_HAL_Driver/Inc -I../Drivers/STM32L4xx_HAL_Driver/Inc/Legacy -I../Drivers/CMSIS/Device/ST/STM32L4xx/Include -I../Drivers/CMSIS/Include -I"D:/RAVI/STM32_Projects/RTOS_Timers/FreeRTOS/Source/include" -I"D:/RAVI/STM32_Projects/RTOS_Timers/FreeRTOS/Source/portable/GCC/ARM_CM4F" -I"D:/RAVI/STM32_Projects/RTOS_Timers/FreeRTOS/Source/portable/MemMang" -I"D:/RAVI/STM32_Projects/RTOS_Timers/FreeRTOS" -O0 -ffunction-sections -fdata-sections -Wall -fstack-usage -fcyclomatic-complexity -MMD -MP -MF"FreeRTOS/Source/tasks.d" -MT"FreeRTOS/Source/tasks.o" --specs=nano.specs -mfpu=fpv4-sp-d16 -mfloat-abi=hard -mthumb -o "FreeRTOS/Source/tasks.o"
arm-none-eabi-gcc "../FreeRTOS/Source/timers.c" -mcpu=cortex-m4 -std=gnu11 -g3 -DDEBUG -DUSE_HAL_DRIVER -DSTM32L4R5xx -c -I../Core/Inc -I../Drivers/STM32L4xx_HAL_Driver/Inc -I../Drivers/STM32L4xx_HAL_Driver/Inc/Legacy -I../Drivers/CMSIS/Device/ST/STM32L4xx/Include -I../Drivers/CMSIS/Include -I"D:/RAVI/STM32_Projects/RTOS_Timers/FreeRTOS/Source/include" -I"D:/RAVI/STM32_Projects/RTOS_Timers/FreeRTOS/Source/portable/GCC/ARM_CM4F" -I"D:/RAVI/STM32_Projects/RTOS_Timers/FreeRTOS/Source/portable/MemMang" -I"D:/RAVI/STM32_Projects/RTOS_Timers/FreeRTOS" -O0 -ffunction-sections -fdata-sections -Wall -fstack-usage -fcyclomatic-complexity -MMD -MP -MF"FreeRTOS/Source/timers.d" -MT"FreeRTOS/Source/timers.o" --specs=nano.specs -mfpu=fpv4-sp-d16 -mfloat-abi=hard -mthumb -o "FreeRTOS/Source/timers.o"
arm-none-eabi-gcc "../Drivers/STM32L4xx_HAL_Driver/Src/stm32l4xx_hal.c" -mcpu=cortex-m4 -std=gnu11 -g3 -DDEBUG -DUSE_HAL_DRIVER -DSTM32L4R5xx -c -I../Core/Inc -I../Drivers/STM32L4xx_HAL_Driver/Inc -I../Drivers/STM32L4xx_HAL_Driver/Inc/Legacy -I../Drivers/CMSIS/Device/ST/STM32L4xx/Include -I../Drivers/CMSIS/Include -I"D:/RAVI/STM32_Projects/RTOS_Timers/FreeRTOS/Source/include" -I"D:/RAVI/STM32_Projects/RTOS_Timers/FreeRTOS/Source/portable/GCC/ARM_CM4F" -I"D:/RAVI/STM32_Projects/RTOS_Timers/FreeRTOS/Source/portable/MemMang" -I"D:/RAVI/STM32_Projects/RTOS_Timers/FreeRTOS" -O0 -ffunction-sections -fdata-sections -Wall -fstack-usage -fcyclomatic-complexity -MMD -MP -MF"Drivers/STM32L4xx_HAL_Driver/Src/stm32l4xx_hal.d" -MT"Drivers/STM32L4xx_HAL_Driver/Src/stm32l4xx_hal.o" --specs=nano.specs -mfpu=fpv4-sp-d16 -mfloat-abi=hard -mthumb -o "Drivers/STM32L4xx_HAL_Driver/Src/stm32l4xx_hal.o"
arm-none-eabi-gcc "../Drivers/STM32L4xx_HAL_Driver/Src/stm32l4xx_hal_cortex.c" -mcpu=cortex-m4 -std=gnu11 -g3 -DDEBUG -DUSE_HAL_DRIVER -DSTM32L4R5xx -c -I../Core/Inc -I../Drivers/STM32L4xx_HAL_Driver/Inc -I../Drivers/STM32L4xx_HAL_Driver/Inc/Legacy -I../Drivers/CMSIS/Device/ST/STM32L4xx/Include -I../Drivers/CMSIS/Include -I"D:/RAVI/STM32_Projects/RTOS_Timers/FreeRTOS/Source/include" -I"D:/RAVI/STM32_Projects/RTOS_Timers/FreeRTOS/Source/portable/GCC/ARM_CM4F" -I"D:/RAVI/STM32_Projects/RTOS_Timers/FreeRTOS/Source/portable/MemMang" -I"D:/RAVI/STM32_Projects/RTOS_Timers/FreeRTOS" -O0 -ffunction-sections -fdata-sections -Wall -fstack-usage -fcyclomatic-complexity -MMD -MP -MF"Drivers/STM32L4xx_HAL_Driver/Src/stm32l4xx_hal_cortex.d" -MT"Drivers/STM32L4xx_HAL_Driver/Src/stm32l4xx_hal_cortex.o" --specs=nano.specs -mfpu=fpv4-sp-d16 -mfloat-abi=hard -mthumb -o "Drivers/STM32L4xx_HAL_Driver/Src/stm32l4xx_hal_cortex.o"
arm-none-eabi-gcc "../Drivers/STM32L4xx_HAL_Driver/Src/stm32l4xx_hal_dma.c" -mcpu=cortex-m4 -std=gnu11 -g3 -DDEBUG -DUSE_HAL_DRIVER -DSTM32L4R5xx -c -I../Core/Inc -I../Drivers/STM32L4xx_HAL_Driver/Inc -I../Drivers/STM32L4xx_HAL_Driver/Inc/Legacy -I../Drivers/CMSIS/Device/ST/STM32L4xx/Include -I../Drivers/CMSIS/Include -I"D:/RAVI/STM32_Projects/RTOS_Timers/FreeRTOS/Source/include" -I"D:/RAVI/STM32_Projects/RTOS_Timers/FreeRTOS/Source/portable/GCC/ARM_CM4F" -I"D:/RAVI/STM32_Projects/RTOS_Timers/FreeRTOS/Source/portable/MemMang" -I"D:/RAVI/STM32_Projects/RTOS_Timers/FreeRTOS" -O0 -ffunction-sections -fdata-sections -Wall -fstack-usage -fcyclomatic-complexity -MMD -MP -MF"Drivers/STM32L4xx_HAL_Driver/Src/stm32l4xx_hal_dma.d" -MT"Drivers/STM32L4xx_HAL_Driver/Src/stm32l4xx_hal_dma.o" --specs=nano.specs -mfpu=fpv4-sp-d16 -mfloat-abi=hard -mthumb -o "Drivers/STM32L4xx_HAL_Driver/Src/stm32l4xx_hal_dma.o"
arm-none-eabi-gcc "../Drivers/STM32L4xx_HAL_Driver/Src/stm32l4xx_hal_dma_ex.c" -mcpu=cortex-m4 -std=gnu11 -g3 -DDEBUG -DUSE_HAL_DRIVER -DSTM32L4R5xx -c -I../Core/Inc -I../Drivers/STM32L4xx_HAL_Driver/Inc -I../Drivers/STM32L4xx_HAL_Driver/Inc/Legacy -I../Drivers/CMSIS/Device/ST/STM32L4xx/Include -I../Drivers/CMSIS/Include -I"D:/RAVI/STM32_Projects/RTOS_Timers/FreeRTOS/Source/include" -I"D:/RAVI/STM32_Projects/RTOS_Timers/FreeRTOS/Source/portable/GCC/ARM_CM4F" -I"D:/RAVI/STM32_Projects/RTOS_Timers/FreeRTOS/Source/portable/MemMang" -I"D:/RAVI/STM32_Projects/RTOS_Timers/FreeRTOS" -O0 -ffunction-sections -fdata-sections -Wall -fstack-usage -fcyclomatic-complexity -MMD -MP -MF"Drivers/STM32L4xx_HAL_Driver/Src/stm32l4xx_hal_dma_ex.d" -MT"Drivers/STM32L4xx_HAL_Driver/Src/stm32l4xx_hal_dma_ex.o" --specs=nano.specs -mfpu=fpv4-sp-d16 -mfloat-abi=hard -mthumb -o "Drivers/STM32L4xx_HAL_Driver/Src/stm32l4xx_hal_dma_ex.o"
arm-none-eabi-gcc "../Drivers/STM32L4xx_HAL_Driver/Src/stm32l4xx_hal_exti.c" -mcpu=cortex-m4 -std=gnu11 -g3 -DDEBUG -DUSE_HAL_DRIVER -DSTM32L4R5xx -c -I../Core/Inc -I../Drivers/STM32L4xx_HAL_Driver/Inc -I../Drivers/STM32L4xx_HAL_Driver/Inc/Legacy -I../Drivers/CMSIS/Device/ST/STM32L4xx/Include -I../Drivers/CMSIS/Include -I"D:/RAVI/STM32_Projects/RTOS_Timers/FreeRTOS/Source/include" -I"D:/RAVI/STM32_Projects/RTOS_Timers/FreeRTOS/Source/portable/GCC/ARM_CM4F" -I"D:/RAVI/STM32_Projects/RTOS_Timers/FreeRTOS/Source/portable/MemMang" -I"D:/RAVI/STM32_Projects/RTOS_Timers/FreeRTOS" -O0 -ffunction-sections -fdata-sections -Wall -fstack-usage -fcyclomatic-complexity -MMD -MP -MF"Drivers/STM32L4xx_HAL_Driver/Src/stm32l4xx_hal_exti.d" -MT"Drivers/STM32L4xx_HAL_Driver/Src/stm32l4xx_hal_exti.o" --specs=nano.specs -mfpu=fpv4-sp-d16 -mfloat-abi=hard -mthumb -o "Drivers/STM32L4xx_HAL_Driver/Src/stm32l4xx_hal_exti.o"
arm-none-eabi-gcc "../Drivers/STM32L4xx_HAL_Driver/Src/stm32l4xx_hal_flash.c" -mcpu=cortex-m4 -std=gnu11 -g3 -DDEBUG -DUSE_HAL_DRIVER -DSTM32L4R5xx -c -I../Core/Inc -I../Drivers/STM32L4xx_HAL_Driver/Inc -I../Drivers/STM32L4xx_HAL_Driver/Inc/Legacy -I../Drivers/CMSIS/Device/ST/STM32L4xx/Include -I../Drivers/CMSIS/Include -I"D:/RAVI/STM32_Projects/RTOS_Timers/FreeRTOS/Source/include" -I"D:/RAVI/STM32_Projects/RTOS_Timers/FreeRTOS/Source/portable/GCC/ARM_CM4F" -I"D:/RAVI/STM32_Projects/RTOS_Timers/FreeRTOS/Source/portable/MemMang" -I"D:/RAVI/STM32_Projects/RTOS_Timers/FreeRTOS" -O0 -ffunction-sections -fdata-sections -Wall -fstack-usage -fcyclomatic-complexity -MMD -MP -MF"Drivers/STM32L4xx_HAL_Driver/Src/stm32l4xx_hal_flash.d" -MT"Drivers/STM32L4xx_HAL_Driver/Src/stm32l4xx_hal_flash.o" --specs=nano.specs -mfpu=fpv4-sp-d16 -mfloat-abi=hard -mthumb -o "Drivers/STM32L4xx_HAL_Driver/Src/stm32l4xx_hal_flash.o"
arm-none-eabi-gcc "../Drivers/STM32L4xx_HAL_Driver/Src/stm32l4xx_hal_flash_ex.c" -mcpu=cortex-m4 -std=gnu11 -g3 -DDEBUG -DUSE_HAL_DRIVER -DSTM32L4R5xx -c -I../Core/Inc -I../Drivers/STM32L4xx_HAL_Driver/Inc -I../Drivers/STM32L4xx_HAL_Driver/Inc/Legacy -I../Drivers/CMSIS/Device/ST/STM32L4xx/Include -I../Drivers/CMSIS/Include -I"D:/RAVI/STM32_Projects/RTOS_Timers/FreeRTOS/Source/include" -I"D:/RAVI/STM32_Projects/RTOS_Timers/FreeRTOS/Source/portable/GCC/ARM_CM4F" -I"D:/RAVI/STM32_Projects/RTOS_Timers/FreeRTOS/Source/portable/MemMang" -I"D:/RAVI/STM32_Projects/RTOS_Timers/FreeRTOS" -O0 -ffunction-sections -fdata-sections -Wall -fstack-usage -fcyclomatic-complexity -MMD -MP -MF"Drivers/STM32L4xx_HAL_Driver/Src/stm32l4xx_hal_flash_ex.d" -MT"Drivers/STM32L4xx_HAL_Driver/Src/stm32l4xx_hal_flash_ex.o" --specs=nano.specs -mfpu=fpv4-sp-d16 -mfloat-abi=hard -mthumb -o "Drivers/STM32L4xx_HAL_Driver/Src/stm32l4xx_hal_flash_ex.o"
arm-none-eabi-gcc "../Drivers/STM32L4xx_HAL_Driver/Src/stm32l4xx_hal_flash_ramfunc.c" -mcpu=cortex-m4 -std=gnu11 -g3 -DDEBUG -DUSE_HAL_DRIVER -DSTM32L4R5xx -c -I../Core/Inc -I../Drivers/STM32L4xx_HAL_Driver/Inc -I../Drivers/STM32L4xx_HAL_Driver/Inc/Legacy -I../Drivers/CMSIS/Device/ST/STM32L4xx/Include -I../Drivers/CMSIS/Include -I"D:/RAVI/STM32_Projects/RTOS_Timers/FreeRTOS/Source/include" -I"D:/RAVI/STM32_Projects/RTOS_Timers/FreeRTOS/Source/portable/GCC/ARM_CM4F" -I"D:/RAVI/STM32_Projects/RTOS_Timers/FreeRTOS/Source/portable/MemMang" -I"D:/RAVI/STM32_Projects/RTOS_Timers/FreeRTOS" -O0 -ffunction-sections -fdata-sections -Wall -fstack-usage -fcyclomatic-complexity -MMD -MP -MF"Drivers/STM32L4xx_HAL_Driver/Src/stm32l4xx_hal_flash_ramfunc.d" -MT"Drivers/STM32L4xx_HAL_Driver/Src/stm32l4xx_hal_flash_ramfunc.o" --specs=nano.specs -mfpu=fpv4-sp-d16 -mfloat-abi=hard -mthumb -o "Drivers/STM32L4xx_HAL_Driver/Src/stm32l4xx_hal_flash_ramfunc.o"
arm-none-eabi-gcc "../Drivers/STM32L4xx_HAL_Driver/Src/stm32l4xx_hal_gpio.c" -mcpu=cortex-m4 -std=gnu11 -g3 -DDEBUG -DUSE_HAL_DRIVER -DSTM32L4R5xx -c -I../Core/Inc -I../Drivers/STM32L4xx_HAL_Driver/Inc -I../Drivers/STM32L4xx_HAL_Driver/Inc/Legacy -I../Drivers/CMSIS/Device/ST/STM32L4xx/Include -I../Drivers/CMSIS/Include -I"D:/RAVI/STM32_Projects/RTOS_Timers/FreeRTOS/Source/include" -I"D:/RAVI/STM32_Projects/RTOS_Timers/FreeRTOS/Source/portable/GCC/ARM_CM4F" -I"D:/RAVI/STM32_Projects/RTOS_Timers/FreeRTOS/Source/portable/MemMang" -I"D:/RAVI/STM32_Projects/RTOS_Timers/FreeRTOS" -O0 -ffunction-sections -fdata-sections -Wall -fstack-usage -fcyclomatic-complexity -MMD -MP -MF"Drivers/STM32L4xx_HAL_Driver/Src/stm32l4xx_hal_gpio.d" -MT"Drivers/STM32L4xx_HAL_Driver/Src/stm32l4xx_hal_gpio.o" --specs=nano.specs -mfpu=fpv4-sp-d16 -mfloat-abi=hard -mthumb -o "Drivers/STM32L4xx_HAL_Driver/Src/stm32l4xx_hal_gpio.o"
arm-none-eabi-gcc "../Drivers/STM32L4xx_HAL_Driver/Src/stm32l4xx_hal_i2c.c" -mcpu=cortex-m4 -std=gnu11 -g3 -DDEBUG -DUSE_HAL_DRIVER -DSTM32L4R5xx -c -I../Core/Inc -I../Drivers/STM32L4xx_HAL_Driver/Inc -I../Drivers/STM32L4xx_HAL_Driver/Inc/Legacy -I../Drivers/CMSIS/Device/ST/STM32L4xx/Include -I../Drivers/CMSIS/Include -I"D:/RAVI/STM32_Projects/RTOS_Timers/FreeRTOS/Source/include" -I"D:/RAVI/STM32_Projects/RTOS_Timers/FreeRTOS/Source/portable/GCC/ARM_CM4F" -I"D:/RAVI/STM32_Projects/RTOS_Timers/FreeRTOS/Source/portable/MemMang" -I"D:/RAVI/STM32_Projects/RTOS_Timers/FreeRTOS" -O0 -ffunction-sections -fdata-sections -Wall -fstack-usage -fcyclomatic-complexity -MMD -MP -MF"Drivers/STM32L4xx_HAL_Driver/Src/stm32l4xx_hal_i2c.d" -MT"Drivers/STM32L4xx_HAL_Driver/Src/stm32l4xx_hal_i2c.o" --specs=nano.specs -mfpu=fpv4-sp-d16 -mfloat-abi=hard -mthumb -o "Drivers/STM32L4xx_HAL_Driver/Src/stm32l4xx_hal_i2c.o"
arm-none-eabi-gcc "../Drivers/STM32L4xx_HAL_Driver/Src/stm32l4xx_hal_i2c_ex.c" -mcpu=cortex-m4 -std=gnu11 -g3 -DDEBUG -DUSE_HAL_DRIVER -DSTM32L4R5xx -c -I../Core/Inc -I../Drivers/STM32L4xx_HAL_Driver/Inc -I../Drivers/STM32L4xx_HAL_Driver/Inc/Legacy -I../Drivers/CMSIS/Device/ST/STM32L4xx/Include -I../Drivers/CMSIS/Include -I"D:/RAVI/STM32_Projects/RTOS_Timers/FreeRTOS/Source/include" -I"D:/RAVI/STM32_Projects/RTOS_Timers/FreeRTOS/Source/portable/GCC/ARM_CM4F" -I"D:/RAVI/STM32_Projects/RTOS_Timers/FreeRTOS/Source/portable/MemMang" -I"D:/RAVI/STM32_Projects/RTOS_Timers/FreeRTOS" -O0 -ffunction-sections -fdata-sections -Wall -fstack-usage -fcyclomatic-complexity -MMD -MP -MF"Drivers/STM32L4xx_HAL_Driver/Src/stm32l4xx_hal_i2c_ex.d" -MT"Drivers/STM32L4xx_HAL_Driver/Src/stm32l4xx_hal_i2c_ex.o" --specs=nano.specs -mfpu=fpv4-sp-d16 -mfloat-abi=hard -mthumb -o "Drivers/STM32L4xx_HAL_Driver/Src/stm32l4xx_hal_i2c_ex.o"
arm-none-eabi-gcc "../Drivers/STM32L4xx_HAL_Driver/Src/stm32l4xx_hal_pwr.c" -mcpu=cortex-m4 -std=gnu11 -g3 -DDEBUG -DUSE_HAL_DRIVER -DSTM32L4R5xx -c -I../Core/Inc -I../Drivers/STM32L4xx_HAL_Driver/Inc -I../Drivers/STM32L4xx_HAL_Driver/Inc/Legacy -I../Drivers/CMSIS/Device/ST/STM32L4xx/Include -I../Drivers/CMSIS/Include -I"D:/RAVI/STM32_Projects/RTOS_Timers/FreeRTOS/Source/include" -I"D:/RAVI/STM32_Projects/RTOS_Timers/FreeRTOS/Source/portable/GCC/ARM_CM4F" -I"D:/RAVI/STM32_Projects/RTOS_Timers/FreeRTOS/Source/portable/MemMang" -I"D:/RAVI/STM32_Projects/RTOS_Timers/FreeRTOS" -O0 -ffunction-sections -fdata-sections -Wall -fstack-usage -fcyclomatic-complexity -MMD -MP -MF"Drivers/STM32L4xx_HAL_Driver/Src/stm32l4xx_hal_pwr.d" -MT"Drivers/STM32L4xx_HAL_Driver/Src/stm32l4xx_hal_pwr.o" --specs=nano.specs -mfpu=fpv4-sp-d16 -mfloat-abi=hard -mthumb -o "Drivers/STM32L4xx_HAL_Driver/Src/stm32l4xx_hal_pwr.o"
arm-none-eabi-gcc "../Drivers/STM32L4xx_HAL_Driver/Src/stm32l4xx_hal_pwr_ex.c" -mcpu=cortex-m4 -std=gnu11 -g3 -DDEBUG -DUSE_HAL_DRIVER -DSTM32L4R5xx -c -I../Core/Inc -I../Drivers/STM32L4xx_HAL_Driver/Inc -I../Drivers/STM32L4xx_HAL_Driver/Inc/Legacy -I../Drivers/CMSIS/Device/ST/STM32L4xx/Include -I../Drivers/CMSIS/Include -I"D:/RAVI/STM32_Projects/RTOS_Timers/FreeRTOS/Source/include" -I"D:/RAVI/STM32_Projects/RTOS_Timers/FreeRTOS/Source/portable/GCC/ARM_CM4F" -I"D:/RAVI/STM32_Projects/RTOS_Timers/FreeRTOS/Source/portable/MemMang" -I"D:/RAVI/STM32_Projects/RTOS_Timers/FreeRTOS" -O0 -ffunction-sections -fdata-sections -Wall -fstack-usage -fcyclomatic-complexity -MMD -MP -MF"Drivers/STM32L4xx_HAL_Driver/Src/stm32l4xx_hal_pwr_ex.d" -MT"Drivers/STM32L4xx_HAL_Driver/Src/stm32l4xx_hal_pwr_ex.o" --specs=nano.specs -mfpu=fpv4-sp-d16 -mfloat-abi=hard -mthumb -o "Drivers/STM32L4xx_HAL_Driver/Src/stm32l4xx_hal_pwr_ex.o"
arm-none-eabi-gcc "../Drivers/STM32L4xx_HAL_Driver/Src/stm32l4xx_hal_rcc.c" -mcpu=cortex-m4 -std=gnu11 -g3 -DDEBUG -DUSE_HAL_DRIVER -DSTM32L4R5xx -c -I../Core/Inc -I../Drivers/STM32L4xx_HAL_Driver/Inc -I../Drivers/STM32L4xx_HAL_Driver/Inc/Legacy -I../Drivers/CMSIS/Device/ST/STM32L4xx/Include -I../Drivers/CMSIS/Include -I"D:/RAVI/STM32_Projects/RTOS_Timers/FreeRTOS/Source/include" -I"D:/RAVI/STM32_Projects/RTOS_Timers/FreeRTOS/Source/portable/GCC/ARM_CM4F" -I"D:/RAVI/STM32_Projects/RTOS_Timers/FreeRTOS/Source/portable/MemMang" -I"D:/RAVI/STM32_Projects/RTOS_Timers/FreeRTOS" -O0 -ffunction-sections -fdata-sections -Wall -fstack-usage -fcyclomatic-complexity -MMD -MP -MF"Drivers/STM32L4xx_HAL_Driver/Src/stm32l4xx_hal_rcc.d" -MT"Drivers/STM32L4xx_HAL_Driver/Src/stm32l4xx_hal_rcc.o" --specs=nano.specs -mfpu=fpv4-sp-d16 -mfloat-abi=hard -mthumb -o "Drivers/STM32L4xx_HAL_Driver/Src/stm32l4xx_hal_rcc.o"
arm-none-eabi-gcc "../Drivers/STM32L4xx_HAL_Driver/Src/stm32l4xx_hal_rcc_ex.c" -mcpu=cortex-m4 -std=gnu11 -g3 -DDEBUG -DUSE_HAL_DRIVER -DSTM32L4R5xx -c -I../Core/Inc -I../Drivers/STM32L4xx_HAL_Driver/Inc -I../Drivers/STM32L4xx_HAL_Driver/Inc/Legacy -I../Drivers/CMSIS/Device/ST/STM32L4xx/Include -I../Drivers/CMSIS/Include -I"D:/RAVI/STM32_Projects/RTOS_Timers/FreeRTOS/Source/include" -I"D:/RAVI/STM32_Projects/RTOS_Timers/FreeRTOS/Source/portable/GCC/ARM_CM4F" -I"D:/RAVI/STM32_Projects/RTOS_Timers/FreeRTOS/Source/portable/MemMang" -I"D:/RAVI/STM32_Projects/RTOS_Timers/FreeRTOS" -O0 -ffunction-sections -fdata-sections -Wall -fstack-usage -fcyclomatic-complexity -MMD -MP -MF"Drivers/STM32L4xx_HAL_Driver/Src/stm32l4xx_hal_rcc_ex.d" -MT"Drivers/STM32L4xx_HAL_Driver/Src/stm32l4xx_hal_rcc_ex.o" --specs=nano.specs -mfpu=fpv4-sp-d16 -mfloat-abi=hard -mthumb -o "Drivers/STM32L4xx_HAL_Driver/Src/stm32l4xx_hal_rcc_ex.o"
arm-none-eabi-gcc "../Drivers/STM32L4xx_HAL_Driver/Src/stm32l4xx_hal_tim.c" -mcpu=cortex-m4 -std=gnu11 -g3 -DDEBUG -DUSE_HAL_DRIVER -DSTM32L4R5xx -c -I../Core/Inc -I../Drivers/STM32L4xx_HAL_Driver/Inc -I../Drivers/STM32L4xx_HAL_Driver/Inc/Legacy -I../Drivers/CMSIS/Device/ST/STM32L4xx/Include -I../Drivers/CMSIS/Include -I"D:/RAVI/STM32_Projects/RTOS_Timers/FreeRTOS/Source/include" -I"D:/RAVI/STM32_Projects/RTOS_Timers/FreeRTOS/Source/portable/GCC/ARM_CM4F" -I"D:/RAVI/STM32_Projects/RTOS_Timers/FreeRTOS/Source/portable/MemMang" -I"D:/RAVI/STM32_Projects/RTOS_Timers/FreeRTOS" -O0 -ffunction-sections -fdata-sections -Wall -fstack-usage -fcyclomatic-complexity -MMD -MP -MF"Drivers/STM32L4xx_HAL_Driver/Src/stm32l4xx_hal_tim.d" -MT"Drivers/STM32L4xx_HAL_Driver/Src/stm32l4xx_hal_tim.o" --specs=nano.specs -mfpu=fpv4-sp-d16 -mfloat-abi=hard -mthumb -o "Drivers/STM32L4xx_HAL_Driver/Src/stm32l4xx_hal_tim.o"
arm-none-eabi-gcc "../Drivers/STM32L4xx_HAL_Driver/Src/stm32l4xx_hal_tim_ex.c" -mcpu=cortex-m4 -std=gnu11 -g3 -DDEBUG -DUSE_HAL_DRIVER -DSTM32L4R5xx -c -I../Core/Inc -I../Drivers/STM32L4xx_HAL_Driver/Inc -I../Drivers/STM32L4xx_HAL_Driver/Inc/Legacy -I../Drivers/CMSIS/Device/ST/STM32L4xx/Include -I../Drivers/CMSIS/Include -I"D:/RAVI/STM32_Projects/RTOS_Timers/FreeRTOS/Source/include" -I"D:/RAVI/STM32_Projects/RTOS_Timers/FreeRTOS/Source/portable/GCC/ARM_CM4F" -I"D:/RAVI/STM32_Projects/RTOS_Timers/FreeRTOS/Source/portable/MemMang" -I"D:/RAVI/STM32_Projects/RTOS_Timers/FreeRTOS" -O0 -ffunction-sections -fdata-sections -Wall -fstack-usage -fcyclomatic-complexity -MMD -MP -MF"Drivers/STM32L4xx_HAL_Driver/Src/stm32l4xx_hal_tim_ex.d" -MT"Drivers/STM32L4xx_HAL_Driver/Src/stm32l4xx_hal_tim_ex.o" --specs=nano.specs -mfpu=fpv4-sp-d16 -mfloat-abi=hard -mthumb -o "Drivers/STM32L4xx_HAL_Driver/Src/stm32l4xx_hal_tim_ex.o"
arm-none-eabi-gcc "../Drivers/STM32L4xx_HAL_Driver/Src/stm32l4xx_hal_uart.c" -mcpu=cortex-m4 -std=gnu11 -g3 -DDEBUG -DUSE_HAL_DRIVER -DSTM32L4R5xx -c -I../Core/Inc -I../Drivers/STM32L4xx_HAL_Driver/Inc -I../Drivers/STM32L4xx_HAL_Driver/Inc/Legacy -I../Drivers/CMSIS/Device/ST/STM32L4xx/Include -I../Drivers/CMSIS/Include -I"D:/RAVI/STM32_Projects/RTOS_Timers/FreeRTOS/Source/include" -I"D:/RAVI/STM32_Projects/RTOS_Timers/FreeRTOS/Source/portable/GCC/ARM_CM4F" -I"D:/RAVI/STM32_Projects/RTOS_Timers/FreeRTOS/Source/portable/MemMang" -I"D:/RAVI/STM32_Projects/RTOS_Timers/FreeRTOS" -O0 -ffunction-sections -fdata-sections -Wall -fstack-usage -fcyclomatic-complexity -MMD -MP -MF"Drivers/STM32L4xx_HAL_Driver/Src/stm32l4xx_hal_uart.d" -MT"Drivers/STM32L4xx_HAL_Driver/Src/stm32l4xx_hal_uart.o" --specs=nano.specs -mfpu=fpv4-sp-d16 -mfloat-abi=hard -mthumb -o "Drivers/STM32L4xx_HAL_Driver/Src/stm32l4xx_hal_uart.o"
arm-none-eabi-gcc "../Drivers/STM32L4xx_HAL_Driver/Src/stm32l4xx_hal_uart_ex.c" -mcpu=cortex-m4 -std=gnu11 -g3 -DDEBUG -DUSE_HAL_DRIVER -DSTM32L4R5xx -c -I../Core/Inc -I../Drivers/STM32L4xx_HAL_Driver/Inc -I../Drivers/STM32L4xx_HAL_Driver/Inc/Legacy -I../Drivers/CMSIS/Device/ST/STM32L4xx/Include -I../Drivers/CMSIS/Include -I"D:/RAVI/STM32_Projects/RTOS_Timers/FreeRTOS/Source/include" -I"D:/RAVI/STM32_Projects/RTOS_Timers/FreeRTOS/Source/portable/GCC/ARM_CM4F" -I"D:/RAVI/STM32_Projects/RTOS_Timers/FreeRTOS/Source/portable/MemMang" -I"D:/RAVI/STM32_Projects/RTOS_Timers/FreeRTOS" -O0 -ffunction-sections -fdata-sections -Wall -fstack-usage -fcyclomatic-complexity -MMD -MP -MF"Drivers/STM32L4xx_HAL_Driver/Src/stm32l4xx_hal_uart_ex.d" -MT"Drivers/STM32L4xx_HAL_Driver/Src/stm32l4xx_hal_uart_ex.o" --specs=nano.specs -mfpu=fpv4-sp-d16 -mfloat-abi=hard -mthumb -o "Drivers/STM32L4xx_HAL_Driver/Src/stm32l4xx_hal_uart_ex.o"
arm-none-eabi-gcc -mcpu=cortex-m4 -g3 -DDEBUG -c -x assembler-with-cpp -MMD -MP -MF"Core/Startup/startup_stm32l4r5zitx.d" -MT"Core/Startup/startup_stm32l4r5zitx.o" --specs=nano.specs -mfpu=fpv4-sp-d16 -mfloat-abi=hard -mthumb -o "Core/Startup/startup_stm32l4r5zitx.o" "../Core/Startup/startup_stm32l4r5zitx.s"
arm-none-eabi-gcc "../Core/Src/main.c" -mcpu=cortex-m4 -std=gnu11 -g3 -DDEBUG -DUSE_HAL_DRIVER -DSTM32L4R5xx -c -I../Core/Inc -I../Drivers/STM32L4xx_HAL_Driver/Inc -I../Drivers/STM32L4xx_HAL_Driver/Inc/Legacy -I../Drivers/CMSIS/Device/ST/STM32L4xx/Include -I../Drivers/CMSIS/Include -I"D:/RAVI/STM32_Projects/RTOS_Timers/FreeRTOS/Source/include" -I"D:/RAVI/STM32_Projects/RTOS_Timers/FreeRTOS/Source/portable/GCC/ARM_CM4F" -I"D:/RAVI/STM32_Projects/RTOS_Timers/FreeRTOS/Source/portable/MemMang" -I"D:/RAVI/STM32_Projects/RTOS_Timers/FreeRTOS" -O0 -ffunction-sections -fdata-sections -Wall -fstack-usage -fcyclomatic-complexity -MMD -MP -MF"Core/Src/main.d" -MT"Core/Src/main.o" --specs=nano.specs -mfpu=fpv4-sp-d16 -mfloat-abi=hard -mthumb -o "Core/Src/main.o"
arm-none-eabi-gcc "../Core/Src/stm32l4xx_hal_msp.c" -mcpu=cortex-m4 -std=gnu11 -g3 -DDEBUG -DUSE_HAL_DRIVER -DSTM32L4R5xx -c -I../Core/Inc -I../Drivers/STM32L4xx_HAL_Driver/Inc -I../Drivers/STM32L4xx_HAL_Driver/Inc/Legacy -I../Drivers/CMSIS/Device/ST/STM32L4xx/Include -I../Drivers/CMSIS/Include -I"D:/RAVI/STM32_Projects/RTOS_Timers/FreeRTOS/Source/include" -I"D:/RAVI/STM32_Projects/RTOS_Timers/FreeRTOS/Source/portable/GCC/ARM_CM4F" -I"D:/RAVI/STM32_Projects/RTOS_Timers/FreeRTOS/Source/portable/MemMang" -I"D:/RAVI/STM32_Projects/RTOS_Timers/FreeRTOS" -O0 -ffunction-sections -fdata-sections -Wall -fstack-usage -fcyclomatic-complexity -MMD -MP -MF"Core/Src/stm32l4xx_hal_msp.d" -MT"Core/Src/stm32l4xx_hal_msp.o" --specs=nano.specs -mfpu=fpv4-sp-d16 -mfloat-abi=hard -mthumb -o "Core/Src/stm32l4xx_hal_msp.o"
arm-none-eabi-gcc "../Core/Src/stm32l4xx_hal_timebase_tim.c" -mcpu=cortex-m4 -std=gnu11 -g3 -DDEBUG -DUSE_HAL_DRIVER -DSTM32L4R5xx -c -I../Core/Inc -I../Drivers/STM32L4xx_HAL_Driver/Inc -I../Drivers/STM32L4xx_HAL_Driver/Inc/Legacy -I../Drivers/CMSIS/Device/ST/STM32L4xx/Include -I../Drivers/CMSIS/Include -I"D:/RAVI/STM32_Projects/RTOS_Timers/FreeRTOS/Source/include" -I"D:/RAVI/STM32_Projects/RTOS_Timers/FreeRTOS/Source/portable/GCC/ARM_CM4F" -I"D:/RAVI/STM32_Projects/RTOS_Timers/FreeRTOS/Source/portable/MemMang" -I"D:/RAVI/STM32_Projects/RTOS_Timers/FreeRTOS" -O0 -ffunction-sections -fdata-sections -Wall -fstack-usage -fcyclomatic-complexity -MMD -MP -MF"Core/Src/stm32l4xx_hal_timebase_tim.d" -MT"Core/Src/stm32l4xx_hal_timebase_tim.o" --specs=nano.specs -mfpu=fpv4-sp-d16 -mfloat-abi=hard -mthumb -o "Core/Src/stm32l4xx_hal_timebase_tim.o"
arm-none-eabi-gcc "../Core/Src/stm32l4xx_it.c" -mcpu=cortex-m4 -std=gnu11 -g3 -DDEBUG -DUSE_HAL_DRIVER -DSTM32L4R5xx -c -I../Core/Inc -I../Drivers/STM32L4xx_HAL_Driver/Inc -I../Drivers/STM32L4xx_HAL_Driver/Inc/Legacy -I../Drivers/CMSIS/Device/ST/STM32L4xx/Include -I../Drivers/CMSIS/Include -I"D:/RAVI/STM32_Projects/RTOS_Timers/FreeRTOS/Source/include" -I"D:/RAVI/STM32_Projects/RTOS_Timers/FreeRTOS/Source/portable/GCC/ARM_CM4F" -I"D:/RAVI/STM32_Projects/RTOS_Timers/FreeRTOS/Source/portable/MemMang" -I"D:/RAVI/STM32_Projects/RTOS_Timers/FreeRTOS" -O0 -ffunction-sections -fdata-sections -Wall -fstack-usage -fcyclomatic-complexity -MMD -MP -MF"Core/Src/stm32l4xx_it.d" -MT"Core/Src/stm32l4xx_it.o" --specs=nano.specs -mfpu=fpv4-sp-d16 -mfloat-abi=hard -mthumb -o "Core/Src/stm32l4xx_it.o"
arm-none-eabi-gcc "../Core/Src/syscalls.c" -mcpu=cortex-m4 -std=gnu11 -g3 -DDEBUG -DUSE_HAL_DRIVER -DSTM32L4R5xx -c -I../Core/Inc -I../Drivers/STM32L4xx_HAL_Driver/Inc -I../Drivers/STM32L4xx_HAL_Driver/Inc/Legacy -I../Drivers/CMSIS/Device/ST/STM32L4xx/Include -I../Drivers/CMSIS/Include -I"D:/RAVI/STM32_Projects/RTOS_Timers/FreeRTOS/Source/include" -I"D:/RAVI/STM32_Projects/RTOS_Timers/FreeRTOS/Source/portable/GCC/ARM_CM4F" -I"D:/RAVI/STM32_Projects/RTOS_Timers/FreeRTOS/Source/portable/MemMang" -I"D:/RAVI/STM32_Projects/RTOS_Timers/FreeRTOS" -O0 -ffunction-sections -fdata-sections -Wall -fstack-usage -fcyclomatic-complexity -MMD -MP -MF"Core/Src/syscalls.d" -MT"Core/Src/syscalls.o" --specs=nano.specs -mfpu=fpv4-sp-d16 -mfloat-abi=hard -mthumb -o "Core/Src/syscalls.o"
arm-none-eabi-gcc "../Core/Src/sysmem.c" -mcpu=cortex-m4 -std=gnu11 -g3 -DDEBUG -DUSE_HAL_DRIVER -DSTM32L4R5xx -c -I../Core/Inc -I../Drivers/STM32L4xx_HAL_Driver/Inc -I../Drivers/STM32L4xx_HAL_Driver/Inc/Legacy -I../Drivers/CMSIS/Device/ST/STM32L4xx/Include -I../Drivers/CMSIS/Include -I"D:/RAVI/STM32_Projects/RTOS_Timers/FreeRTOS/Source/include" -I"D:/RAVI/STM32_Projects/RTOS_Timers/FreeRTOS/Source/portable/GCC/ARM_CM4F" -I"D:/RAVI/STM32_Projects/RTOS_Timers/FreeRTOS/Source/portable/MemMang" -I"D:/RAVI/STM32_Projects/RTOS_Timers/FreeRTOS" -O0 -ffunction-sections -fdata-sections -Wall -fstack-usage -fcyclomatic-complexity -MMD -MP -MF"Core/Src/sysmem.d" -MT"Core/Src/sysmem.o" --specs=nano.specs -mfpu=fpv4-sp-d16 -mfloat-abi=hard -mthumb -o "Core/Src/sysmem.o"
arm-none-eabi-gcc "../Core/Src/system_stm32l4xx.c" -mcpu=cortex-m4 -std=gnu11 -g3 -DDEBUG -DUSE_HAL_DRIVER -DSTM32L4R5xx -c -I../Core/Inc -I../Drivers/STM32L4xx_HAL_Driver/Inc -I../Drivers/STM32L4xx_HAL_Driver/Inc/Legacy -I../Drivers/CMSIS/Device/ST/STM32L4xx/Include -I../Drivers/CMSIS/Include -I"D:/RAVI/STM32_Projects/RTOS_Timers/FreeRTOS/Source/include" -I"D:/RAVI/STM32_Projects/RTOS_Timers/FreeRTOS/Source/portable/GCC/ARM_CM4F" -I"D:/RAVI/STM32_Projects/RTOS_Timers/FreeRTOS/Source/portable/MemMang" -I"D:/RAVI/STM32_Projects/RTOS_Timers/FreeRTOS" -O0 -ffunction-sections -fdata-sections -Wall -fstack-usage -fcyclomatic-complexity -MMD -MP -MF"Core/Src/system_stm32l4xx.d" -MT"Core/Src/system_stm32l4xx.o" --specs=nano.specs -mfpu=fpv4-sp-d16 -mfloat-abi=hard -mthumb -o "Core/Src/system_stm32l4xx.o"
arm-none-eabi-gcc -o "RTOS_Timers.elf" @"objects.list"   -mcpu=cortex-m4 -T"D:\RAVI\STM32_Projects\RTOS_Timers\STM32L4R5ZITX_FLASH.ld" --specs=nosys.specs -Wl,-Map="RTOS_Timers.map" -Wl,--gc-sections -static --specs=nano.specs -mfpu=fpv4-sp-d16 -mfloat-abi=hard -mthumb -Wl,--start-group -lc -lm -Wl,--end-group
Finished building target: RTOS_Timers.elf
 
arm-none-eabi-size  RTOS_Timers.elf 
arm-none-eabi-objdump -h -S RTOS_Timers.elf  > "RTOS_Timers.list"
   text	   data	    bss	    dec	    hex	filename
  26368	     24	 125032	 151424	  24f80	RTOS_Timers.elf
Finished building: default.size.stdout
 
Finished building: RTOS_Timers.list
 
10:53:46 **** Incremental Build of configuration Debug for project RTOS_Timers ****
make -j8 all 
arm-none-eabi-size  RTOS_Timers.elf 
   text	   data	    bss	    dec	    hex	filename
  26368	     24	 125032	 151424	  24f80	RTOS_Timers.elf
Finished building: default.size.stdout
 
10:54:16 **** Incremental Build of configuration Debug for project RTOS_Timers ****
make -j8 all 
arm-none-eabi-gcc "../FreeRTOS/Source/portable/MemMang/heap_4.c" -mcpu=cortex-m4 -std=gnu11 -g3 -DDEBUG -DUSE_HAL_DRIVER -DSTM32L4R5xx -c -I../Core/Inc -I../Drivers/STM32L4xx_HAL_Driver/Inc -I../Drivers/STM32L4xx_HAL_Driver/Inc/Legacy -I../Drivers/CMSIS/Device/ST/STM32L4xx/Include -I../Drivers/CMSIS/Include -I"D:/RAVI/STM32_Projects/RTOS_Timers/FreeRTOS/Source/include" -I"D:/RAVI/STM32_Projects/RTOS_Timers/FreeRTOS/Source/portable/GCC/ARM_CM4F" -I"D:/RAVI/STM32_Projects/RTOS_Timers/FreeRTOS/Source/portable/MemMang" -I"D:/RAVI/STM32_Projects/RTOS_Timers/FreeRTOS" -O0 -ffunction-sections -fdata-sections -Wall -fstack-usage -fcyclomatic-complexity -MMD -MP -MF"FreeRTOS/Source/portable/MemMang/heap_4.d" -MT"FreeRTOS/Source/portable/MemMang/heap_4.o" --specs=nano.specs -mfpu=fpv4-sp-d16 -mfloat-abi=hard -mthumb -o "FreeRTOS/Source/portable/MemMang/heap_4.o"
arm-none-eabi-gcc "../FreeRTOS/Source/portable/GCC/ARM_CM4F/port.c" -mcpu=cortex-m4 -std=gnu11 -g3 -DDEBUG -DUSE_HAL_DRIVER -DSTM32L4R5xx -c -I../Core/Inc -I../Drivers/STM32L4xx_HAL_Driver/Inc -I../Drivers/STM32L4xx_HAL_Driver/Inc/Legacy -I../Drivers/CMSIS/Device/ST/STM32L4xx/Include -I../Drivers/CMSIS/Include -I"D:/RAVI/STM32_Projects/RTOS_Timers/FreeRTOS/Source/include" -I"D:/RAVI/STM32_Projects/RTOS_Timers/FreeRTOS/Source/portable/GCC/ARM_CM4F" -I"D:/RAVI/STM32_Projects/RTOS_Timers/FreeRTOS/Source/portable/MemMang" -I"D:/RAVI/STM32_Projects/RTOS_Timers/FreeRTOS" -O0 -ffunction-sections -fdata-sections -Wall -fstack-usage -fcyclomatic-complexity -MMD -MP -MF"FreeRTOS/Source/portable/GCC/ARM_CM4F/port.d" -MT"FreeRTOS/Source/portable/GCC/ARM_CM4F/port.o" --specs=nano.specs -mfpu=fpv4-sp-d16 -mfloat-abi=hard -mthumb -o "FreeRTOS/Source/portable/GCC/ARM_CM4F/port.o"
arm-none-eabi-gcc "../FreeRTOS/Source/croutine.c" -mcpu=cortex-m4 -std=gnu11 -g3 -DDEBUG -DUSE_HAL_DRIVER -DSTM32L4R5xx -c -I../Core/Inc -I../Drivers/STM32L4xx_HAL_Driver/Inc -I../Drivers/STM32L4xx_HAL_Driver/Inc/Legacy -I../Drivers/CMSIS/Device/ST/STM32L4xx/Include -I../Drivers/CMSIS/Include -I"D:/RAVI/STM32_Projects/RTOS_Timers/FreeRTOS/Source/include" -I"D:/RAVI/STM32_Projects/RTOS_Timers/FreeRTOS/Source/portable/GCC/ARM_CM4F" -I"D:/RAVI/STM32_Projects/RTOS_Timers/FreeRTOS/Source/portable/MemMang" -I"D:/RAVI/STM32_Projects/RTOS_Timers/FreeRTOS" -O0 -ffunction-sections -fdata-sections -Wall -fstack-usage -fcyclomatic-complexity -MMD -MP -MF"FreeRTOS/Source/croutine.d" -MT"FreeRTOS/Source/croutine.o" --specs=nano.specs -mfpu=fpv4-sp-d16 -mfloat-abi=hard -mthumb -o "FreeRTOS/Source/croutine.o"
arm-none-eabi-gcc "../FreeRTOS/Source/event_groups.c" -mcpu=cortex-m4 -std=gnu11 -g3 -DDEBUG -DUSE_HAL_DRIVER -DSTM32L4R5xx -c -I../Core/Inc -I../Drivers/STM32L4xx_HAL_Driver/Inc -I../Drivers/STM32L4xx_HAL_Driver/Inc/Legacy -I../Drivers/CMSIS/Device/ST/STM32L4xx/Include -I../Drivers/CMSIS/Include -I"D:/RAVI/STM32_Projects/RTOS_Timers/FreeRTOS/Source/include" -I"D:/RAVI/STM32_Projects/RTOS_Timers/FreeRTOS/Source/portable/GCC/ARM_CM4F" -I"D:/RAVI/STM32_Projects/RTOS_Timers/FreeRTOS/Source/portable/MemMang" -I"D:/RAVI/STM32_Projects/RTOS_Timers/FreeRTOS" -O0 -ffunction-sections -fdata-sections -Wall -fstack-usage -fcyclomatic-complexity -MMD -MP -MF"FreeRTOS/Source/event_groups.d" -MT"FreeRTOS/Source/event_groups.o" --specs=nano.specs -mfpu=fpv4-sp-d16 -mfloat-abi=hard -mthumb -o "FreeRTOS/Source/event_groups.o"
arm-none-eabi-gcc "../FreeRTOS/Source/list.c" -mcpu=cortex-m4 -std=gnu11 -g3 -DDEBUG -DUSE_HAL_DRIVER -DSTM32L4R5xx -c -I../Core/Inc -I../Drivers/STM32L4xx_HAL_Driver/Inc -I../Drivers/STM32L4xx_HAL_Driver/Inc/Legacy -I../Drivers/CMSIS/Device/ST/STM32L4xx/Include -I../Drivers/CMSIS/Include -I"D:/RAVI/STM32_Projects/RTOS_Timers/FreeRTOS/Source/include" -I"D:/RAVI/STM32_Projects/RTOS_Timers/FreeRTOS/Source/portable/GCC/ARM_CM4F" -I"D:/RAVI/STM32_Projects/RTOS_Timers/FreeRTOS/Source/portable/MemMang" -I"D:/RAVI/STM32_Projects/RTOS_Timers/FreeRTOS" -O0 -ffunction-sections -fdata-sections -Wall -fstack-usage -fcyclomatic-complexity -MMD -MP -MF"FreeRTOS/Source/list.d" -MT"FreeRTOS/Source/list.o" --specs=nano.specs -mfpu=fpv4-sp-d16 -mfloat-abi=hard -mthumb -o "FreeRTOS/Source/list.o"
arm-none-eabi-gcc "../FreeRTOS/Source/queue.c" -mcpu=cortex-m4 -std=gnu11 -g3 -DDEBUG -DUSE_HAL_DRIVER -DSTM32L4R5xx -c -I../Core/Inc -I../Drivers/STM32L4xx_HAL_Driver/Inc -I../Drivers/STM32L4xx_HAL_Driver/Inc/Legacy -I../Drivers/CMSIS/Device/ST/STM32L4xx/Include -I../Drivers/CMSIS/Include -I"D:/RAVI/STM32_Projects/RTOS_Timers/FreeRTOS/Source/include" -I"D:/RAVI/STM32_Projects/RTOS_Timers/FreeRTOS/Source/portable/GCC/ARM_CM4F" -I"D:/RAVI/STM32_Projects/RTOS_Timers/FreeRTOS/Source/portable/MemMang" -I"D:/RAVI/STM32_Projects/RTOS_Timers/FreeRTOS" -O0 -ffunction-sections -fdata-sections -Wall -fstack-usage -fcyclomatic-complexity -MMD -MP -MF"FreeRTOS/Source/queue.d" -MT"FreeRTOS/Source/queue.o" --specs=nano.specs -mfpu=fpv4-sp-d16 -mfloat-abi=hard -mthumb -o "FreeRTOS/Source/queue.o"
arm-none-eabi-gcc "../FreeRTOS/Source/stream_buffer.c" -mcpu=cortex-m4 -std=gnu11 -g3 -DDEBUG -DUSE_HAL_DRIVER -DSTM32L4R5xx -c -I../Core/Inc -I../Drivers/STM32L4xx_HAL_Driver/Inc -I../Drivers/STM32L4xx_HAL_Driver/Inc/Legacy -I../Drivers/CMSIS/Device/ST/STM32L4xx/Include -I../Drivers/CMSIS/Include -I"D:/RAVI/STM32_Projects/RTOS_Timers/FreeRTOS/Source/include" -I"D:/RAVI/STM32_Projects/RTOS_Timers/FreeRTOS/Source/portable/GCC/ARM_CM4F" -I"D:/RAVI/STM32_Projects/RTOS_Timers/FreeRTOS/Source/portable/MemMang" -I"D:/RAVI/STM32_Projects/RTOS_Timers/FreeRTOS" -O0 -ffunction-sections -fdata-sections -Wall -fstack-usage -fcyclomatic-complexity -MMD -MP -MF"FreeRTOS/Source/stream_buffer.d" -MT"FreeRTOS/Source/stream_buffer.o" --specs=nano.specs -mfpu=fpv4-sp-d16 -mfloat-abi=hard -mthumb -o "FreeRTOS/Source/stream_buffer.o"
arm-none-eabi-gcc "../FreeRTOS/Source/tasks.c" -mcpu=cortex-m4 -std=gnu11 -g3 -DDEBUG -DUSE_HAL_DRIVER -DSTM32L4R5xx -c -I../Core/Inc -I../Drivers/STM32L4xx_HAL_Driver/Inc -I../Drivers/STM32L4xx_HAL_Driver/Inc/Legacy -I../Drivers/CMSIS/Device/ST/STM32L4xx/Include -I../Drivers/CMSIS/Include -I"D:/RAVI/STM32_Projects/RTOS_Timers/FreeRTOS/Source/include" -I"D:/RAVI/STM32_Projects/RTOS_Timers/FreeRTOS/Source/portable/GCC/ARM_CM4F" -I"D:/RAVI/STM32_Projects/RTOS_Timers/FreeRTOS/Source/portable/MemMang" -I"D:/RAVI/STM32_Projects/RTOS_Timers/FreeRTOS" -O0 -ffunction-sections -fdata-sections -Wall -fstack-usage -fcyclomatic-complexity -MMD -MP -MF"FreeRTOS/Source/tasks.d" -MT"FreeRTOS/Source/tasks.o" --specs=nano.specs -mfpu=fpv4-sp-d16 -mfloat-abi=hard -mthumb -o "FreeRTOS/Source/tasks.o"
arm-none-eabi-gcc "../FreeRTOS/Source/timers.c" -mcpu=cortex-m4 -std=gnu11 -g3 -DDEBUG -DUSE_HAL_DRIVER -DSTM32L4R5xx -c -I../Core/Inc -I../Drivers/STM32L4xx_HAL_Driver/Inc -I../Drivers/STM32L4xx_HAL_Driver/Inc/Legacy -I../Drivers/CMSIS/Device/ST/STM32L4xx/Include -I../Drivers/CMSIS/Include -I"D:/RAVI/STM32_Projects/RTOS_Timers/FreeRTOS/Source/include" -I"D:/RAVI/STM32_Projects/RTOS_Timers/FreeRTOS/Source/portable/GCC/ARM_CM4F" -I"D:/RAVI/STM32_Projects/RTOS_Timers/FreeRTOS/Source/portable/MemMang" -I"D:/RAVI/STM32_Projects/RTOS_Timers/FreeRTOS" -O0 -ffunction-sections -fdata-sections -Wall -fstack-usage -fcyclomatic-complexity -MMD -MP -MF"FreeRTOS/Source/timers.d" -MT"FreeRTOS/Source/timers.o" --specs=nano.specs -mfpu=fpv4-sp-d16 -mfloat-abi=hard -mthumb -o "FreeRTOS/Source/timers.o"
arm-none-eabi-gcc "../Core/Src/main.c" -mcpu=cortex-m4 -std=gnu11 -g3 -DDEBUG -DUSE_HAL_DRIVER -DSTM32L4R5xx -c -I../Core/Inc -I../Drivers/STM32L4xx_HAL_Driver/Inc -I../Drivers/STM32L4xx_HAL_Driver/Inc/Legacy -I../Drivers/CMSIS/Device/ST/STM32L4xx/Include -I../Drivers/CMSIS/Include -I"D:/RAVI/STM32_Projects/RTOS_Timers/FreeRTOS/Source/include" -I"D:/RAVI/STM32_Projects/RTOS_Timers/FreeRTOS/Source/portable/GCC/ARM_CM4F" -I"D:/RAVI/STM32_Projects/RTOS_Timers/FreeRTOS/Source/portable/MemMang" -I"D:/RAVI/STM32_Projects/RTOS_Timers/FreeRTOS" -O0 -ffunction-sections -fdata-sections -Wall -fstack-usage -fcyclomatic-complexity -MMD -MP -MF"Core/Src/main.d" -MT"Core/Src/main.o" --specs=nano.specs -mfpu=fpv4-sp-d16 -mfloat-abi=hard -mthumb -o "Core/Src/main.o"
arm-none-eabi-gcc -o "RTOS_Timers.elf" @"objects.list"   -mcpu=cortex-m4 -T"D:\RAVI\STM32_Projects\RTOS_Timers\STM32L4R5ZITX_FLASH.ld" --specs=nosys.specs -Wl,-Map="RTOS_Timers.map" -Wl,--gc-sections -static --specs=nano.specs -mfpu=fpv4-sp-d16 -mfloat-abi=hard -mthumb -Wl,--start-group -lc -lm -Wl,--end-group
Finished building target: RTOS_Timers.elf
 
arm-none-eabi-size  RTOS_Timers.elf 
arm-none-eabi-objdump -h -S RTOS_Timers.elf  > "RTOS_Timers.list"
   text	   data	    bss	    dec	    hex	filename
  26368	     24	 125032	 151424	  24f80	RTOS_Timers.elf
Finished building: default.size.stdout
 
Finished building: RTOS_Timers.list
 
