17:22:09 **** Incremental Build of configuration Debug for project RTOS_TASK_SUSP_RES ****
make -j8 all 
arm-none-eabi-gcc "../Core/Src/main.c" -mcpu=cortex-m4 -std=gnu11 -g3 -DDEBUG -DUSE_HAL_DRIVER -DSTM32L4R5xx -c -I../Core/Inc -I../Drivers/STM32L4xx_HAL_Driver/Inc -I../Drivers/STM32L4xx_HAL_Driver/Inc/Legacy -I../Drivers/CMSIS/Device/ST/STM32L4xx/Include -I../Drivers/CMSIS/Include -I"D:/RAVI/STM32_Projects/RTOS_TASK_SUSP_RES/FreeRTOS/Source/include" -I"D:/RAVI/STM32_Projects/RTOS_TASK_SUSP_RES/FreeRTOS/Source/portable/GCC/ARM_CM4F" -I"D:/RAVI/STM32_Projects/RTOS_TASK_SUSP_RES/FreeRTOS/Source/portable/MemMang" -I"D:/RAVI/STM32_Projects/RTOS_TASK_SUSP_RES/FreeRTOS" -O0 -ffunction-sections -fdata-sections -Wall -fstack-usage -fcyclomatic-complexity -MMD -MP -MF"Core/Src/main.d" -MT"Core/Src/main.o" --specs=nano.specs -mfpu=fpv4-sp-d16 -mfloat-abi=hard -mthumb -o "Core/Src/main.o"
arm-none-eabi-gcc -o "RTOS_TASK_SUSP_RES.elf" @"objects.list"   -mcpu=cortex-m4 -T"D:\RAVI\STM32_Projects\RTOS_TASK_SUSP_RES\STM32L4R5ZITX_FLASH.ld" --specs=nosys.specs -Wl,-Map="RTOS_TASK_SUSP_RES.map" -Wl,--gc-sections -static --specs=nano.specs -mfpu=fpv4-sp-d16 -mfloat-abi=hard -mthumb -Wl,--start-group -lc -lm -Wl,--end-group
Finished building target: RTOS_TASK_SUSP_RES.elf
 
arm-none-eabi-size  RTOS_TASK_SUSP_RES.elf 
arm-none-eabi-objdump -h -S RTOS_TASK_SUSP_RES.elf  > "RTOS_TASK_SUSP_RES.list"
   text	   data	    bss	    dec	    hex	filename
  26684	     28	 125116	 151828	  25114	RTOS_TASK_SUSP_RES.elf
Finished building: default.size.stdout
 
Finished building: RTOS_TASK_SUSP_RES.list
 

17:22:10 Build Finished. 0 errors, 0 warnings. (took 1s.120ms)

