10:54:16 **** Incremental Build of configuration Debug for project RTOS_Timers ****
make -j8 all 
arm-none-eabi-gcc "../FreeRTOS/Source/portable/MemMang/heap_4.c" -mcpu=cortex-m4 -std=gnu11 -g3 -DDEBUG -DUSE_HAL_DRIVER -DSTM32L4R5xx -c -I../Core/Inc -I../Drivers/STM32L4xx_HAL_Driver/Inc -I../Drivers/STM32L4xx_HAL_Driver/Inc/Legacy -I../Drivers/CMSIS/Device/ST/STM32L4xx/Include -I../Drivers/CMSIS/Include -I"D:/RAVI/STM32_Projects/RTOS_Timers/FreeRTOS/Source/include" -I"D:/RAVI/STM32_Projects/RTOS_Timers/FreeRTOS/Source/portable/GCC/ARM_CM4F" -I"D:/RAVI/STM32_Projects/RTOS_Timers/FreeRTOS/Source/portable/MemMang" -I"D:/RAVI/STM32_Projects/RTOS_Timers/FreeRTOS" -O0 -ffunction-sections -fdata-sections -Wall -fstack-usage -fcyclomatic-complexity -MMD -MP -MF"FreeRTOS/Source/portable/MemMang/heap_4.d" -MT"FreeRTOS/Source/portable/MemMang/heap_4.o" --specs=nano.specs -mfpu=fpv4-sp-d16 -mfloat-abi=hard -mthumb -o "FreeRTOS/Source/portable/MemMang/heap_4.o"
arm-none-eabi-gcc "../FreeRTOS/Source/portable/GCC/ARM_CM4F/port.c" -mcpu=cortex-m4 -std=gnu11 -g3 -DDEBUG -DUSE_HAL_DRIVER -DSTM32L4R5xx -c -I../Core/Inc -I../Drivers/STM32L4xx_HAL_Driver/Inc -I../Drivers/STM32L4xx_HAL_Driver/Inc/Legacy -I../Drivers/CMSIS/Device/ST/STM32L4xx/Include -I../Drivers/CMSIS/Include -I"D:/RAVI/STM32_Projects/RTOS_Timers/FreeRTOS/Source/include" -I"D:/RAVI/STM32_Projects/RTOS_Timers/FreeRTOS/Source/portable/GCC/ARM_CM4F" -I"D:/RAVI/STM32_Projects/RTOS_Timers/FreeRTOS/Source/portable/MemMang" -I"D:/RAVI/STM32_Projects/RTOS_Timers/FreeRTOS" -O0 -ffunction-sections -fdata-sections -Wall -fstack-usage -fcyclomatic-complexity -MMD -MP -MF"FreeRTOS/Source/portable/GCC/ARM_CM4F/port.d" -MT"FreeRTOS/Source/portable/GCC/ARM_CM4F/port.o" --specs=nano.specs -mfpu=fpv4-sp-d16 -mfloat-abi=hard -mthumb -o "FreeRTOS/Source/portable/GCC/ARM_CM4F/port.o"
arm-none-eabi-gcc "../FreeRTOS/Source/croutine.c" -mcpu=cortex-m4 -std=gnu11 -g3 -DDEBUG -DUSE_HAL_DRIVER -DSTM32L4R5xx -c -I../Core/Inc -I../Drivers/STM32L4xx_HAL_Driver/Inc -I../Drivers/STM32L4xx_HAL_Driver/Inc/Legacy -I../Drivers/CMSIS/Device/ST/STM32L4xx/Include -I../Drivers/CMSIS/Include -I"D:/RAVI/STM32_Projects/RTOS_Timers/FreeRTOS/Source/include" -I"D:/RAVI/STM32_Projects/RTOS_Timers/FreeRTOS/Source/portable/GCC/ARM_CM4F" -I"D:/RAVI/STM32_Projects/RTOS_Timers/FreeRTOS/Source/portable/MemMang" -I"D:/RAVI/STM32_Projects/RTOS_Timers/FreeRTOS" -O0 -ffunction-sections -fdata-sections -Wall -fstack-usage -fcyclomatic-complexity -MMD -MP -MF"FreeRTOS/Source/croutine.d" -MT"FreeRTOS/Source/croutine.o" --specs=nano.specs -mfpu=fpv4-sp-d16 -mfloat-abi=hard -mthumb -o "FreeRTOS/Source/croutine.o"
arm-none-eabi-gcc "../FreeRTOS/Source/event_groups.c" -mcpu=cortex-m4 -std=gnu11 -g3 -DDEBUG -DUSE_HAL_DRIVER -DSTM32L4R5xx -c -I../Core/Inc -I../Drivers/STM32L4xx_HAL_Driver/Inc -I../Drivers/STM32L4xx_HAL_Driver/Inc/Legacy -I../Drivers/CMSIS/Device/ST/STM32L4xx/Include -I../Drivers/CMSIS/Include -I"D:/RAVI/STM32_Projects/RTOS_Timers/FreeRTOS/Source/include" -I"D:/RAVI/STM32_Projects/RTOS_Timers/FreeRTOS/Source/portable/GCC/ARM_CM4F" -I"D:/RAVI/STM32_Projects/RTOS_Timers/FreeRTOS/Source/portable/MemMang" -I"D:/RAVI/STM32_Projects/RTOS_Timers/FreeRTOS" -O0 -ffunction-sections -fdata-sections -Wall -fstack-usage -fcyclomatic-complexity -MMD -MP -MF"FreeRTOS/Source/event_groups.d" -MT"FreeRTOS/Source/event_groups.o" --specs=nano.specs -mfpu=fpv4-sp-d16 -mfloat-abi=hard -mthumb -o "FreeRTOS/Source/event_groups.o"
arm-none-eabi-gcc "../FreeRTOS/Source/list.c" -mcpu=cortex-m4 -std=gnu11 -g3 -DDEBUG -DUSE_HAL_DRIVER -DSTM32L4R5xx -c -I../Core/Inc -I../Drivers/STM32L4xx_HAL_Driver/Inc -I../Drivers/STM32L4xx_HAL_Driver/Inc/Legacy -I../Drivers/CMSIS/Device/ST/STM32L4xx/Include -I../Drivers/CMSIS/Include -I"D:/RAVI/STM32_Projects/RTOS_Timers/FreeRTOS/Source/include" -I"D:/RAVI/STM32_Projects/RTOS_Timers/FreeRTOS/Source/portable/GCC/ARM_CM4F" -I"D:/RAVI/STM32_Projects/RTOS_Timers/FreeRTOS/Source/portable/MemMang" -I"D:/RAVI/STM32_Projects/RTOS_Timers/FreeRTOS" -O0 -ffunction-sections -fdata-sections -Wall -fstack-usage -fcyclomatic-complexity -MMD -MP -MF"FreeRTOS/Source/list.d" -MT"FreeRTOS/Source/list.o" --specs=nano.specs -mfpu=fpv4-sp-d16 -mfloat-abi=hard -mthumb -o "FreeRTOS/Source/list.o"
arm-none-eabi-gcc "../FreeRTOS/Source/queue.c" -mcpu=cortex-m4 -std=gnu11 -g3 -DDEBUG -DUSE_HAL_DRIVER -DSTM32L4R5xx -c -I../Core/Inc -I../Drivers/STM32L4xx_HAL_Driver/Inc -I../Drivers/STM32L4xx_HAL_Driver/Inc/Legacy -I../Drivers/CMSIS/Device/ST/STM32L4xx/Include -I../Drivers/CMSIS/Include -I"D:/RAVI/STM32_Projects/RTOS_Timers/FreeRTOS/Source/include" -I"D:/RAVI/STM32_Projects/RTOS_Timers/FreeRTOS/Source/portable/GCC/ARM_CM4F" -I"D:/RAVI/STM32_Projects/RTOS_Timers/FreeRTOS/Source/portable/MemMang" -I"D:/RAVI/STM32_Projects/RTOS_Timers/FreeRTOS" -O0 -ffunction-sections -fdata-sections -Wall -fstack-usage -fcyclomatic-complexity -MMD -MP -MF"FreeRTOS/Source/queue.d" -MT"FreeRTOS/Source/queue.o" --specs=nano.specs -mfpu=fpv4-sp-d16 -mfloat-abi=hard -mthumb -o "FreeRTOS/Source/queue.o"
arm-none-eabi-gcc "../FreeRTOS/Source/stream_buffer.c" -mcpu=cortex-m4 -std=gnu11 -g3 -DDEBUG -DUSE_HAL_DRIVER -DSTM32L4R5xx -c -I../Core/Inc -I../Drivers/STM32L4xx_HAL_Driver/Inc -I../Drivers/STM32L4xx_HAL_Driver/Inc/Legacy -I../Drivers/CMSIS/Device/ST/STM32L4xx/Include -I../Drivers/CMSIS/Include -I"D:/RAVI/STM32_Projects/RTOS_Timers/FreeRTOS/Source/include" -I"D:/RAVI/STM32_Projects/RTOS_Timers/FreeRTOS/Source/portable/GCC/ARM_CM4F" -I"D:/RAVI/STM32_Projects/RTOS_Timers/FreeRTOS/Source/portable/MemMang" -I"D:/RAVI/STM32_Projects/RTOS_Timers/FreeRTOS" -O0 -ffunction-sections -fdata-sections -Wall -fstack-usage -fcyclomatic-complexity -MMD -MP -MF"FreeRTOS/Source/stream_buffer.d" -MT"FreeRTOS/Source/stream_buffer.o" --specs=nano.specs -mfpu=fpv4-sp-d16 -mfloat-abi=hard -mthumb -o "FreeRTOS/Source/stream_buffer.o"
arm-none-eabi-gcc "../FreeRTOS/Source/tasks.c" -mcpu=cortex-m4 -std=gnu11 -g3 -DDEBUG -DUSE_HAL_DRIVER -DSTM32L4R5xx -c -I../Core/Inc -I../Drivers/STM32L4xx_HAL_Driver/Inc -I../Drivers/STM32L4xx_HAL_Driver/Inc/Legacy -I../Drivers/CMSIS/Device/ST/STM32L4xx/Include -I../Drivers/CMSIS/Include -I"D:/RAVI/STM32_Projects/RTOS_Timers/FreeRTOS/Source/include" -I"D:/RAVI/STM32_Projects/RTOS_Timers/FreeRTOS/Source/portable/GCC/ARM_CM4F" -I"D:/RAVI/STM32_Projects/RTOS_Timers/FreeRTOS/Source/portable/MemMang" -I"D:/RAVI/STM32_Projects/RTOS_Timers/FreeRTOS" -O0 -ffunction-sections -fdata-sections -Wall -fstack-usage -fcyclomatic-complexity -MMD -MP -MF"FreeRTOS/Source/tasks.d" -MT"FreeRTOS/Source/tasks.o" --specs=nano.specs -mfpu=fpv4-sp-d16 -mfloat-abi=hard -mthumb -o "FreeRTOS/Source/tasks.o"
arm-none-eabi-gcc "../FreeRTOS/Source/timers.c" -mcpu=cortex-m4 -std=gnu11 -g3 -DDEBUG -DUSE_HAL_DRIVER -DSTM32L4R5xx -c -I../Core/Inc -I../Drivers/STM32L4xx_HAL_Driver/Inc -I../Drivers/STM32L4xx_HAL_Driver/Inc/Legacy -I../Drivers/CMSIS/Device/ST/STM32L4xx/Include -I../Drivers/CMSIS/Include -I"D:/RAVI/STM32_Projects/RTOS_Timers/FreeRTOS/Source/include" -I"D:/RAVI/STM32_Projects/RTOS_Timers/FreeRTOS/Source/portable/GCC/ARM_CM4F" -I"D:/RAVI/STM32_Projects/RTOS_Timers/FreeRTOS/Source/portable/MemMang" -I"D:/RAVI/STM32_Projects/RTOS_Timers/FreeRTOS" -O0 -ffunction-sections -fdata-sections -Wall -fstack-usage -fcyclomatic-complexity -MMD -MP -MF"FreeRTOS/Source/timers.d" -MT"FreeRTOS/Source/timers.o" --specs=nano.specs -mfpu=fpv4-sp-d16 -mfloat-abi=hard -mthumb -o "FreeRTOS/Source/timers.o"
arm-none-eabi-gcc "../Core/Src/main.c" -mcpu=cortex-m4 -std=gnu11 -g3 -DDEBUG -DUSE_HAL_DRIVER -DSTM32L4R5xx -c -I../Core/Inc -I../Drivers/STM32L4xx_HAL_Driver/Inc -I../Drivers/STM32L4xx_HAL_Driver/Inc/Legacy -I../Drivers/CMSIS/Device/ST/STM32L4xx/Include -I../Drivers/CMSIS/Include -I"D:/RAVI/STM32_Projects/RTOS_Timers/FreeRTOS/Source/include" -I"D:/RAVI/STM32_Projects/RTOS_Timers/FreeRTOS/Source/portable/GCC/ARM_CM4F" -I"D:/RAVI/STM32_Projects/RTOS_Timers/FreeRTOS/Source/portable/MemMang" -I"D:/RAVI/STM32_Projects/RTOS_Timers/FreeRTOS" -O0 -ffunction-sections -fdata-sections -Wall -fstack-usage -fcyclomatic-complexity -MMD -MP -MF"Core/Src/main.d" -MT"Core/Src/main.o" --specs=nano.specs -mfpu=fpv4-sp-d16 -mfloat-abi=hard -mthumb -o "Core/Src/main.o"
arm-none-eabi-gcc -o "RTOS_Timers.elf" @"objects.list"   -mcpu=cortex-m4 -T"D:\RAVI\STM32_Projects\RTOS_Timers\STM32L4R5ZITX_FLASH.ld" --specs=nosys.specs -Wl,-Map="RTOS_Timers.map" -Wl,--gc-sections -static --specs=nano.specs -mfpu=fpv4-sp-d16 -mfloat-abi=hard -mthumb -Wl,--start-group -lc -lm -Wl,--end-group
Finished building target: RTOS_Timers.elf
 
arm-none-eabi-size  RTOS_Timers.elf 
arm-none-eabi-objdump -h -S RTOS_Timers.elf  > "RTOS_Timers.list"
   text	   data	    bss	    dec	    hex	filename
  26368	     24	 125032	 151424	  24f80	RTOS_Timers.elf
Finished building: default.size.stdout
 
Finished building: RTOS_Timers.list
 

10:54:17 Build Finished. 0 errors, 0 warnings. (took 1s.524ms)

